Archive member included to satisfy reference by file (symbol)

c:/st/stm32cubeide_1.0.2/stm32cubeide/plugins/com.st.stm32cube.ide.mcu.externaltools.gnu-tools-for-stm32.10.3-2021.10.win32_1.0.0.202111181127/tools/bin/../lib/gcc/arm-none-eabi/10.3.1/../../../../arm-none-eabi/lib/thumb/v7-m/nofp\libstdc++_nano.a(guard.o)
                              ./MacroKeyboard/Main/Src/macro_keyboard.o (__cxa_guard_acquire)
c:/st/stm32cubeide_1.0.2/stm32cubeide/plugins/com.st.stm32cube.ide.mcu.externaltools.gnu-tools-for-stm32.10.3-2021.10.win32_1.0.0.202111181127/tools/bin/../lib/gcc/arm-none-eabi/10.3.1/../../../../arm-none-eabi/lib/thumb/v7-m/nofp\libstdc++_nano.a(new_op.o)
                              ./MacroKeyboard/Macro/Src/macro_executor.o (operator new(unsigned int))
c:/st/stm32cubeide_1.0.2/stm32cubeide/plugins/com.st.stm32cube.ide.mcu.externaltools.gnu-tools-for-stm32.10.3-2021.10.win32_1.0.0.202111181127/tools/bin/../lib/gcc/arm-none-eabi/10.3.1/../../../../arm-none-eabi/lib/thumb/v7-m/nofp\libstdc++_nano.a(new_handler.o)
                              c:/st/stm32cubeide_1.0.2/stm32cubeide/plugins/com.st.stm32cube.ide.mcu.externaltools.gnu-tools-for-stm32.10.3-2021.10.win32_1.0.0.202111181127/tools/bin/../lib/gcc/arm-none-eabi/10.3.1/../../../../arm-none-eabi/lib/thumb/v7-m/nofp\libstdc++_nano.a(new_op.o) (std::get_new_handler())
c:/st/stm32cubeide_1.0.2/stm32cubeide/plugins/com.st.stm32cube.ide.mcu.externaltools.gnu-tools-for-stm32.10.3-2021.10.win32_1.0.0.202111181127/tools/bin/../lib/gcc/arm-none-eabi/10.3.1/../../../../arm-none-eabi/lib/thumb/v7-m/nofp\libc_nano.a(lib_a-abort.o)
                              c:/st/stm32cubeide_1.0.2/stm32cubeide/plugins/com.st.stm32cube.ide.mcu.externaltools.gnu-tools-for-stm32.10.3-2021.10.win32_1.0.0.202111181127/tools/bin/../lib/gcc/arm-none-eabi/10.3.1/../../../../arm-none-eabi/lib/thumb/v7-m/nofp\libstdc++_nano.a(new_op.o) (abort)
c:/st/stm32cubeide_1.0.2/stm32cubeide/plugins/com.st.stm32cube.ide.mcu.externaltools.gnu-tools-for-stm32.10.3-2021.10.win32_1.0.0.202111181127/tools/bin/../lib/gcc/arm-none-eabi/10.3.1/../../../../arm-none-eabi/lib/thumb/v7-m/nofp\libc_nano.a(lib_a-errno.o)
                              ./Core/Src/syscalls.o (__errno)
c:/st/stm32cubeide_1.0.2/stm32cubeide/plugins/com.st.stm32cube.ide.mcu.externaltools.gnu-tools-for-stm32.10.3-2021.10.win32_1.0.0.202111181127/tools/bin/../lib/gcc/arm-none-eabi/10.3.1/../../../../arm-none-eabi/lib/thumb/v7-m/nofp\libc_nano.a(lib_a-exit.o)
                              c:/st/stm32cubeide_1.0.2/stm32cubeide/plugins/com.st.stm32cube.ide.mcu.externaltools.gnu-tools-for-stm32.10.3-2021.10.win32_1.0.0.202111181127/tools/bin/../lib/gcc/arm-none-eabi/10.3.1/../../../../arm-none-eabi/lib/thumb/v7-m/nofp/crt0.o (exit)
c:/st/stm32cubeide_1.0.2/stm32cubeide/plugins/com.st.stm32cube.ide.mcu.externaltools.gnu-tools-for-stm32.10.3-2021.10.win32_1.0.0.202111181127/tools/bin/../lib/gcc/arm-none-eabi/10.3.1/../../../../arm-none-eabi/lib/thumb/v7-m/nofp\libc_nano.a(lib_a-impure.o)
                              c:/st/stm32cubeide_1.0.2/stm32cubeide/plugins/com.st.stm32cube.ide.mcu.externaltools.gnu-tools-for-stm32.10.3-2021.10.win32_1.0.0.202111181127/tools/bin/../lib/gcc/arm-none-eabi/10.3.1/../../../../arm-none-eabi/lib/thumb/v7-m/nofp\libc_nano.a(lib_a-exit.o) (_global_impure_ptr)
c:/st/stm32cubeide_1.0.2/stm32cubeide/plugins/com.st.stm32cube.ide.mcu.externaltools.gnu-tools-for-stm32.10.3-2021.10.win32_1.0.0.202111181127/tools/bin/../lib/gcc/arm-none-eabi/10.3.1/../../../../arm-none-eabi/lib/thumb/v7-m/nofp\libc_nano.a(lib_a-init.o)
                              c:/st/stm32cubeide_1.0.2/stm32cubeide/plugins/com.st.stm32cube.ide.mcu.externaltools.gnu-tools-for-stm32.10.3-2021.10.win32_1.0.0.202111181127/tools/bin/../lib/gcc/arm-none-eabi/10.3.1/../../../../arm-none-eabi/lib/thumb/v7-m/nofp/crt0.o (__libc_init_array)
c:/st/stm32cubeide_1.0.2/stm32cubeide/plugins/com.st.stm32cube.ide.mcu.externaltools.gnu-tools-for-stm32.10.3-2021.10.win32_1.0.0.202111181127/tools/bin/../lib/gcc/arm-none-eabi/10.3.1/../../../../arm-none-eabi/lib/thumb/v7-m/nofp\libc_nano.a(lib_a-malloc.o)
                              c:/st/stm32cubeide_1.0.2/stm32cubeide/plugins/com.st.stm32cube.ide.mcu.externaltools.gnu-tools-for-stm32.10.3-2021.10.win32_1.0.0.202111181127/tools/bin/../lib/gcc/arm-none-eabi/10.3.1/../../../../arm-none-eabi/lib/thumb/v7-m/nofp\libstdc++_nano.a(new_op.o) (malloc)
c:/st/stm32cubeide_1.0.2/stm32cubeide/plugins/com.st.stm32cube.ide.mcu.externaltools.gnu-tools-for-stm32.10.3-2021.10.win32_1.0.0.202111181127/tools/bin/../lib/gcc/arm-none-eabi/10.3.1/../../../../arm-none-eabi/lib/thumb/v7-m/nofp\libc_nano.a(lib_a-memcpy-stub.o)
                              ./MacroKeyboard/HidKeyboard/Src/hid_keyboard_state_util.o (memcpy)
[...]
Memory Configuration

Name             Origin             Length             Attributes
RAM              0x0000000020000000 0x0000000000005000 xrw
FLASH            0x0000000008000000 0x0000000000010000 xr
*default*        0x0000000000000000 0xffffffffffffffff

Linker script and memory map

LOAD c:/st/stm32cubeide_1.0.2/stm32cubeide/plugins/com.st.stm32cube.ide.mcu.externaltools.gnu-tools-for-stm32.10.3-2021.10.win32_1.0.0.202111181127/tools/bin/../lib/gcc/arm-none-eabi/10.3.1/thumb/v7-m/nofp/crti.o
LOAD c:/st/stm32cubeide_1.0.2/stm32cubeide/plugins/com.st.stm32cube.ide.mcu.externaltools.gnu-tools-for-stm32.10.3-2021.10.win32_1.0.0.202111181127/tools/bin/../lib/gcc/arm-none-eabi/10.3.1/thumb/v7-m/nofp/crtbegin.o
LOAD c:/st/stm32cubeide_1.0.2/stm32cubeide/plugins/com.st.stm32cube.ide.mcu.externaltools.gnu-tools-for-stm32.10.3-2021.10.win32_1.0.0.202111181127/tools/bin/../lib/gcc/arm-none-eabi/10.3.1/../../../../arm-none-eabi/lib/thumb/v7-m/nofp/crt0.o
LOAD ./Core/Src/keyboard_driver.o
LOAD ./Core/Src/main.o
LOAD ./Core/Src/stm32f1xx_hal_msp.o
LOAD ./Core/Src/stm32f1xx_it.o
LOAD ./Core/Src/syscalls.o
LOAD ./Core/Src/sysmem.o
LOAD ./Core/Src/system_stm32f1xx.o
LOAD ./Core/Startup/startup_stm32f103c8tx.o
LOAD ./Drivers/STM32F1xx_HAL_Driver/Src/stm32f1xx_hal.o
LOAD ./Drivers/STM32F1xx_HAL_Driver/Src/stm32f1xx_hal_cortex.o
LOAD ./Drivers/STM32F1xx_HAL_Driver/Src/stm32f1xx_hal_dma.o
LOAD ./Drivers/STM32F1xx_HAL_Driver/Src/stm32f1xx_hal_exti.o
LOAD ./Drivers/STM32F1xx_HAL_Driver/Src/stm32f1xx_hal_flash.o
LOAD ./Drivers/STM32F1xx_HAL_Driver/Src/stm32f1xx_hal_flash_ex.o
LOAD ./Drivers/STM32F1xx_HAL_Driver/Src/stm32f1xx_hal_gpio.o
LOAD ./Drivers/STM32F1xx_HAL_Driver/Src/stm32f1xx_hal_gpio_ex.o
LOAD ./Drivers/STM32F1xx_HAL_Driver/Src/stm32f1xx_hal_pcd.o
LOAD ./Drivers/STM32F1xx_HAL_Driver/Src/stm32f1xx_hal_pcd_ex.o
LOAD ./Drivers/STM32F1xx_HAL_Driver/Src/stm32f1xx_hal_pwr.o
LOAD ./Drivers/STM32F1xx_HAL_Driver/Src/stm32f1xx_hal_rcc.o
LOAD ./Drivers/STM32F1xx_HAL_Driver/Src/stm32f1xx_hal_rcc_ex.o
LOAD ./Drivers/STM32F1xx_HAL_Driver/Src/stm32f1xx_hal_tim.o
LOAD ./Drivers/STM32F1xx_HAL_Driver/Src/stm32f1xx_hal_tim_ex.o
LOAD ./Drivers/STM32F1xx_HAL_Driver/Src/stm32f1xx_hal_uart.o
LOAD ./Drivers/STM32F1xx_HAL_Driver/Src/stm32f1xx_ll_usb.o
LOAD ./Flash/Src/flash_access.o
LOAD ./MacroKeyboard/AsciiToHidTranscoder/Src/ascii_to_hid.o
LOAD ./MacroKeyboard/HidKeyboard/Src/hid_keyboard_state.o
LOAD ./MacroKeyboard/HidKeyboard/Src/hid_keyboard_state_util.o
LOAD ./MacroKeyboard/Macro/Src/macro_command_handler.o
LOAD ./MacroKeyboard/Macro/Src/macro_executor.o
LOAD ./MacroKeyboard/Macro/Src/macro_finder.o
LOAD ./MacroKeyboard/Macro/Src/macro_util.o
LOAD ./MacroKeyboard/Main/Src/macro_keyboard.o
LOAD ./MacroKeyboard/Memory/Src/memory_reader.o
LOAD ./MacroKeyboard/Memory/Src/relative_memory_access.o
LOAD ./MacroKeyboard/Ps2Keyboard/Src/ps2_keyboard_reader.o
LOAD ./MacroKeyboard/Ps2ToHidTranscoder/Src/ps2_hid_map.o
LOAD ./MacroKeyboard/Ps2ToHidTranscoder/Src/ps2_to_hid_transcoder.o
LOAD ./MacroKeyboard/Timer/Src/delay_util.o
LOAD ./Middlewares/ST/STM32_USB_Device_Library/Class/HID/Src/usbd_hid.o
LOAD ./Middlewares/ST/STM32_USB_Device_Library/Core/Src/usbd_core.o
LOAD ./Middlewares/ST/STM32_USB_Device_Library/Core/Src/usbd_ctlreq.o
LOAD ./Middlewares/ST/STM32_USB_Device_Library/Core/Src/usbd_ioreq.o
LOAD ./USB_DEVICE/App/usb_device.o
LOAD ./USB_DEVICE/App/usbd_desc.o
LOAD ./USB_DEVICE/Target/usbd_conf.o
START GROUP
LOAD c:/st/stm32cubeide_1.0.2/stm32cubeide/plugins/com.st.stm32cube.ide.mcu.externaltools.gnu-tools-for-stm32.10.3-2021.10.win32_1.0.0.202111181127/tools/bin/../lib/gcc/arm-none-eabi/10.3.1/../../../../arm-none-eabi/lib/thumb/v7-m/nofp\libstdc++_nano.a
LOAD c:/st/stm32cubeide_1.0.2/stm32cubeide/plugins/com.st.stm32cube.ide.mcu.externaltools.gnu-tools-for-stm32.10.3-2021.10.win32_1.0.0.202111181127/tools/bin/../lib/gcc/arm-none-eabi/10.3.1/../../../../arm-none-eabi/lib/thumb/v7-m/nofp\libsupc++_nano.a
END GROUP
LOAD c:/st/stm32cubeide_1.0.2/stm32cubeide/plugins/com.st.stm32cube.ide.mcu.externaltools.gnu-tools-for-stm32.10.3-2021.10.win32_1.0.0.202111181127/tools/bin/../lib/gcc/arm-none-eabi/10.3.1/../../../../arm-none-eabi/lib/thumb/v7-m/nofp\libstdc++_nano.a
LOAD c:/st/stm32cubeide_1.0.2/stm32cubeide/plugins/com.st.stm32cube.ide.mcu.externaltools.gnu-tools-for-stm32.10.3-2021.10.win32_1.0.0.202111181127/tools/bin/../lib/gcc/arm-none-eabi/10.3.1/../../../../arm-none-eabi/lib/thumb/v7-m/nofp\libm.a
LOAD c:/st/stm32cubeide_1.0.2/stm32cubeide/plugins/com.st.stm32cube.ide.mcu.externaltools.gnu-tools-for-stm32.10.3-2021.10.win32_1.0.0.202111181127/tools/bin/../lib/gcc/arm-none-eabi/10.3.1/../../../../arm-none-eabi/lib/thumb/v7-m/nofp\libc_nano.a
START GROUP
LOAD c:/st/stm32cubeide_1.0.2/stm32cubeide/plugins/com.st.stm32cube.ide.mcu.externaltools.gnu-tools-for-stm32.10.3-2021.10.win32_1.0.0.202111181127/tools/bin/../lib/gcc/arm-none-eabi/10.3.1/thumb/v7-m/nofp\libgcc.a
LOAD c:/st/stm32cubeide_1.0.2/stm32cubeide/plugins/com.st.stm32cube.ide.mcu.externaltools.gnu-tools-for-stm32.10.3-2021.10.win32_1.0.0.202111181127/tools/bin/../lib/gcc/arm-none-eabi/10.3.1/../../../../arm-none-eabi/lib/thumb/v7-m/nofp\libc_nano.a
END GROUP
START GROUP
LOAD c:/st/stm32cubeide_1.0.2/stm32cubeide/plugins/com.st.stm32cube.ide.mcu.externaltools.gnu-tools-for-stm32.10.3-2021.10.win32_1.0.0.202111181127/tools/bin/../lib/gcc/arm-none-eabi/10.3.1/thumb/v7-m/nofp\libgcc.a
LOAD c:/st/stm32cubeide_1.0.2/stm32cubeide/plugins/com.st.stm32cube.ide.mcu.externaltools.gnu-tools-for-stm32.10.3-2021.10.win32_1.0.0.202111181127/tools/bin/../lib/gcc/arm-none-eabi/10.3.1/../../../../arm-none-eabi/lib/thumb/v7-m/nofp\libc_nano.a
LOAD c:/st/stm32cubeide_1.0.2/stm32cubeide/plugins/com.st.stm32cube.ide.mcu.externaltools.gnu-tools-for-stm32.10.3-2021.10.win32_1.0.0.202111181127/tools/bin/../lib/gcc/arm-none-eabi/10.3.1/../../../../arm-none-eabi/lib/thumb/v7-m/nofp\libnosys.a
END GROUP
START GROUP
LOAD c:/st/stm32cubeide_1.0.2/stm32cubeide/plugins/com.st.stm32cube.ide.mcu.externaltools.gnu-tools-for-stm32.10.3-2021.10.win32_1.0.0.202111181127/tools/bin/../lib/gcc/arm-none-eabi/10.3.1/thumb/v7-m/nofp\libgcc.a
LOAD c:/st/stm32cubeide_1.0.2/stm32cubeide/plugins/com.st.stm32cube.ide.mcu.externaltools.gnu-tools-for-stm32.10.3-2021.10.win32_1.0.0.202111181127/tools/bin/../lib/gcc/arm-none-eabi/10.3.1/../../../../arm-none-eabi/lib/thumb/v7-m/nofp\libc_nano.a
LOAD c:/st/stm32cubeide_1.0.2/stm32cubeide/plugins/com.st.stm32cube.ide.mcu.externaltools.gnu-tools-for-stm32.10.3-2021.10.win32_1.0.0.202111181127/tools/bin/../lib/gcc/arm-none-eabi/10.3.1/../../../../arm-none-eabi/lib/thumb/v7-m/nofp\libnosys.a
END GROUP
LOAD c:/st/stm32cubeide_1.0.2/stm32cubeide/plugins/com.st.stm32cube.ide.mcu.externaltools.gnu-tools-for-stm32.10.3-2021.10.win32_1.0.0.202111181127/tools/bin/../lib/gcc/arm-none-eabi/10.3.1/thumb/v7-m/nofp/crtend.o
LOAD c:/st/stm32cubeide_1.0.2/stm32cubeide/plugins/com.st.stm32cube.ide.mcu.externaltools.gnu-tools-for-stm32.10.3-2021.10.win32_1.0.0.202111181127/tools/bin/../lib/gcc/arm-none-eabi/10.3.1/thumb/v7-m/nofp/crtn.o
                0x0000000020005000                _estack = (ORIGIN (RAM) + LENGTH (RAM))
                0x0000000000000200                _Min_Heap_Size = 0x200
                0x0000000000000400                _Min_Stack_Size = 0x400

.isr_vector     0x0000000008000000      0x10c
                0x0000000008000000                . = ALIGN (0x4)
 *(.isr_vector)
 .isr_vector    0x0000000008000000      0x10c ./Core/Startup/startup_stm32f103c8tx.o
                0x0000000008000000                g_pfnVectors
                0x000000000800010c                . = ALIGN (0x4)

.text           0x000000000800010c     0xa0c0
                0x000000000800010c                . = ALIGN (0x4)
 *(.text)
 .text          0x000000000800010c       0x40 c:/st/stm32cubeide_1.0.2/stm32cubeide/plugins/com.st.stm32cube.ide.mcu.externaltools.gnu-tools-for-stm32.10.3-2021.10.win32_1.0.0.202111181127/tools/bin/../lib/gcc/arm-none-eabi/10.3.1/thumb/v7-m/nofp/crtbegin.o
 .text          0x000000000800014c       0x10 c:/st/stm32cubeide_1.0.2/stm32cubeide/plugins/com.st.stm32cube.ide.mcu.externaltools.gnu-tools-for-stm32.10.3-2021.10.win32_1.0.0.202111181127/tools/bin/../lib/gcc/arm-none-eabi/10.3.1/../../../../arm-none-eabi/lib/thumb/v7-m/nofp\libc_nano.a(lib_a-strlen.o)
                0x000000000800014c                strlen
 *(.text*)
 .text.HAL_UART_RxCpltCallback
                0x000000000800015c       0x24 ./Core/Src/keyboard_driver.o
                0x000000000800015c                HAL_UART_RxCpltCallback
 .text._Z18send_report_to_usbPN12keyboard_api14KeyboardReportE
                0x0000000008000180       0x50 ./Core/Src/keyboard_driver.o
                0x0000000008000180                send_report_to_usb(keyboard_api::KeyboardReport*)
 .text.setup    0x00000000080001d0       0x50 ./Core/Src/keyboard_driver.o
                0x00000000080001d0                setup
 .text.loop     0x0000000008000220        0xc ./Core/Src/keyboard_driver.o
                0x0000000008000220                loop
 .text.main     0x000000000800022c       0x48 ./Core/Src/main.o
                0x000000000800022c                main
 .text.SystemClock_Config
                0x0000000008000274       0xb4 ./Core/Src/main.o
                0x0000000008000274                SystemClock_Config
 .text.MX_USART1_UART_Init
                0x0000000008000328       0x54 ./Core/Src/main.o
 .text.MX_USART2_UART_Init
                0x000000000800037c       0x54 ./Core/Src/main.o
 .text.MX_DMA_Init
                0x00000000080003d0       0x3c ./Core/Src/main.o
 .text.MX_GPIO_Init
                0x000000000800040c       0x98 ./Core/Src/main.o
 .text.Error_Handler
                0x00000000080004a4        0xa ./Core/Src/main.o
                0x00000000080004a4                Error_Handler
 *fill*         0x00000000080004ae        0x2 
 .text.HAL_MspInit
                0x00000000080004b0       0x64 ./Core/Src/stm32f1xx_hal_msp.o
                0x00000000080004b0                HAL_MspInit
 .text.HAL_UART_MspInit
                0x0000000008000514      0x16c ./Core/Src/stm32f1xx_hal_msp.o
                0x0000000008000514                HAL_UART_MspInit
 .text.NMI_Handler
                0x0000000008000680        0x6 ./Core/Src/stm32f1xx_it.o
                0x0000000008000680                NMI_Handler
 .text.HardFault_Handler
                0x0000000008000686        0x6 ./Core/Src/stm32f1xx_it.o
                0x0000000008000686                HardFault_Handler
 .text.MemManage_Handler
                0x000000000800068c        0x6 ./Core/Src/stm32f1xx_it.o
                0x000000000800068c                MemManage_Handler
 .text.BusFault_Handler
                0x0000000008000692        0x6 ./Core/Src/stm32f1xx_it.o
                0x0000000008000692                BusFault_Handler
 .text.UsageFault_Handler
                0x0000000008000698        0x6 ./Core/Src/stm32f1xx_it.o
                0x0000000008000698                UsageFault_Handler
 .text.SVC_Handler
                0x000000000800069e        0xc ./Core/Src/stm32f1xx_it.o
                0x000000000800069e                SVC_Handler
 .text.DebugMon_Handler
                0x00000000080006aa        0xc ./Core/Src/stm32f1xx_it.o
                0x00000000080006aa                DebugMon_Handler
 .text.PendSV_Handler
                0x00000000080006b6        0xc ./Core/Src/stm32f1xx_it.o
                0x00000000080006b6                PendSV_Handler
 .text.SysTick_Handler
                0x00000000080006c2        0xc ./Core/Src/stm32f1xx_it.o
                0x00000000080006c2                SysTick_Handler
 *fill*         0x00000000080006ce        0x2 
 .text.DMA1_Channel5_IRQHandler
                0x00000000080006d0       0x14 ./Core/Src/stm32f1xx_it.o
                0x00000000080006d0                DMA1_Channel5_IRQHandler
 .text.USB_LP_CAN1_RX0_IRQHandler
                0x00000000080006e4       0x14 ./Core/Src/stm32f1xx_it.o
                0x00000000080006e4                USB_LP_CAN1_RX0_IRQHandler
 .text.USART2_IRQHandler
                0x00000000080006f8       0x14 ./Core/Src/stm32f1xx_it.o
                0x00000000080006f8                USART2_IRQHandler
 .text._getpid  0x000000000800070c        0xe ./Core/Src/syscalls.o
                0x000000000800070c                _getpid
 .text._kill    0x000000000800071a       0x20 ./Core/Src/syscalls.o
                0x000000000800071a                _kill
 .text._exit    0x000000000800073a       0x14 ./Core/Src/syscalls.o
                0x000000000800073a                _exit
 *fill*         0x000000000800074e        0x2 
 .text._sbrk    0x0000000008000750       0x6c ./Core/Src/sysmem.o
                0x0000000008000750                _sbrk
 .text.SystemInit
                0x00000000080007bc        0xc ./Core/Src/system_stm32f1xx.o
                0x00000000080007bc                SystemInit
 .text.Reset_Handler
                0x00000000080007c8       0x48 ./Core/Startup/startup_stm32f103c8tx.o
                0x00000000080007c8                Reset_Handler
 .text.Default_Handler
                0x0000000008000810        0x2 ./Core/Startup/startup_stm32f103c8tx.o
                0x0000000008000810                RTC_Alarm_IRQHandler
                0x0000000008000810                EXTI2_IRQHandler
                0x0000000008000810                TIM1_CC_IRQHandler
                0x0000000008000810                PVD_IRQHandler
                0x0000000008000810                EXTI3_IRQHandler
                0x0000000008000810                EXTI0_IRQHandler
                0x0000000008000810                I2C2_EV_IRQHandler
                0x0000000008000810                ADC1_2_IRQHandler
                0x0000000008000810                SPI1_IRQHandler
                0x0000000008000810                TAMPER_IRQHandler
                0x0000000008000810                DMA1_Channel4_IRQHandler
                0x0000000008000810                USART3_IRQHandler
                0x0000000008000810                RTC_IRQHandler
                0x0000000008000810                DMA1_Channel7_IRQHandler
                0x0000000008000810                CAN1_RX1_IRQHandler
                0x0000000008000810                TIM4_IRQHandler
                0x0000000008000810                I2C1_EV_IRQHandler
                0x0000000008000810                DMA1_Channel6_IRQHandler
                0x0000000008000810                TIM3_IRQHandler
                0x0000000008000810                RCC_IRQHandler
                0x0000000008000810                TIM1_TRG_COM_IRQHandler
                0x0000000008000810                DMA1_Channel1_IRQHandler
                0x0000000008000810                Default_Handler
                0x0000000008000810                EXTI15_10_IRQHandler
                0x0000000008000810                EXTI9_5_IRQHandler
                0x0000000008000810                SPI2_IRQHandler
                0x0000000008000810                EXTI4_IRQHandler
                0x0000000008000810                USB_HP_CAN1_TX_IRQHandler
                0x0000000008000810                DMA1_Channel3_IRQHandler
                0x0000000008000810                TIM1_UP_IRQHandler
                0x0000000008000810                WWDG_IRQHandler
                0x0000000008000810                TIM2_IRQHandler
                0x0000000008000810                TIM1_BRK_IRQHandler
                0x0000000008000810                EXTI1_IRQHandler
                0x0000000008000810                I2C2_ER_IRQHandler
                0x0000000008000810                DMA1_Channel2_IRQHandler
                0x0000000008000810                CAN1_SCE_IRQHandler
                0x0000000008000810                FLASH_IRQHandler
                0x0000000008000810                USART1_IRQHandler
                0x0000000008000810                I2C1_ER_IRQHandler
                0x0000000008000810                USBWakeUp_IRQHandler
 *fill*         0x0000000008000812        0x2 
 .text.HAL_Init
                0x0000000008000814       0x2c ./Drivers/STM32F1xx_HAL_Driver/Src/stm32f1xx_hal.o
                0x0000000008000814                HAL_Init
 .text.HAL_InitTick
                0x0000000008000840       0x60 ./Drivers/STM32F1xx_HAL_Driver/Src/stm32f1xx_hal.o
                0x0000000008000840                HAL_InitTick
 .text.HAL_IncTick
                0x00000000080008a0       0x24 ./Drivers/STM32F1xx_HAL_Driver/Src/stm32f1xx_hal.o
                0x00000000080008a0                HAL_IncTick
 .text.HAL_GetTick
                0x00000000080008c4       0x14 ./Drivers/STM32F1xx_HAL_Driver/Src/stm32f1xx_hal.o
                0x00000000080008c4                HAL_GetTick
 .text.HAL_Delay
                0x00000000080008d8       0x48 ./Drivers/STM32F1xx_HAL_Driver/Src/stm32f1xx_hal.o
                0x00000000080008d8                HAL_Delay
 .text.__NVIC_SetPriorityGrouping
                0x0000000008000920       0x48 ./Drivers/STM32F1xx_HAL_Driver/Src/stm32f1xx_hal_cortex.o
 .text.__NVIC_GetPriorityGrouping
                0x0000000008000968       0x1c ./Drivers/STM32F1xx_HAL_Driver/Src/stm32f1xx_hal_cortex.o
 .text.__NVIC_EnableIRQ
                0x0000000008000984       0x38 ./Drivers/STM32F1xx_HAL_Driver/Src/stm32f1xx_hal_cortex.o
 .text.__NVIC_SetPriority
                0x00000000080009bc       0x54 ./Drivers/STM32F1xx_HAL_Driver/Src/stm32f1xx_hal_cortex.o
 .text.NVIC_EncodePriority
                0x0000000008000a10       0x64 ./Drivers/STM32F1xx_HAL_Driver/Src/stm32f1xx_hal_cortex.o
 .text.SysTick_Config
                0x0000000008000a74       0x44 ./Drivers/STM32F1xx_HAL_Driver/Src/stm32f1xx_hal_cortex.o
 .text.HAL_NVIC_SetPriorityGrouping
                0x0000000008000ab8       0x16 ./Drivers/STM32F1xx_HAL_Driver/Src/stm32f1xx_hal_cortex.o
                0x0000000008000ab8                HAL_NVIC_SetPriorityGrouping
 .text.HAL_NVIC_SetPriority
                0x0000000008000ace       0x38 ./Drivers/STM32F1xx_HAL_Driver/Src/stm32f1xx_hal_cortex.o
                0x0000000008000ace                HAL_NVIC_SetPriority
 .text.HAL_NVIC_EnableIRQ
                0x0000000008000b06       0x1c ./Drivers/STM32F1xx_HAL_Driver/Src/stm32f1xx_hal_cortex.o
                0x0000000008000b06                HAL_NVIC_EnableIRQ
 .text.HAL_SYSTICK_Config
                0x0000000008000b22       0x18 ./Drivers/STM32F1xx_HAL_Driver/Src/stm32f1xx_hal_cortex.o
                0x0000000008000b22                HAL_SYSTICK_Config
 *fill*         0x0000000008000b3a        0x2 
 .text.HAL_DMA_Init
                0x0000000008000b3c       0xb4 ./Drivers/STM32F1xx_HAL_Driver/Src/stm32f1xx_hal_dma.o
                0x0000000008000b3c                HAL_DMA_Init
 .text.HAL_DMA_Start_IT
                0x0000000008000bf0       0xbe ./Drivers/STM32F1xx_HAL_Driver/Src/stm32f1xx_hal_dma.o
                0x0000000008000bf0                HAL_DMA_Start_IT
 *fill*         0x0000000008000cae        0x2 
 .text.HAL_DMA_Abort_IT
                0x0000000008000cb0       0xec ./Drivers/STM32F1xx_HAL_Driver/Src/stm32f1xx_hal_dma.o
                0x0000000008000cb0                HAL_DMA_Abort_IT
 .text.HAL_DMA_IRQHandler
                0x0000000008000d9c      0x20c ./Drivers/STM32F1xx_HAL_Driver/Src/stm32f1xx_hal_dma.o
                0x0000000008000d9c                HAL_DMA_IRQHandler
 .text.DMA_SetConfig
                0x0000000008000fa8       0x5a ./Drivers/STM32F1xx_HAL_Driver/Src/stm32f1xx_hal_dma.o
 *fill*         0x0000000008001002        0x2 
 .text.HAL_GPIO_Init
                0x0000000008001004      0x308 ./Drivers/STM32F1xx_HAL_Driver/Src/stm32f1xx_hal_gpio.o
                0x0000000008001004                HAL_GPIO_Init
 .text.HAL_GPIO_WritePin
                0x000000000800130c       0x30 ./Drivers/STM32F1xx_HAL_Driver/Src/stm32f1xx_hal_gpio.o
                0x000000000800130c                HAL_GPIO_WritePin
 .text.HAL_PCD_Init
                0x000000000800133c      0x216 ./Drivers/STM32F1xx_HAL_Driver/Src/stm32f1xx_hal_pcd.o
                0x000000000800133c                HAL_PCD_Init
 .text.HAL_PCD_Start
                0x0000000008001552       0x4c ./Drivers/STM32F1xx_HAL_Driver/Src/stm32f1xx_hal_pcd.o
                0x0000000008001552                HAL_PCD_Start
 .text.HAL_PCD_IRQHandler
                0x000000000800159e      0x2a6 ./Drivers/STM32F1xx_HAL_Driver/Src/stm32f1xx_hal_pcd.o
                0x000000000800159e                HAL_PCD_IRQHandler
 .text.HAL_PCD_SetAddress
                0x0000000008001844       0x4a ./Drivers/STM32F1xx_HAL_Driver/Src/stm32f1xx_hal_pcd.o
                0x0000000008001844                HAL_PCD_SetAddress
 .text.HAL_PCD_EP_Open
                0x000000000800188e       0xcc ./Drivers/STM32F1xx_HAL_Driver/Src/stm32f1xx_hal_pcd.o
                0x000000000800188e                HAL_PCD_EP_Open
 .text.HAL_PCD_EP_Close
                0x000000000800195a       0x90 ./Drivers/STM32F1xx_HAL_Driver/Src/stm32f1xx_hal_pcd.o
                0x000000000800195a                HAL_PCD_EP_Close
 .text.HAL_PCD_EP_Receive
                0x00000000080019ea       0x7a ./Drivers/STM32F1xx_HAL_Driver/Src/stm32f1xx_hal_pcd.o
                0x00000000080019ea                HAL_PCD_EP_Receive
 .text.HAL_PCD_EP_Transmit
                0x0000000008001a64       0x86 ./Drivers/STM32F1xx_HAL_Driver/Src/stm32f1xx_hal_pcd.o
                0x0000000008001a64                HAL_PCD_EP_Transmit
 .text.HAL_PCD_EP_SetStall
                0x0000000008001aea       0xc0 ./Drivers/STM32F1xx_HAL_Driver/Src/stm32f1xx_hal_pcd.o
                0x0000000008001aea                HAL_PCD_EP_SetStall
 .text.HAL_PCD_EP_ClrStall
                0x0000000008001baa       0xa8 ./Drivers/STM32F1xx_HAL_Driver/Src/stm32f1xx_hal_pcd.o
                0x0000000008001baa                HAL_PCD_EP_ClrStall
 .text.PCD_EP_ISR_Handler
                0x0000000008001c52      0x5e6 ./Drivers/STM32F1xx_HAL_Driver/Src/stm32f1xx_hal_pcd.o
 .text.HAL_PCD_EP_DB_Receive
                0x0000000008002238      0x21a ./Drivers/STM32F1xx_HAL_Driver/Src/stm32f1xx_hal_pcd.o
 .text.HAL_PCD_EP_DB_Transmit
                0x0000000008002452      0x556 ./Drivers/STM32F1xx_HAL_Driver/Src/stm32f1xx_hal_pcd.o
 .text.HAL_PCDEx_PMAConfig
                0x00000000080029a8       0x84 ./Drivers/STM32F1xx_HAL_Driver/Src/stm32f1xx_hal_pcd_ex.o
                0x00000000080029a8                HAL_PCDEx_PMAConfig
 .text.HAL_RCC_OscConfig
                0x0000000008002a2c      0x504 ./Drivers/STM32F1xx_HAL_Driver/Src/stm32f1xx_hal_rcc.o
                0x0000000008002a2c                HAL_RCC_OscConfig
 .text.HAL_RCC_ClockConfig
                0x0000000008002f30      0x1d4 ./Drivers/STM32F1xx_HAL_Driver/Src/stm32f1xx_hal_rcc.o
                0x0000000008002f30                HAL_RCC_ClockConfig
 .text.HAL_RCC_GetSysClockFreq
                0x0000000008003104       0xbc ./Drivers/STM32F1xx_HAL_Driver/Src/stm32f1xx_hal_rcc.o
                0x0000000008003104                HAL_RCC_GetSysClockFreq
 .text.HAL_RCC_GetHCLKFreq
                0x00000000080031c0       0x14 ./Drivers/STM32F1xx_HAL_Driver/Src/stm32f1xx_hal_rcc.o
                0x00000000080031c0                HAL_RCC_GetHCLKFreq
 .text.HAL_RCC_GetPCLK1Freq
                0x00000000080031d4       0x28 ./Drivers/STM32F1xx_HAL_Driver/Src/stm32f1xx_hal_rcc.o
                0x00000000080031d4                HAL_RCC_GetPCLK1Freq
 .text.HAL_RCC_GetPCLK2Freq
                0x00000000080031fc       0x28 ./Drivers/STM32F1xx_HAL_Driver/Src/stm32f1xx_hal_rcc.o
                0x00000000080031fc                HAL_RCC_GetPCLK2Freq
 .text.RCC_Delay
                0x0000000008003224       0x3c ./Drivers/STM32F1xx_HAL_Driver/Src/stm32f1xx_hal_rcc.o
 .text.HAL_RCCEx_PeriphCLKConfig
                0x0000000008003260      0x16c ./Drivers/STM32F1xx_HAL_Driver/Src/stm32f1xx_hal_rcc_ex.o
                0x0000000008003260                HAL_RCCEx_PeriphCLKConfig
 .text.HAL_UART_Init
                0x00000000080033cc       0x9a ./Drivers/STM32F1xx_HAL_Driver/Src/stm32f1xx_hal_uart.o
                0x00000000080033cc                HAL_UART_Init
 .text.HAL_UART_Transmit_IT
                0x0000000008003466       0x88 ./Drivers/STM32F1xx_HAL_Driver/Src/stm32f1xx_hal_uart.o
                0x0000000008003466                HAL_UART_Transmit_IT
 *fill*         0x00000000080034ee        0x2 
 .text.HAL_UART_Receive_DMA
                0x00000000080034f0      0x100 ./Drivers/STM32F1xx_HAL_Driver/Src/stm32f1xx_hal_uart.o
                0x00000000080034f0                HAL_UART_Receive_DMA
 .text.HAL_UART_IRQHandler
                0x00000000080035f0      0x200 ./Drivers/STM32F1xx_HAL_Driver/Src/stm32f1xx_hal_uart.o
                0x00000000080035f0                HAL_UART_IRQHandler
 .text.HAL_UART_TxCpltCallback
                0x00000000080037f0       0x12 ./Drivers/STM32F1xx_HAL_Driver/Src/stm32f1xx_hal_uart.o
                0x00000000080037f0                HAL_UART_TxCpltCallback
 .text.HAL_UART_RxHalfCpltCallback
                0x0000000008003802       0x12 ./Drivers/STM32F1xx_HAL_Driver/Src/stm32f1xx_hal_uart.o
                0x0000000008003802                HAL_UART_RxHalfCpltCallback
 .text.HAL_UART_ErrorCallback
                0x0000000008003814       0x12 ./Drivers/STM32F1xx_HAL_Driver/Src/stm32f1xx_hal_uart.o
                0x0000000008003814                HAL_UART_ErrorCallback
 .text.UART_DMAReceiveCplt
                0x0000000008003826       0x68 ./Drivers/STM32F1xx_HAL_Driver/Src/stm32f1xx_hal_uart.o
 .text.UART_DMARxHalfCplt
                0x000000000800388e       0x1c ./Drivers/STM32F1xx_HAL_Driver/Src/stm32f1xx_hal_uart.o
 .text.UART_DMAError
                0x00000000080038aa       0x94 ./Drivers/STM32F1xx_HAL_Driver/Src/stm32f1xx_hal_uart.o
 .text.UART_EndTxTransfer
                0x000000000800393e       0x2a ./Drivers/STM32F1xx_HAL_Driver/Src/stm32f1xx_hal_uart.o
 .text.UART_EndRxTransfer
                0x0000000008003968       0x3a ./Drivers/STM32F1xx_HAL_Driver/Src/stm32f1xx_hal_uart.o
 .text.UART_DMAAbortOnError
                0x00000000080039a2       0x28 ./Drivers/STM32F1xx_HAL_Driver/Src/stm32f1xx_hal_uart.o
 .text.UART_Transmit_IT
                0x00000000080039ca       0x9e ./Drivers/STM32F1xx_HAL_Driver/Src/stm32f1xx_hal_uart.o
 .text.UART_EndTransmit_IT
                0x0000000008003a68       0x30 ./Drivers/STM32F1xx_HAL_Driver/Src/stm32f1xx_hal_uart.o
 .text.UART_Receive_IT
                0x0000000008003a98      0x100 ./Drivers/STM32F1xx_HAL_Driver/Src/stm32f1xx_hal_uart.o
 .text.UART_SetConfig
                0x0000000008003b98      0x11c ./Drivers/STM32F1xx_HAL_Driver/Src/stm32f1xx_hal_uart.o
 .text.USB_CoreInit
                0x0000000008003cb4       0x20 ./Drivers/STM32F1xx_HAL_Driver/Src/stm32f1xx_ll_usb.o
                0x0000000008003cb4                USB_CoreInit
 .text.USB_EnableGlobalInt
                0x0000000008003cd4       0x2c ./Drivers/STM32F1xx_HAL_Driver/Src/stm32f1xx_ll_usb.o
                0x0000000008003cd4                USB_EnableGlobalInt
 .text.USB_DisableGlobalInt
                0x0000000008003d00       0x34 ./Drivers/STM32F1xx_HAL_Driver/Src/stm32f1xx_ll_usb.o
                0x0000000008003d00                USB_DisableGlobalInt
 .text.USB_SetCurrentMode
                0x0000000008003d34       0x18 ./Drivers/STM32F1xx_HAL_Driver/Src/stm32f1xx_ll_usb.o
                0x0000000008003d34                USB_SetCurrentMode
 .text.USB_DevInit
                0x0000000008003d4c       0x40 ./Drivers/STM32F1xx_HAL_Driver/Src/stm32f1xx_ll_usb.o
                0x0000000008003d4c                USB_DevInit
 .text.USB_ActivateEndpoint
                0x0000000008003d8c      0x6d4 ./Drivers/STM32F1xx_HAL_Driver/Src/stm32f1xx_ll_usb.o
                0x0000000008003d8c                USB_ActivateEndpoint
 .text.USB_DeactivateEndpoint
                0x0000000008004460      0x3d8 ./Drivers/STM32F1xx_HAL_Driver/Src/stm32f1xx_ll_usb.o
                0x0000000008004460                USB_DeactivateEndpoint
 .text.USB_EPStartXfer
                0x0000000008004838     0x174e ./Drivers/STM32F1xx_HAL_Driver/Src/stm32f1xx_ll_usb.o
                0x0000000008004838                USB_EPStartXfer
 .text.USB_EPSetStall
                0x0000000008005f86       0xa0 ./Drivers/STM32F1xx_HAL_Driver/Src/stm32f1xx_ll_usb.o
                0x0000000008005f86                USB_EPSetStall
 .text.USB_EPClearStall
                0x0000000008006026      0x15a ./Drivers/STM32F1xx_HAL_Driver/Src/stm32f1xx_ll_usb.o
                0x0000000008006026                USB_EPClearStall
 .text.USB_SetDevAddress
                0x0000000008006180       0x26 ./Drivers/STM32F1xx_HAL_Driver/Src/stm32f1xx_ll_usb.o
                0x0000000008006180                USB_SetDevAddress
 .text.USB_DevConnect
                0x00000000080061a6       0x14 ./Drivers/STM32F1xx_HAL_Driver/Src/stm32f1xx_ll_usb.o
                0x00000000080061a6                USB_DevConnect
 .text.USB_DevDisconnect
                0x00000000080061ba       0x14 ./Drivers/STM32F1xx_HAL_Driver/Src/stm32f1xx_ll_usb.o
                0x00000000080061ba                USB_DevDisconnect
 .text.USB_ReadInterrupts
                0x00000000080061ce       0x1e ./Drivers/STM32F1xx_HAL_Driver/Src/stm32f1xx_ll_usb.o
                0x00000000080061ce                USB_ReadInterrupts
 .text.USB_EP0_OutStart
                0x00000000080061ec       0x16 ./Drivers/STM32F1xx_HAL_Driver/Src/stm32f1xx_ll_usb.o
                0x00000000080061ec                USB_EP0_OutStart
 .text.USB_WritePMA
                0x0000000008006202       0x8a ./Drivers/STM32F1xx_HAL_Driver/Src/stm32f1xx_ll_usb.o
                0x0000000008006202                USB_WritePMA
 .text.USB_ReadPMA
                0x000000000800628c       0x9e ./Drivers/STM32F1xx_HAL_Driver/Src/stm32f1xx_ll_usb.o
                0x000000000800628c                USB_ReadPMA
 *fill*         0x000000000800632a        0x2 
 .text._ZN11transcoders20AsciiToHidTranscoder10asciiToHidEc
                0x000000000800632c      0x328 ./MacroKeyboard/AsciiToHidTranscoder/Src/ascii_to_hid.o
                0x000000000800632c                transcoders::AsciiToHidTranscoder::asciiToHid(char)
 .text._ZN12hid_keyboard16HidKeyboardStateC2EhPFvPN12keyboard_api14KeyboardReportEE
                0x0000000008006654       0x30 ./MacroKeyboard/HidKeyboard/Src/hid_keyboard_state.o
                0x0000000008006654                hid_keyboard::HidKeyboardState::HidKeyboardState(unsigned char, void (*)(keyboard_api::KeyboardReport*))
                0x0000000008006654                hid_keyboard::HidKeyboardState::HidKeyboardState(unsigned char, void (*)(keyboard_api::KeyboardReport*))
 .text._ZN12hid_keyboard16HidKeyboardState7keyDownEhh
                0x0000000008006684       0x3a ./MacroKeyboard/HidKeyboard/Src/hid_keyboard_state.o
                0x0000000008006684                hid_keyboard::HidKeyboardState::keyDown(unsigned char, unsigned char)
 .text._ZN12hid_keyboard16HidKeyboardState5keyUpEhh
                0x00000000080066be       0x3a ./MacroKeyboard/HidKeyboard/Src/hid_keyboard_state.o
                0x00000000080066be                hid_keyboard::HidKeyboardState::keyUp(unsigned char, unsigned char)
 .text._ZN12hid_keyboard16HidKeyboardState9handleKeyENS_6HidKeyE
                0x00000000080066f8       0x42 ./MacroKeyboard/HidKeyboard/Src/hid_keyboard_state.o
                0x00000000080066f8                hid_keyboard::HidKeyboardState::handleKey(hid_keyboard::HidKey)
 .text._ZN12hid_keyboard16HidKeyboardState10sendReportEv
                0x000000000800673a       0x36 ./MacroKeyboard/HidKeyboard/Src/hid_keyboard_state.o
                0x000000000800673a                hid_keyboard::HidKeyboardState::sendReport()
 .text._ZN12hid_keyboard16HidKeyboardState17getKeyboardReportEv
                0x0000000008006770       0x1e ./MacroKeyboard/HidKeyboard/Src/hid_keyboard_state.o
                0x0000000008006770                hid_keyboard::HidKeyboardState::getKeyboardReport()
 .text._ZN12hid_keyboard16HidKeyboardState8_keyDownEh
                0x000000000800678e       0x56 ./MacroKeyboard/HidKeyboard/Src/hid_keyboard_state.o
                0x000000000800678e                hid_keyboard::HidKeyboardState::_keyDown(unsigned char)
 .text._ZN12hid_keyboard16HidKeyboardState6_keyUpEh
                0x00000000080067e4       0x82 ./MacroKeyboard/HidKeyboard/Src/hid_keyboard_state.o
                0x00000000080067e4                hid_keyboard::HidKeyboardState::_keyUp(unsigned char)
 .text._ZN12hid_keyboard16HidKeyboardState8_modDownEh
                0x0000000008006866       0x26 ./MacroKeyboard/HidKeyboard/Src/hid_keyboard_state.o
                0x0000000008006866                hid_keyboard::HidKeyboardState::_modDown(unsigned char)
 .text._ZN12hid_keyboard16HidKeyboardState6_modUpEh
                0x000000000800688c       0x30 ./MacroKeyboard/HidKeyboard/Src/hid_keyboard_state.o
                0x000000000800688c                hid_keyboard::HidKeyboardState::_modUp(unsigned char)
 .text._ZN12hid_keyboard21dumpHidKeyboardReportEPN12keyboard_api14KeyboardReportEPc
                0x00000000080068bc       0x9c ./MacroKeyboard/HidKeyboard/Src/hid_keyboard_state_util.o
                0x00000000080068bc                hid_keyboard::dumpHidKeyboardReport(keyboard_api::KeyboardReport*, char*)
 .text._ZN9macro_api19MacroCommandHandlerC2EPN12hid_keyboard16HidKeyboardStateE
                0x0000000008006958       0x1c ./MacroKeyboard/Macro/Src/macro_command_handler.o
                0x0000000008006958                macro_api::MacroCommandHandler::MacroCommandHandler(hid_keyboard::HidKeyboardState*)
                0x0000000008006958                macro_api::MacroCommandHandler::MacroCommandHandler(hid_keyboard::HidKeyboardState*)
 .text._ZN9macro_api19MacroCommandHandler13handleCommandEPv
                0x0000000008006974       0xd0 ./MacroKeyboard/Macro/Src/macro_command_handler.o
                0x0000000008006974                macro_api::MacroCommandHandler::handleCommand(void*)
 .text._ZN9macro_api19MacroCommandHandler7keyDownEPPvh
                0x0000000008006a44       0x62 ./MacroKeyboard/Macro/Src/macro_command_handler.o
                0x0000000008006a44                macro_api::MacroCommandHandler::keyDown(void**, unsigned char)
 .text._ZN9macro_api19MacroCommandHandler5keyUpEPPvh
                0x0000000008006aa6       0x62 ./MacroKeyboard/Macro/Src/macro_command_handler.o
                0x0000000008006aa6                macro_api::MacroCommandHandler::keyUp(void**, unsigned char)
 .text._ZN9macro_api19MacroCommandHandler8keyPressEPPvh
                0x0000000008006b08       0x42 ./MacroKeyboard/Macro/Src/macro_command_handler.o
                0x0000000008006b08                macro_api::MacroCommandHandler::keyPress(void**, unsigned char)
 .text._ZN9macro_api19MacroCommandHandler10delayShortEPPvh
                0x0000000008006b4a       0x28 ./MacroKeyboard/Macro/Src/macro_command_handler.o
                0x0000000008006b4a                macro_api::MacroCommandHandler::delayShort(void**, unsigned char)
 .text._ZN9macro_api19MacroCommandHandler9delayLongEPPvh
                0x0000000008006b72       0x28 ./MacroKeyboard/Macro/Src/macro_command_handler.o
                0x0000000008006b72                macro_api::MacroCommandHandler::delayLong(void**, unsigned char)
 .text._ZN9macro_api19MacroCommandHandler13delayLongLongEPPvh
                0x0000000008006b9a       0x24 ./MacroKeyboard/Macro/Src/macro_command_handler.o
                0x0000000008006b9a                macro_api::MacroCommandHandler::delayLongLong(void**, unsigned char)
 .text._ZN9macro_api19MacroCommandHandler9keyStreamEPPvh
                0x0000000008006bbe       0xd2 ./MacroKeyboard/Macro/Src/macro_command_handler.o
                0x0000000008006bbe                macro_api::MacroCommandHandler::keyStream(void**, unsigned char)
 .text._ZN9macro_api13MacroExecutorC2EPKvPNS_19MacroCommandHandlerE
                0x0000000008006c90       0x7a ./MacroKeyboard/Macro/Src/macro_executor.o
                0x0000000008006c90                macro_api::MacroExecutor::MacroExecutor(void const*, macro_api::MacroCommandHandler*)
                0x0000000008006c90                macro_api::MacroExecutor::MacroExecutor(void const*, macro_api::MacroCommandHandler*)
 .text._ZN9macro_api13MacroExecutor7executeEm
                0x0000000008006d0a       0x76 ./MacroKeyboard/Macro/Src/macro_executor.o
                0x0000000008006d0a                macro_api::MacroExecutor::execute(unsigned long)
 .text._ZN9macro_api6searchEPvtPNS_11MacroHeaderE
                0x0000000008006d80       0xb8 ./MacroKeyboard/Macro/Src/macro_finder.o
                0x0000000008006d80                macro_api::search(void*, unsigned short, macro_api::MacroHeader*)
 .text._ZN9macro_api9getMiddleEPNS_11MacroHeaderES1_
                0x0000000008006e38       0x40 ./MacroKeyboard/Macro/Src/macro_finder.o
                0x0000000008006e38                macro_api::getMiddle(macro_api::MacroHeader*, macro_api::MacroHeader*)
 .text._ZN9macro_api9MacroUtil8compDescEPKvS2_
                0x0000000008006e78       0x26 ./MacroKeyboard/Macro/Src/macro_util.o
                0x0000000008006e78                macro_api::MacroUtil::compDesc(void const*, void const*)
 *fill*         0x0000000008006e9e        0x2 
 .text._ZN9macro_api9MacroUtil19getMacroTriggerCodeEN12keyboard_api14KeyboardReportE
                0x0000000008006ea0       0x4c ./MacroKeyboard/Macro/Src/macro_util.o
                0x0000000008006ea0                macro_api::MacroUtil::getMacroTriggerCode(keyboard_api::KeyboardReport)
 .text._ZN14macro_keyboard13MacroKeyboard4initEPNS_19MacroKeyboardConfigE
                0x0000000008006eec      0x12c ./MacroKeyboard/Main/Src/macro_keyboard.o
                0x0000000008006eec                macro_keyboard::MacroKeyboard::init(macro_keyboard::MacroKeyboardConfig*)
 .text._ZN14macro_keyboard13MacroKeyboard3runEv
                0x0000000008007018       0xc0 ./MacroKeyboard/Main/Src/macro_keyboard.o
                0x0000000008007018                macro_keyboard::MacroKeyboard::run()
 .text._ZN13memory_access11getNextByteEPPv
                0x00000000080070d8       0x24 ./MacroKeyboard/Memory/Src/memory_reader.o
                0x00000000080070d8                memory_access::getNextByte(void**)
 .text._ZN13memory_access12getNextShortEPPv
                0x00000000080070fc       0x24 ./MacroKeyboard/Memory/Src/memory_reader.o
                0x00000000080070fc                memory_access::getNextShort(void**)
 .text._ZN13memory_access10getNextIntEPPv
                0x0000000008007120       0x24 ./MacroKeyboard/Memory/Src/memory_reader.o
                0x0000000008007120                memory_access::getNextInt(void**)
 .text._ZN13memory_access14getNextAddressEPKvj
                0x0000000008007144       0x1a ./MacroKeyboard/Memory/Src/memory_reader.o
                0x0000000008007144                memory_access::getNextAddress(void const*, unsigned int)
 .text._ZN13memory_access20RelativeMemoryAccessC2EPKvj
                0x000000000800715e       0x24 ./MacroKeyboard/Memory/Src/relative_memory_access.o
                0x000000000800715e                memory_access::RelativeMemoryAccess::RelativeMemoryAccess(void const*, unsigned int)
                0x000000000800715e                memory_access::RelativeMemoryAccess::RelativeMemoryAccess(void const*, unsigned int)
 .text._ZN13memory_access20RelativeMemoryAccess10getAddressEm
                0x0000000008007182       0x30 ./MacroKeyboard/Memory/Src/relative_memory_access.o
                0x0000000008007182                memory_access::RelativeMemoryAccess::getAddress(unsigned long)
 .text._ZN12ps2_keyboard23_incrementBufferPointerEPh
                0x00000000080071b2       0x2c ./MacroKeyboard/Ps2Keyboard/Src/ps2_keyboard_reader.o
                0x00000000080071b2                ps2_keyboard::_incrementBufferPointer(unsigned char*)
 *fill*         0x00000000080071de        0x2 
 .text._ZN12ps2_keyboard17Ps2KeyboardReader14receivePs2DateEh
                0x00000000080071e0       0x2c ./MacroKeyboard/Ps2Keyboard/Src/ps2_keyboard_reader.o
                0x00000000080071e0                ps2_keyboard::Ps2KeyboardReader::receivePs2Date(unsigned char)
 .text._ZN12ps2_keyboard17Ps2KeyboardReader12keyAvailableEv
                0x000000000800720c       0x28 ./MacroKeyboard/Ps2Keyboard/Src/ps2_keyboard_reader.o
                0x000000000800720c                ps2_keyboard::Ps2KeyboardReader::keyAvailable()
 .text._ZN12ps2_keyboard17Ps2KeyboardReader10getNextKeyEv
                0x0000000008007234       0x38 ./MacroKeyboard/Ps2Keyboard/Src/ps2_keyboard_reader.o
                0x0000000008007234                ps2_keyboard::Ps2KeyboardReader::getNextKey()
 .text._ZN12ps2_keyboard17Ps2KeyboardReader13_readNextByteEv
                0x000000000800726c       0x40 ./MacroKeyboard/Ps2Keyboard/Src/ps2_keyboard_reader.o
                0x000000000800726c                ps2_keyboard::Ps2KeyboardReader::_readNextByte()
 .text._ZN12ps2_keyboard17Ps2KeyboardReader11_decodeByteEhPNS_6Ps2KeyE
                0x00000000080072ac       0x50 ./MacroKeyboard/Ps2Keyboard/Src/ps2_keyboard_reader.o
                0x00000000080072ac                ps2_keyboard::Ps2KeyboardReader::_decodeByte(unsigned char, ps2_keyboard::Ps2Key*)
 .text._ZN21ps2_to_hid_transcoder9Ps2HidMap6getKeyEh
                0x00000000080072fc       0x28 ./MacroKeyboard/Ps2ToHidTranscoder/Src/ps2_hid_map.o
                0x00000000080072fc                ps2_to_hid_transcoder::Ps2HidMap::getKey(unsigned char)
 .text._ZN21ps2_to_hid_transcoder9Ps2HidMap14getExtendedKeyEh
                0x0000000008007324       0x28 ./MacroKeyboard/Ps2ToHidTranscoder/Src/ps2_hid_map.o
                0x0000000008007324                ps2_to_hid_transcoder::Ps2HidMap::getExtendedKey(unsigned char)
 .text._ZN21ps2_to_hid_transcoder9Ps2HidMap4initEv
                0x000000000800734c      0x33c ./MacroKeyboard/Ps2ToHidTranscoder/Src/ps2_hid_map.o
                0x000000000800734c                ps2_to_hid_transcoder::Ps2HidMap::init()
 .text._ZN21ps2_to_hid_transcoder18Ps2ToHidTranscoder9transcodeEN12ps2_keyboard6Ps2KeyE
                0x0000000008007688       0xa4 ./MacroKeyboard/Ps2ToHidTranscoder/Src/ps2_to_hid_transcoder.o
                0x0000000008007688                ps2_to_hid_transcoder::Ps2ToHidTranscoder::transcode(ps2_keyboard::Ps2Key)
 .text._ZN21ps2_to_hid_transcoder18Ps2ToHidTranscoder15translateModKeyEh
                0x000000000800772c       0x64 ./MacroKeyboard/Ps2ToHidTranscoder/Src/ps2_to_hid_transcoder.o
                0x000000000800772c                ps2_to_hid_transcoder::Ps2ToHidTranscoder::translateModKey(unsigned char)
 .text._ZN10delay_util5Delay4initEPFvmE
                0x0000000008007790       0x1c ./MacroKeyboard/Timer/Src/delay_util.o
                0x0000000008007790                delay_util::Delay::init(void (*)(unsigned long))
 .text._ZN10delay_util5Delay10delayShortEh
                0x00000000080077ac       0x30 ./MacroKeyboard/Timer/Src/delay_util.o
                0x00000000080077ac                delay_util::Delay::delayShort(unsigned char)
 .text._ZN10delay_util5Delay9delayLongEh
                0x00000000080077dc       0x30 ./MacroKeyboard/Timer/Src/delay_util.o
                0x00000000080077dc                delay_util::Delay::delayLong(unsigned char)
 .text._ZN10delay_util5Delay13delayLongLongEm
                0x000000000800780c       0x30 ./MacroKeyboard/Timer/Src/delay_util.o
                0x000000000800780c                delay_util::Delay::delayLongLong(unsigned long)
 .text.USBD_HID_Init
                0x000000000800783c       0x4e ./Middlewares/ST/STM32_USB_Device_Library/Class/HID/Src/usbd_hid.o
 .text.USBD_HID_DeInit
                0x000000000800788a       0x42 ./Middlewares/ST/STM32_USB_Device_Library/Class/HID/Src/usbd_hid.o
 .text.USBD_HID_Setup
                0x00000000080078cc      0x1fc ./Middlewares/ST/STM32_USB_Device_Library/Class/HID/Src/usbd_hid.o
 .text.USBD_HID_SendReport
                0x0000000008007ac8       0x44 ./Middlewares/ST/STM32_USB_Device_Library/Class/HID/Src/usbd_hid.o
                0x0000000008007ac8                USBD_HID_SendReport
 .text.USBD_HID_GetFSCfgDesc
                0x0000000008007b0c       0x20 ./Middlewares/ST/STM32_USB_Device_Library/Class/HID/Src/usbd_hid.o
 .text.USBD_HID_GetHSCfgDesc
                0x0000000008007b2c       0x20 ./Middlewares/ST/STM32_USB_Device_Library/Class/HID/Src/usbd_hid.o
 .text.USBD_HID_GetOtherSpeedCfgDesc
                0x0000000008007b4c       0x20 ./Middlewares/ST/STM32_USB_Device_Library/Class/HID/Src/usbd_hid.o
 .text.USBD_HID_DataIn
                0x0000000008007b6c       0x22 ./Middlewares/ST/STM32_USB_Device_Library/Class/HID/Src/usbd_hid.o
 *fill*         0x0000000008007b8e        0x2 
 .text.USBD_HID_GetDeviceQualifierDesc
                0x0000000008007b90       0x20 ./Middlewares/ST/STM32_USB_Device_Library/Class/HID/Src/usbd_hid.o
 .text.USBD_Init
                0x0000000008007bb0       0x56 ./Middlewares/ST/STM32_USB_Device_Library/Core/Src/usbd_core.o
                0x0000000008007bb0                USBD_Init
 .text.USBD_RegisterClass
                0x0000000008007c06       0x32 ./Middlewares/ST/STM32_USB_Device_Library/Core/Src/usbd_core.o
                0x0000000008007c06                USBD_RegisterClass
 .text.USBD_Start
                0x0000000008007c38       0x18 ./Middlewares/ST/STM32_USB_Device_Library/Core/Src/usbd_core.o
                0x0000000008007c38                USBD_Start
 .text.USBD_RunTestMode
                0x0000000008007c50       0x14 ./Middlewares/ST/STM32_USB_Device_Library/Core/Src/usbd_core.o
                0x0000000008007c50                USBD_RunTestMode
 .text.USBD_SetClassConfig
                0x0000000008007c64       0x3e ./Middlewares/ST/STM32_USB_Device_Library/Core/Src/usbd_core.o
                0x0000000008007c64                USBD_SetClassConfig
 .text.USBD_ClrClassConfig
                0x0000000008007ca2       0x26 ./Middlewares/ST/STM32_USB_Device_Library/Core/Src/usbd_core.o
                0x0000000008007ca2                USBD_ClrClassConfig
 .text.USBD_LL_SetupStage
                0x0000000008007cc8       0x9a ./Middlewares/ST/STM32_USB_Device_Library/Core/Src/usbd_core.o
                0x0000000008007cc8                USBD_LL_SetupStage
 .text.USBD_LL_DataOutStage
                0x0000000008007d62       0xe2 ./Middlewares/ST/STM32_USB_Device_Library/Core/Src/usbd_core.o
                0x0000000008007d62                USBD_LL_DataOutStage
 .text.USBD_LL_DataInStage
                0x0000000008007e44      0x14a ./Middlewares/ST/STM32_USB_Device_Library/Core/Src/usbd_core.o
                0x0000000008007e44                USBD_LL_DataInStage
 .text.USBD_LL_Reset
                0x0000000008007f8e       0x82 ./Middlewares/ST/STM32_USB_Device_Library/Core/Src/usbd_core.o
                0x0000000008007f8e                USBD_LL_Reset
 .text.USBD_LL_SetSpeed
                0x0000000008008010       0x1e ./Middlewares/ST/STM32_USB_Device_Library/Core/Src/usbd_core.o
                0x0000000008008010                USBD_LL_SetSpeed
 .text.USBD_LL_Suspend
                0x000000000800802e       0x28 ./Middlewares/ST/STM32_USB_Device_Library/Core/Src/usbd_core.o
                0x000000000800802e                USBD_LL_Suspend
 .text.USBD_LL_Resume
                0x0000000008008056       0x2a ./Middlewares/ST/STM32_USB_Device_Library/Core/Src/usbd_core.o
                0x0000000008008056                USBD_LL_Resume
 .text.USBD_LL_SOF
                0x0000000008008080       0x34 ./Middlewares/ST/STM32_USB_Device_Library/Core/Src/usbd_core.o
                0x0000000008008080                USBD_LL_SOF
 .text.USBD_StdDevReq
                0x00000000080080b4       0xd4 ./Middlewares/ST/STM32_USB_Device_Library/Core/Src/usbd_ctlreq.o
                0x00000000080080b4                USBD_StdDevReq
 .text.USBD_StdItfReq
                0x0000000008008188       0x90 ./Middlewares/ST/STM32_USB_Device_Library/Core/Src/usbd_ctlreq.o
                0x0000000008008188                USBD_StdItfReq
 .text.USBD_StdEPReq
                0x0000000008008218      0x2c6 ./Middlewares/ST/STM32_USB_Device_Library/Core/Src/usbd_ctlreq.o
                0x0000000008008218                USBD_StdEPReq
 *fill*         0x00000000080084de        0x2 
 .text.USBD_GetDescriptor
                0x00000000080084e0      0x2d0 ./Middlewares/ST/STM32_USB_Device_Library/Core/Src/usbd_ctlreq.o
 .text.USBD_SetAddress
                0x00000000080087b0       0x86 ./Middlewares/ST/STM32_USB_Device_Library/Core/Src/usbd_ctlreq.o
 *fill*         0x0000000008008836        0x2 
 .text.USBD_SetConfig
                0x0000000008008838      0x11c ./Middlewares/ST/STM32_USB_Device_Library/Core/Src/usbd_ctlreq.o
 .text.USBD_GetConfig
                0x0000000008008954       0x6a ./Middlewares/ST/STM32_USB_Device_Library/Core/Src/usbd_ctlreq.o
 .text.USBD_GetStatus
                0x00000000080089be       0x66 ./Middlewares/ST/STM32_USB_Device_Library/Core/Src/usbd_ctlreq.o
 .text.USBD_SetFeature
                0x0000000008008a24       0x28 ./Middlewares/ST/STM32_USB_Device_Library/Core/Src/usbd_ctlreq.o
 .text.USBD_ClrFeature
                0x0000000008008a4c       0x42 ./Middlewares/ST/STM32_USB_Device_Library/Core/Src/usbd_ctlreq.o
 .text.USBD_ParseSetupRequest
                0x0000000008008a8e       0x78 ./Middlewares/ST/STM32_USB_Device_Library/Core/Src/usbd_ctlreq.o
                0x0000000008008a8e                USBD_ParseSetupRequest
 .text.USBD_CtlError
                0x0000000008008b06       0x22 ./Middlewares/ST/STM32_USB_Device_Library/Core/Src/usbd_ctlreq.o
                0x0000000008008b06                USBD_CtlError
 .text.USBD_GetString
                0x0000000008008b28       0x84 ./Middlewares/ST/STM32_USB_Device_Library/Core/Src/usbd_ctlreq.o
                0x0000000008008b28                USBD_GetString
 .text.USBD_GetLen
                0x0000000008008bac       0x2e ./Middlewares/ST/STM32_USB_Device_Library/Core/Src/usbd_ctlreq.o
 .text.USBD_CtlSendData
                0x0000000008008bda       0x38 ./Middlewares/ST/STM32_USB_Device_Library/Core/Src/usbd_ioreq.o
                0x0000000008008bda                USBD_CtlSendData
 .text.USBD_CtlContinueSendData
                0x0000000008008c12       0x24 ./Middlewares/ST/STM32_USB_Device_Library/Core/Src/usbd_ioreq.o
                0x0000000008008c12                USBD_CtlContinueSendData
 .text.USBD_CtlContinueRx
                0x0000000008008c36       0x24 ./Middlewares/ST/STM32_USB_Device_Library/Core/Src/usbd_ioreq.o
                0x0000000008008c36                USBD_CtlContinueRx
 .text.USBD_CtlSendStatus
                0x0000000008008c5a       0x26 ./Middlewares/ST/STM32_USB_Device_Library/Core/Src/usbd_ioreq.o
                0x0000000008008c5a                USBD_CtlSendStatus
 .text.USBD_CtlReceiveStatus
                0x0000000008008c80       0x26 ./Middlewares/ST/STM32_USB_Device_Library/Core/Src/usbd_ioreq.o
                0x0000000008008c80                USBD_CtlReceiveStatus
 *fill*         0x0000000008008ca6        0x2 
 .text.MX_USB_DEVICE_Init
                0x0000000008008ca8       0x4c ./USB_DEVICE/App/usb_device.o
                0x0000000008008ca8                MX_USB_DEVICE_Init
 .text.USBD_FS_DeviceDescriptor
                0x0000000008008cf4       0x24 ./USB_DEVICE/App/usbd_desc.o
                0x0000000008008cf4                USBD_FS_DeviceDescriptor
 .text.USBD_FS_LangIDStrDescriptor
                0x0000000008008d18       0x24 ./USB_DEVICE/App/usbd_desc.o
                0x0000000008008d18                USBD_FS_LangIDStrDescriptor
 .text.USBD_FS_ProductStrDescriptor
                0x0000000008008d3c       0x3c ./USB_DEVICE/App/usbd_desc.o
                0x0000000008008d3c                USBD_FS_ProductStrDescriptor
 .text.USBD_FS_ManufacturerStrDescriptor
                0x0000000008008d78       0x28 ./USB_DEVICE/App/usbd_desc.o
                0x0000000008008d78                USBD_FS_ManufacturerStrDescriptor
 .text.USBD_FS_SerialStrDescriptor
                0x0000000008008da0       0x24 ./USB_DEVICE/App/usbd_desc.o
                0x0000000008008da0                USBD_FS_SerialStrDescriptor
 .text.USBD_FS_ConfigStrDescriptor
                0x0000000008008dc4       0x3c ./USB_DEVICE/App/usbd_desc.o
                0x0000000008008dc4                USBD_FS_ConfigStrDescriptor
 .text.USBD_FS_InterfaceStrDescriptor
                0x0000000008008e00       0x3c ./USB_DEVICE/App/usbd_desc.o
                0x0000000008008e00                USBD_FS_InterfaceStrDescriptor
 .text.Get_SerialNum
                0x0000000008008e3c       0x58 ./USB_DEVICE/App/usbd_desc.o
 .text.IntToUnicode
                0x0000000008008e94       0x7c ./USB_DEVICE/App/usbd_desc.o
 .text.HAL_PCD_MspInit
                0x0000000008008f10       0x4c ./USB_DEVICE/Target/usbd_conf.o
                0x0000000008008f10                HAL_PCD_MspInit
 .text.HAL_PCD_SetupStageCallback
                0x0000000008008f5c       0x24 ./USB_DEVICE/Target/usbd_conf.o
                0x0000000008008f5c                HAL_PCD_SetupStageCallback
 .text.HAL_PCD_DataOutStageCallback
                0x0000000008008f80       0x36 ./USB_DEVICE/Target/usbd_conf.o
                0x0000000008008f80                HAL_PCD_DataOutStageCallback
 .text.HAL_PCD_DataInStageCallback
                0x0000000008008fb6       0x34 ./USB_DEVICE/Target/usbd_conf.o
                0x0000000008008fb6                HAL_PCD_DataInStageCallback
 .text.HAL_PCD_SOFCallback
                0x0000000008008fea       0x1c ./USB_DEVICE/Target/usbd_conf.o
                0x0000000008008fea                HAL_PCD_SOFCallback
 .text.HAL_PCD_ResetCallback
                0x0000000008009006       0x3c ./USB_DEVICE/Target/usbd_conf.o
                0x0000000008009006                HAL_PCD_ResetCallback
 *fill*         0x0000000008009042        0x2 
 .text.HAL_PCD_SuspendCallback
                0x0000000008009044       0x34 ./USB_DEVICE/Target/usbd_conf.o
                0x0000000008009044                HAL_PCD_SuspendCallback
 .text.HAL_PCD_ResumeCallback
                0x0000000008009078       0x1c ./USB_DEVICE/Target/usbd_conf.o
                0x0000000008009078                HAL_PCD_ResumeCallback
 .text.USBD_LL_Init
                0x0000000008009094       0x90 ./USB_DEVICE/Target/usbd_conf.o
                0x0000000008009094                USBD_LL_Init
 .text.USBD_LL_Start
                0x0000000008009124       0x36 ./USB_DEVICE/Target/usbd_conf.o
                0x0000000008009124                USBD_LL_Start
 .text.USBD_LL_OpenEP
                0x000000000800915a       0x4c ./USB_DEVICE/Target/usbd_conf.o
                0x000000000800915a                USBD_LL_OpenEP
 .text.USBD_LL_CloseEP
                0x00000000080091a6       0x3e ./USB_DEVICE/Target/usbd_conf.o
                0x00000000080091a6                USBD_LL_CloseEP
 .text.USBD_LL_StallEP
                0x00000000080091e4       0x3e ./USB_DEVICE/Target/usbd_conf.o
                0x00000000080091e4                USBD_LL_StallEP
 .text.USBD_LL_ClearStallEP
                0x0000000008009222       0x3e ./USB_DEVICE/Target/usbd_conf.o
                0x0000000008009222                USBD_LL_ClearStallEP
 .text.USBD_LL_IsStallEP
                0x0000000008009260       0x58 ./USB_DEVICE/Target/usbd_conf.o
                0x0000000008009260                USBD_LL_IsStallEP
 .text.USBD_LL_SetUSBAddress
                0x00000000080092b8       0x3e ./USB_DEVICE/Target/usbd_conf.o
                0x00000000080092b8                USBD_LL_SetUSBAddress
 .text.USBD_LL_Transmit
                0x00000000080092f6       0x46 ./USB_DEVICE/Target/usbd_conf.o
                0x00000000080092f6                USBD_LL_Transmit
 .text.USBD_LL_PrepareReceive
                0x000000000800933c       0x46 ./USB_DEVICE/Target/usbd_conf.o
                0x000000000800933c                USBD_LL_PrepareReceive
 *fill*         0x0000000008009382        0x2 
 .text.USBD_static_malloc
                0x0000000008009384       0x18 ./USB_DEVICE/Target/usbd_conf.o
                0x0000000008009384                USBD_static_malloc
 .text.USBD_static_free
                0x000000000800939c       0x12 ./USB_DEVICE/Target/usbd_conf.o
                0x000000000800939c                USBD_static_free
 .text.HAL_PCDEx_SetConnectionState
                0x00000000080093ae       0x16 ./USB_DEVICE/Target/usbd_conf.o
                0x00000000080093ae                HAL_PCDEx_SetConnectionState
 .text.USBD_Get_USB_Status
                0x00000000080093c4       0x58 ./USB_DEVICE/Target/usbd_conf.o
 .text.__cxa_guard_acquire
                0x000000000800941c       0x18 c:/st/stm32cubeide_1.0.2/stm32cubeide/plugins/com.st.stm32cube.ide.mcu.externaltools.gnu-tools-for-stm32.10.3-2021.10.win32_1.0.0.202111181127/tools/bin/../lib/gcc/arm-none-eabi/10.3.1/../../../../arm-none-eabi/lib/thumb/v7-m/nofp\libstdc++_nano.a(guard.o)
                0x000000000800941c                __cxa_guard_acquire
 .text.__cxa_guard_release
                0x0000000008009434        0x6 c:/st/stm32cubeide_1.0.2/stm32cubeide/plugins/com.st.stm32cube.ide.mcu.externaltools.gnu-tools-for-stm32.10.3-2021.10.win32_1.0.0.202111181127/tools/bin/../lib/gcc/arm-none-eabi/10.3.1/../../../../arm-none-eabi/lib/thumb/v7-m/nofp\libstdc++_nano.a(guard.o)
                0x0000000008009434                __cxa_guard_release
 .text._Znwj    0x000000000800943a       0x22 c:/st/stm32cubeide_1.0.2/stm32cubeide/plugins/com.st.stm32cube.ide.mcu.externaltools.gnu-tools-for-stm32.10.3-2021.10.win32_1.0.0.202111181127/tools/bin/../lib/gcc/arm-none-eabi/10.3.1/../../../../arm-none-eabi/lib/thumb/v7-m/nofp\libstdc++_nano.a(new_op.o)
                0x000000000800943a                operator new(unsigned int)
 .text._ZSt15get_new_handlerv
                0x000000000800945c       0x10 c:/st/stm32cubeide_1.0.2/stm32cubeide/plugins/com.st.stm32cube.ide.mcu.externaltools.gnu-tools-for-stm32.10.3-2021.10.win32_1.0.0.202111181127/tools/bin/../lib/gcc/arm-none-eabi/10.3.1/../../../../arm-none-eabi/lib/thumb/v7-m/nofp\libstdc++_nano.a(new_handler.o)
                0x000000000800945c                std::get_new_handler()
 .text.abort    0x000000000800946c        0xe c:/st/stm32cubeide_1.0.2/stm32cubeide/plugins/com.st.stm32cube.ide.mcu.externaltools.gnu-tools-for-stm32.10.3-2021.10.win32_1.0.0.202111181127/tools/bin/../lib/gcc/arm-none-eabi/10.3.1/../../../../arm-none-eabi/lib/thumb/v7-m/nofp\libc_nano.a(lib_a-abort.o)
                0x000000000800946c                abort
 *fill*         0x000000000800947a        0x2 
 .text.__errno  0x000000000800947c        0xc c:/st/stm32cubeide_1.0.2/stm32cubeide/plugins/com.st.stm32cube.ide.mcu.externaltools.gnu-tools-for-stm32.10.3-2021.10.win32_1.0.0.202111181127/tools/bin/../lib/gcc/arm-none-eabi/10.3.1/../../../../arm-none-eabi/lib/thumb/v7-m/nofp\libc_nano.a(lib_a-errno.o)
                0x000000000800947c                __errno
 .text.__libc_init_array
                0x0000000008009488       0x48 c:/st/stm32cubeide_1.0.2/stm32cubeide/plugins/com.st.stm32cube.ide.mcu.externaltools.gnu-tools-for-stm32.10.3-2021.10.win32_1.0.0.202111181127/tools/bin/../lib/gcc/arm-none-eabi/10.3.1/../../../../arm-none-eabi/lib/thumb/v7-m/nofp\libc_nano.a(lib_a-init.o)
                0x0000000008009488                __libc_init_array
 .text.malloc   0x00000000080094d0       0x10 c:/st/stm32cubeide_1.0.2/stm32cubeide/plugins/com.st.stm32cube.ide.mcu.externaltools.gnu-tools-for-stm32.10.3-2021.10.win32_1.0.0.202111181127/tools/bin/../lib/gcc/arm-none-eabi/10.3.1/../../../../arm-none-eabi/lib/thumb/v7-m/nofp\libc_nano.a(lib_a-malloc.o)
                0x00000000080094d0                malloc
 .text.memcpy   0x00000000080094e0       0x1c c:/st/stm32cubeide_1.0.2/stm32cubeide/plugins/com.st.stm32cube.ide.mcu.externaltools.gnu-tools-for-stm32.10.3-2021.10.win32_1.0.0.202111181127/tools/bin/../lib/gcc/arm-none-eabi/10.3.1/../../../../arm-none-eabi/lib/thumb/v7-m/nofp\libc_nano.a(lib_a-memcpy-stub.o)
                0x00000000080094e0                memcpy
 .text.memset   0x00000000080094fc       0x10 c:/st/stm32cubeide_1.0.2/stm32cubeide/plugins/com.st.stm32cube.ide.mcu.externaltools.gnu-tools-for-stm32.10.3-2021.10.win32_1.0.0.202111181127/tools/bin/../lib/gcc/arm-none-eabi/10.3.1/../../../../arm-none-eabi/lib/thumb/v7-m/nofp\libc_nano.a(lib_a-memset.o)
                0x00000000080094fc                memset
 .text._free_r  0x000000000800950c       0x90 c:/st/stm32cubeide_1.0.2/stm32cubeide/plugins/com.st.stm32cube.ide.mcu.externaltools.gnu-tools-for-stm32.10.3-2021.10.win32_1.0.0.202111181127/tools/bin/../lib/gcc/arm-none-eabi/10.3.1/../../../../arm-none-eabi/lib/thumb/v7-m/nofp\libc_nano.a(lib_a-nano-freer.o)
                0x000000000800950c                _free_r
 .text.sbrk_aligned
                0x000000000800959c       0x40 c:/st/stm32cubeide_1.0.2/stm32cubeide/plugins/com.st.stm32cube.ide.mcu.externaltools.gnu-tools-for-stm32.10.3-2021.10.win32_1.0.0.202111181127/tools/bin/../lib/gcc/arm-none-eabi/10.3.1/../../../../arm-none-eabi/lib/thumb/v7-m/nofp\libc_nano.a(lib_a-nano-mallocr.o)
 .text._malloc_r
                0x00000000080095dc       0xe8 c:/st/stm32cubeide_1.0.2/stm32cubeide/plugins/com.st.stm32cube.ide.mcu.externaltools.gnu-tools-for-stm32.10.3-2021.10.win32_1.0.0.202111181127/tools/bin/../lib/gcc/arm-none-eabi/10.3.1/../../../../arm-none-eabi/lib/thumb/v7-m/nofp\libc_nano.a(lib_a-nano-mallocr.o)
                0x00000000080095dc                _malloc_r
 .text.swapfunc
                0x00000000080096c4       0x32 c:/st/stm32cubeide_1.0.2/stm32cubeide/plugins/com.st.stm32cube.ide.mcu.externaltools.gnu-tools-for-stm32.10.3-2021.10.win32_1.0.0.202111181127/tools/bin/../lib/gcc/arm-none-eabi/10.3.1/../../../../arm-none-eabi/lib/thumb/v7-m/nofp\libc_nano.a(lib_a-qsort.o)
 .text.med3.constprop.0
                0x00000000080096f6       0x3e c:/st/stm32cubeide_1.0.2/stm32cubeide/plugins/com.st.stm32cube.ide.mcu.externaltools.gnu-tools-for-stm32.10.3-2021.10.win32_1.0.0.202111181127/tools/bin/../lib/gcc/arm-none-eabi/10.3.1/../../../../arm-none-eabi/lib/thumb/v7-m/nofp\libc_nano.a(lib_a-qsort.o)
 .text.qsort    0x0000000008009734      0x2a4 c:/st/stm32cubeide_1.0.2/stm32cubeide/plugins/com.st.stm32cube.ide.mcu.externaltools.gnu-tools-for-stm32.10.3-2021.10.win32_1.0.0.202111181127/tools/bin/../lib/gcc/arm-none-eabi/10.3.1/../../../../arm-none-eabi/lib/thumb/v7-m/nofp\libc_nano.a(lib_a-qsort.o)
                0x0000000008009734                qsort
 .text._sbrk_r  0x00000000080099d8       0x20 c:/st/stm32cubeide_1.0.2/stm32cubeide/plugins/com.st.stm32cube.ide.mcu.externaltools.gnu-tools-for-stm32.10.3-2021.10.win32_1.0.0.202111181127/tools/bin/../lib/gcc/arm-none-eabi/10.3.1/../../../../arm-none-eabi/lib/thumb/v7-m/nofp\libc_nano.a(lib_a-sbrkr.o)
                0x00000000080099d8                _sbrk_r
 .text._raise_r
                0x00000000080099f8       0x50 c:/st/stm32cubeide_1.0.2/stm32cubeide/plugins/com.st.stm32cube.ide.mcu.externaltools.gnu-tools-for-stm32.10.3-2021.10.win32_1.0.0.202111181127/tools/bin/../lib/gcc/arm-none-eabi/10.3.1/../../../../arm-none-eabi/lib/thumb/v7-m/nofp\libc_nano.a(lib_a-signal.o)
                0x00000000080099f8                _raise_r
 .text.raise    0x0000000008009a48       0x10 c:/st/stm32cubeide_1.0.2/stm32cubeide/plugins/com.st.stm32cube.ide.mcu.externaltools.gnu-tools-for-stm32.10.3-2021.10.win32_1.0.0.202111181127/tools/bin/../lib/gcc/arm-none-eabi/10.3.1/../../../../arm-none-eabi/lib/thumb/v7-m/nofp\libc_nano.a(lib_a-signal.o)
                0x0000000008009a48                raise
 .text._kill_r  0x0000000008009a58       0x24 c:/st/stm32cubeide_1.0.2/stm32cubeide/plugins/com.st.stm32cube.ide.mcu.externaltools.gnu-tools-for-stm32.10.3-2021.10.win32_1.0.0.202111181127/tools/bin/../lib/gcc/arm-none-eabi/10.3.1/../../../../arm-none-eabi/lib/thumb/v7-m/nofp\libc_nano.a(lib_a-signalr.o)
                0x0000000008009a58                _kill_r
 .text._getpid_r
                0x0000000008009a7c        0x4 c:/st/stm32cubeide_1.0.2/stm32cubeide/plugins/com.st.stm32cube.ide.mcu.externaltools.gnu-tools-for-stm32.10.3-2021.10.win32_1.0.0.202111181127/tools/bin/../lib/gcc/arm-none-eabi/10.3.1/../../../../arm-none-eabi/lib/thumb/v7-m/nofp\libc_nano.a(lib_a-signalr.o)
                0x0000000008009a7c                _getpid_r
 .text.sprintf  0x0000000008009a80       0x40 c:/st/stm32cubeide_1.0.2/stm32cubeide/plugins/com.st.stm32cube.ide.mcu.externaltools.gnu-tools-for-stm32.10.3-2021.10.win32_1.0.0.202111181127/tools/bin/../lib/gcc/arm-none-eabi/10.3.1/../../../../arm-none-eabi/lib/thumb/v7-m/nofp\libc_nano.a(lib_a-sprintf.o)
                0x0000000008009a80                siprintf
                0x0000000008009a80                sprintf
 .text.strcat   0x0000000008009ac0       0x1e c:/st/stm32cubeide_1.0.2/stm32cubeide/plugins/com.st.stm32cube.ide.mcu.externaltools.gnu-tools-for-stm32.10.3-2021.10.win32_1.0.0.202111181127/tools/bin/../lib/gcc/arm-none-eabi/10.3.1/../../../../arm-none-eabi/lib/thumb/v7-m/nofp\libc_nano.a(lib_a-strcat.o)
                0x0000000008009ac0                strcat
 *fill*         0x0000000008009ade        0x2 
 .text.tolower  0x0000000008009ae0       0x14 c:/st/stm32cubeide_1.0.2/stm32cubeide/plugins/com.st.stm32cube.ide.mcu.externaltools.gnu-tools-for-stm32.10.3-2021.10.win32_1.0.0.202111181127/tools/bin/../lib/gcc/arm-none-eabi/10.3.1/../../../../arm-none-eabi/lib/thumb/v7-m/nofp\libc_nano.a(lib_a-tolower.o)
                0x0000000008009ae0                tolower
 .text.__malloc_lock
                0x0000000008009af4        0xc c:/st/stm32cubeide_1.0.2/stm32cubeide/plugins/com.st.stm32cube.ide.mcu.externaltools.gnu-tools-for-stm32.10.3-2021.10.win32_1.0.0.202111181127/tools/bin/../lib/gcc/arm-none-eabi/10.3.1/../../../../arm-none-eabi/lib/thumb/v7-m/nofp\libc_nano.a(lib_a-mlock.o)
                0x0000000008009af4                __malloc_lock
 .text.__malloc_unlock
                0x0000000008009b00        0xc c:/st/stm32cubeide_1.0.2/stm32cubeide/plugins/com.st.stm32cube.ide.mcu.externaltools.gnu-tools-for-stm32.10.3-2021.10.win32_1.0.0.202111181127/tools/bin/../lib/gcc/arm-none-eabi/10.3.1/../../../../arm-none-eabi/lib/thumb/v7-m/nofp\libc_nano.a(lib_a-mlock.o)
                0x0000000008009b00                __malloc_unlock
 .text.__ssputs_r
                0x0000000008009b0c       0xb6 c:/st/stm32cubeide_1.0.2/stm32cubeide/plugins/com.st.stm32cube.ide.mcu.externaltools.gnu-tools-for-stm32.10.3-2021.10.win32_1.0.0.202111181127/tools/bin/../lib/gcc/arm-none-eabi/10.3.1/../../../../arm-none-eabi/lib/thumb/v7-m/nofp\libc_nano.a(lib_a-nano-svfprintf.o)
                0x0000000008009b0c                __ssputs_r
 *fill*         0x0000000008009bc2        0x2 
 .text._svfprintf_r
                0x0000000008009bc4      0x200 c:/st/stm32cubeide_1.0.2/stm32cubeide/plugins/com.st.stm32cube.ide.mcu.externaltools.gnu-tools-for-stm32.10.3-2021.10.win32_1.0.0.202111181127/tools/bin/../lib/gcc/arm-none-eabi/10.3.1/../../../../arm-none-eabi/lib/thumb/v7-m/nofp\libc_nano.a(lib_a-nano-svfprintf.o)
                0x0000000008009bc4                _svfiprintf_r
                0x0000000008009bc4                _svfprintf_r
 .text._printf_common
                0x0000000008009dc4       0xde c:/st/stm32cubeide_1.0.2/stm32cubeide/plugins/com.st.stm32cube.ide.mcu.externaltools.gnu-tools-for-stm32.10.3-2021.10.win32_1.0.0.202111181127/tools/bin/../lib/gcc/arm-none-eabi/10.3.1/../../../../arm-none-eabi/lib/thumb/v7-m/nofp\libc_nano.a(lib_a-nano-vfprintf_i.o)
                0x0000000008009dc4                _printf_common
 *fill*         0x0000000008009ea2        0x2 
 .text._printf_i
                0x0000000008009ea4      0x24c c:/st/stm32cubeide_1.0.2/stm32cubeide/plugins/com.st.stm32cube.ide.mcu.externaltools.gnu-tools-for-stm32.10.3-2021.10.win32_1.0.0.202111181127/tools/bin/../lib/gcc/arm-none-eabi/10.3.1/../../../../arm-none-eabi/lib/thumb/v7-m/nofp\libc_nano.a(lib_a-nano-vfprintf_i.o)
                0x0000000008009ea4                _printf_i
 .text.__retarget_lock_acquire_recursive
                0x000000000800a0f0        0x2 c:/st/stm32cubeide_1.0.2/stm32cubeide/plugins/com.st.stm32cube.ide.mcu.externaltools.gnu-tools-for-stm32.10.3-2021.10.win32_1.0.0.202111181127/tools/bin/../lib/gcc/arm-none-eabi/10.3.1/../../../../arm-none-eabi/lib/thumb/v7-m/nofp\libc_nano.a(lib_a-lock.o)
                0x000000000800a0f0                __retarget_lock_acquire_recursive
 .text.__retarget_lock_release_recursive
                0x000000000800a0f2        0x2 c:/st/stm32cubeide_1.0.2/stm32cubeide/plugins/com.st.stm32cube.ide.mcu.externaltools.gnu-tools-for-stm32.10.3-2021.10.win32_1.0.0.202111181127/tools/bin/../lib/gcc/arm-none-eabi/10.3.1/../../../../arm-none-eabi/lib/thumb/v7-m/nofp\libc_nano.a(lib_a-lock.o)
                0x000000000800a0f2                __retarget_lock_release_recursive
 .text.memchr   0x000000000800a0f4       0x1c c:/st/stm32cubeide_1.0.2/stm32cubeide/plugins/com.st.stm32cube.ide.mcu.externaltools.gnu-tools-for-stm32.10.3-2021.10.win32_1.0.0.202111181127/tools/bin/../lib/gcc/arm-none-eabi/10.3.1/../../../../arm-none-eabi/lib/thumb/v7-m/nofp\libc_nano.a(lib_a-memchr-stub.o)
                0x000000000800a0f4                memchr
 .text.memmove  0x000000000800a110       0x34 c:/st/stm32cubeide_1.0.2/stm32cubeide/plugins/com.st.stm32cube.ide.mcu.externaltools.gnu-tools-for-stm32.10.3-2021.10.win32_1.0.0.202111181127/tools/bin/../lib/gcc/arm-none-eabi/10.3.1/../../../../arm-none-eabi/lib/thumb/v7-m/nofp\libc_nano.a(lib_a-memmove.o)
                0x000000000800a110                memmove
 .text._realloc_r
                0x000000000800a144       0x5e c:/st/stm32cubeide_1.0.2/stm32cubeide/plugins/com.st.stm32cube.ide.mcu.externaltools.gnu-tools-for-stm32.10.3-2021.10.win32_1.0.0.202111181127/tools/bin/../lib/gcc/arm-none-eabi/10.3.1/../../../../arm-none-eabi/lib/thumb/v7-m/nofp\libc_nano.a(lib_a-nano-reallocr.o)
                0x000000000800a144                _realloc_r
 .text._malloc_usable_size_r
                0x000000000800a1a2       0x10 c:/st/stm32cubeide_1.0.2/stm32cubeide/plugins/com.st.stm32cube.ide.mcu.externaltools.gnu-tools-for-stm32.10.3-2021.10.win32_1.0.0.202111181127/tools/bin/../lib/gcc/arm-none-eabi/10.3.1/../../../../arm-none-eabi/lib/thumb/v7-m/nofp\libc_nano.a(lib_a-nano-msizer.o)
                0x000000000800a1a2                _malloc_usable_size_r
 *(.glue_7)
 .glue_7        0x000000000800a1b2        0x0 linker stubs
 *(.glue_7t)
 .glue_7t       0x000000000800a1b2        0x0 linker stubs
 *(.eh_frame)
 *fill*         0x000000000800a1b2        0x2 
 .eh_frame      0x000000000800a1b4        0x0 c:/st/stm32cubeide_1.0.2/stm32cubeide/plugins/com.st.stm32cube.ide.mcu.externaltools.gnu-tools-for-stm32.10.3-2021.10.win32_1.0.0.202111181127/tools/bin/../lib/gcc/arm-none-eabi/10.3.1/thumb/v7-m/nofp/crtbegin.o
 *(.init)
 .init          0x000000000800a1b4        0x4 c:/st/stm32cubeide_1.0.2/stm32cubeide/plugins/com.st.stm32cube.ide.mcu.externaltools.gnu-tools-for-stm32.10.3-2021.10.win32_1.0.0.202111181127/tools/bin/../lib/gcc/arm-none-eabi/10.3.1/thumb/v7-m/nofp/crti.o
                0x000000000800a1b4                _init
 .init          0x000000000800a1b8        0x8 c:/st/stm32cubeide_1.0.2/stm32cubeide/plugins/com.st.stm32cube.ide.mcu.externaltools.gnu-tools-for-stm32.10.3-2021.10.win32_1.0.0.202111181127/tools/bin/../lib/gcc/arm-none-eabi/10.3.1/thumb/v7-m/nofp/crtn.o
 *(.fini)
 .fini          0x000000000800a1c0        0x4 c:/st/stm32cubeide_1.0.2/stm32cubeide/plugins/com.st.stm32cube.ide.mcu.externaltools.gnu-tools-for-stm32.10.3-2021.10.win32_1.0.0.202111181127/tools/bin/../lib/gcc/arm-none-eabi/10.3.1/thumb/v7-m/nofp/crti.o
                0x000000000800a1c0                _fini
 .fini          0x000000000800a1c4        0x8 c:/st/stm32cubeide_1.0.2/stm32cubeide/plugins/com.st.stm32cube.ide.mcu.externaltools.gnu-tools-for-stm32.10.3-2021.10.win32_1.0.0.202111181127/tools/bin/../lib/gcc/arm-none-eabi/10.3.1/thumb/v7-m/nofp/crtn.o
                0x000000000800a1cc                . = ALIGN (0x4)
                0x000000000800a1cc                _etext = .

.vfp11_veneer   0x000000000800a1cc        0x0
 .vfp11_veneer  0x000000000800a1cc        0x0 linker stubs

.v4_bx          0x000000000800a1cc        0x0
 .v4_bx         0x000000000800a1cc        0x0 linker stubs

.iplt           0x000000000800a1cc        0x0
 .iplt          0x000000000800a1cc        0x0 c:/st/stm32cubeide_1.0.2/stm32cubeide/plugins/com.st.stm32cube.ide.mcu.externaltools.gnu-tools-for-stm32.10.3-2021.10.win32_1.0.0.202111181127/tools/bin/../lib/gcc/arm-none-eabi/10.3.1/thumb/v7-m/nofp/crtbegin.o

.rodata         0x000000000800a1cc      0x1b8
                0x000000000800a1cc                . = ALIGN (0x4)
 *(.rodata)
 .rodata        0x000000000800a1cc       0x10 ./Drivers/STM32F1xx_HAL_Driver/Src/stm32f1xx_hal_rcc.o
 .rodata        0x000000000800a1dc       0x13 ./MacroKeyboard/HidKeyboard/Src/hid_keyboard_state_util.o
 *fill*         0x000000000800a1ef        0x1 
 .rodata        0x000000000800a1f0       0x46 ./USB_DEVICE/App/usbd_desc.o
 *(.rodata*)
 *fill*         0x000000000800a236        0x2 
 .rodata.AHBPrescTable
                0x000000000800a238       0x10 ./Core/Src/system_stm32f1xx.o
                0x000000000800a238                AHBPrescTable
 .rodata.APBPrescTable
                0x000000000800a248        0x8 ./Core/Src/system_stm32f1xx.o
                0x000000000800a248                APBPrescTable
 .rodata._ctype_
                0x000000000800a250      0x101 c:/st/stm32cubeide_1.0.2/stm32cubeide/plugins/com.st.stm32cube.ide.mcu.externaltools.gnu-tools-for-stm32.10.3-2021.10.win32_1.0.0.202111181127/tools/bin/../lib/gcc/arm-none-eabi/10.3.1/../../../../arm-none-eabi/lib/thumb/v7-m/nofp\libc_nano.a(lib_a-ctype_.o)
                0x000000000800a250                _ctype_
 .rodata._svfprintf_r.str1.1
                0x000000000800a351       0x11 c:/st/stm32cubeide_1.0.2/stm32cubeide/plugins/com.st.stm32cube.ide.mcu.externaltools.gnu-tools-for-stm32.10.3-2021.10.win32_1.0.0.202111181127/tools/bin/../lib/gcc/arm-none-eabi/10.3.1/../../../../arm-none-eabi/lib/thumb/v7-m/nofp\libc_nano.a(lib_a-nano-svfprintf.o)
 .rodata._printf_i.str1.1
                0x000000000800a362       0x22 c:/st/stm32cubeide_1.0.2/stm32cubeide/plugins/com.st.stm32cube.ide.mcu.externaltools.gnu-tools-for-stm32.10.3-2021.10.win32_1.0.0.202111181127/tools/bin/../lib/gcc/arm-none-eabi/10.3.1/../../../../arm-none-eabi/lib/thumb/v7-m/nofp\libc_nano.a(lib_a-nano-vfprintf_i.o)
                0x000000000800a384                . = ALIGN (0x4)

.rel.dyn        0x000000000800a384        0x0
 .rel.iplt      0x000000000800a384        0x0 c:/st/stm32cubeide_1.0.2/stm32cubeide/plugins/com.st.stm32cube.ide.mcu.externaltools.gnu-tools-for-stm32.10.3-2021.10.win32_1.0.0.202111181127/tools/bin/../lib/gcc/arm-none-eabi/10.3.1/thumb/v7-m/nofp/crtbegin.o

.ARM.extab      0x000000000800a384        0x0
                0x000000000800a384                . = ALIGN (0x4)
 *(.ARM.extab* .gnu.linkonce.armextab.*)
                0x000000000800a384                . = ALIGN (0x4)

.ARM            0x000000000800a384        0x0
                0x000000000800a384                . = ALIGN (0x4)
                0x000000000800a384                __exidx_start = .
 *(.ARM.exidx*)
                0x000000000800a384                __exidx_end = .
                0x000000000800a384                . = ALIGN (0x4)

.preinit_array  0x000000000800a384        0x0
                0x000000000800a384                . = ALIGN (0x4)
                0x000000000800a384                PROVIDE (__preinit_array_start = .)
 *(.preinit_array*)
                0x000000000800a384                PROVIDE (__preinit_array_end = .)
                0x000000000800a384                . = ALIGN (0x4)

.init_array     0x000000000800a384        0x4
                0x000000000800a384                . = ALIGN (0x4)
                0x000000000800a384                PROVIDE (__init_array_start = .)
 *(SORT_BY_NAME(.init_array.*))
 *(.init_array*)
 .init_array    0x000000000800a384        0x4 c:/st/stm32cubeide_1.0.2/stm32cubeide/plugins/com.st.stm32cube.ide.mcu.externaltools.gnu-tools-for-stm32.10.3-2021.10.win32_1.0.0.202111181127/tools/bin/../lib/gcc/arm-none-eabi/10.3.1/thumb/v7-m/nofp/crtbegin.o
                0x000000000800a388                PROVIDE (__init_array_end = .)
                0x000000000800a388                . = ALIGN (0x4)

.fini_array     0x000000000800a388        0x4
                0x000000000800a388                . = ALIGN (0x4)
                [!provide]                        PROVIDE (__fini_array_start = .)
 *(SORT_BY_NAME(.fini_array.*))
 *(.fini_array*)
 .fini_array    0x000000000800a388        0x4 c:/st/stm32cubeide_1.0.2/stm32cubeide/plugins/com.st.stm32cube.ide.mcu.externaltools.gnu-tools-for-stm32.10.3-2021.10.win32_1.0.0.202111181127/tools/bin/../lib/gcc/arm-none-eabi/10.3.1/thumb/v7-m/nofp/crtbegin.o
                [!provide]                        PROVIDE (__fini_array_end = .)
                0x000000000800a38c                . = ALIGN (0x4)
                0x000000000800a38c                _sidata = LOADADDR (.data)

.data           0x0000000020000000      0x238 load address 0x000000000800a38c
                0x0000000020000000                . = ALIGN (0x4)
                0x0000000020000000                _sdata = .
 *(.data)
 *(.data*)
 .data.SystemCoreClock
                0x0000000020000000        0x4 ./Core/Src/system_stm32f1xx.o
                0x0000000020000000                SystemCoreClock
 .data.uwTickPrio
                0x0000000020000004        0x4 ./Drivers/STM32F1xx_HAL_Driver/Src/stm32f1xx_hal.o
                0x0000000020000004                uwTickPrio
 .data.uwTickFreq
                0x0000000020000008        0x1 ./Drivers/STM32F1xx_HAL_Driver/Src/stm32f1xx_hal.o
                0x0000000020000008                uwTickFreq
 *fill*         0x0000000020000009        0x3 
 .data.USBD_HID
                0x000000002000000c       0x38 ./Middlewares/ST/STM32_USB_Device_Library/Class/HID/Src/usbd_hid.o
                0x000000002000000c                USBD_HID
 .data.USBD_HID_CfgFSDesc
                0x0000000020000044       0x22 ./Middlewares/ST/STM32_USB_Device_Library/Class/HID/Src/usbd_hid.o
 *fill*         0x0000000020000066        0x2 
 .data.USBD_HID_CfgHSDesc
                0x0000000020000068       0x22 ./Middlewares/ST/STM32_USB_Device_Library/Class/HID/Src/usbd_hid.o
 *fill*         0x000000002000008a        0x2 
 .data.USBD_HID_OtherSpeedCfgDesc
                0x000000002000008c       0x22 ./Middlewares/ST/STM32_USB_Device_Library/Class/HID/Src/usbd_hid.o
 *fill*         0x00000000200000ae        0x2 
 .data.USBD_HID_Desc
                0x00000000200000b0        0x9 ./Middlewares/ST/STM32_USB_Device_Library/Class/HID/Src/usbd_hid.o
 *fill*         0x00000000200000b9        0x3 
 .data.USBD_HID_DeviceQualifierDesc
                0x00000000200000bc        0xa ./Middlewares/ST/STM32_USB_Device_Library/Class/HID/Src/usbd_hid.o
 *fill*         0x00000000200000c6        0x2 
 .data.HID_MOUSE_ReportDesc
                0x00000000200000c8       0xbb ./Middlewares/ST/STM32_USB_Device_Library/Class/HID/Src/usbd_hid.o
 *fill*         0x0000000020000183        0x1 
 .data.FS_Desc  0x0000000020000184       0x1c ./USB_DEVICE/App/usbd_desc.o
                0x0000000020000184                FS_Desc
 .data.USBD_FS_DeviceDesc
                0x00000000200001a0       0x12 ./USB_DEVICE/App/usbd_desc.o
                0x00000000200001a0                USBD_FS_DeviceDesc
 *fill*         0x00000000200001b2        0x2 
 .data.USBD_LangIDDesc
                0x00000000200001b4        0x4 ./USB_DEVICE/App/usbd_desc.o
                0x00000000200001b4                USBD_LangIDDesc
 .data.USBD_StringSerial
                0x00000000200001b8       0x1a ./USB_DEVICE/App/usbd_desc.o
                0x00000000200001b8                USBD_StringSerial
 *fill*         0x00000000200001d2        0x2 
 .data._impure_ptr
                0x00000000200001d4        0x4 c:/st/stm32cubeide_1.0.2/stm32cubeide/plugins/com.st.stm32cube.ide.mcu.externaltools.gnu-tools-for-stm32.10.3-2021.10.win32_1.0.0.202111181127/tools/bin/../lib/gcc/arm-none-eabi/10.3.1/../../../../arm-none-eabi/lib/thumb/v7-m/nofp\libc_nano.a(lib_a-impure.o)
                0x00000000200001d4                _impure_ptr
 .data.impure_data
                0x00000000200001d8       0x60 c:/st/stm32cubeide_1.0.2/stm32cubeide/plugins/com.st.stm32cube.ide.mcu.externaltools.gnu-tools-for-stm32.10.3-2021.10.win32_1.0.0.202111181127/tools/bin/../lib/gcc/arm-none-eabi/10.3.1/../../../../arm-none-eabi/lib/thumb/v7-m/nofp\libc_nano.a(lib_a-impure.o)
 *(.RamFunc)
 *(.RamFunc*)
                0x0000000020000238                . = ALIGN (0x4)
                0x0000000020000238                _edata = .

.igot.plt       0x0000000020000238        0x0 load address 0x000000000800a5c4
 .igot.plt      0x0000000020000238        0x0 c:/st/stm32cubeide_1.0.2/stm32cubeide/plugins/com.st.stm32cube.ide.mcu.externaltools.gnu-tools-for-stm32.10.3-2021.10.win32_1.0.0.202111181127/tools/bin/../lib/gcc/arm-none-eabi/10.3.1/thumb/v7-m/nofp/crtbegin.o
                0x0000000020000238                . = ALIGN (0x4)

.bss            0x0000000020000238      0xb88 load address 0x000000000800a5c4
                0x0000000020000238                _sbss = .
                0x0000000020000238                __bss_start__ = _sbss
 *(.bss)
 .bss           0x0000000020000238       0x1c c:/st/stm32cubeide_1.0.2/stm32cubeide/plugins/com.st.stm32cube.ide.mcu.externaltools.gnu-tools-for-stm32.10.3-2021.10.win32_1.0.0.202111181127/tools/bin/../lib/gcc/arm-none-eabi/10.3.1/thumb/v7-m/nofp/crtbegin.o
 *(.bss*)
 .bss.ps2ScanCodeBuffer
                0x0000000020000254        0x1 ./Core/Src/keyboard_driver.o
                0x0000000020000254                ps2ScanCodeBuffer
 *fill*         0x0000000020000255        0x3 
 .bss.outBuffer
                0x0000000020000258       0x80 ./Core/Src/keyboard_driver.o
                0x0000000020000258                outBuffer
 .bss._ZZ18send_report_to_usbPN12keyboard_api14KeyboardReportEE8krStatic
                0x00000000200002d8        0x8 ./Core/Src/keyboard_driver.o
 .bss.huart1    0x00000000200002e0       0x40 ./Core/Src/main.o
                0x00000000200002e0                huart1
 .bss.huart2    0x0000000020000320       0x40 ./Core/Src/main.o
                0x0000000020000320                huart2
 .bss.hdma_usart1_rx
                0x0000000020000360       0x44 ./Core/Src/main.o
                0x0000000020000360                hdma_usart1_rx
 .bss.__sbrk_heap_end
                0x00000000200003a4        0x4 ./Core/Src/sysmem.o
 .bss.uwTick    0x00000000200003a8        0x4 ./Drivers/STM32F1xx_HAL_Driver/Src/stm32f1xx_hal.o
                0x00000000200003a8                uwTick
 .bss._ZN14macro_keyboard13MacroKeyboard19macroKeyboardConfigE
                0x00000000200003ac        0x4 ./MacroKeyboard/Main/Src/macro_keyboard.o
                0x00000000200003ac                macro_keyboard::MacroKeyboard::macroKeyboardConfig
 .bss._ZN14macro_keyboard13MacroKeyboard14receivePs2DataE
                0x00000000200003b0        0x4 ./MacroKeyboard/Main/Src/macro_keyboard.o
                0x00000000200003b0                macro_keyboard::MacroKeyboard::receivePs2Data
 .bss._ZN14macro_keyboard13MacroKeyboard13keyNotHandledE
                0x00000000200003b4        0x1 ./MacroKeyboard/Main/Src/macro_keyboard.o
                0x00000000200003b4                macro_keyboard::MacroKeyboard::keyNotHandled
 *fill*         0x00000000200003b5        0x3 
 .bss._ZN14macro_keyboard13MacroKeyboard18inputKeyboardStateE
                0x00000000200003b8        0x4 ./MacroKeyboard/Main/Src/macro_keyboard.o
                0x00000000200003b8                macro_keyboard::MacroKeyboard::inputKeyboardState
 .bss._ZN14macro_keyboard13MacroKeyboard13macroExecutorE
                0x00000000200003bc        0x4 ./MacroKeyboard/Main/Src/macro_keyboard.o
                0x00000000200003bc                macro_keyboard::MacroKeyboard::macroExecutor
 .bss._ZZN14macro_keyboard13MacroKeyboard4initEPNS_19MacroKeyboardConfigEE21macroOutKeyboardState
                0x00000000200003c0        0x4 ./MacroKeyboard/Main/Src/macro_keyboard.o
 .bss._ZGVZN14macro_keyboard13MacroKeyboard4initEPNS_19MacroKeyboardConfigEE21macroOutKeyboardState
                0x00000000200003c4        0x4 ./MacroKeyboard/Main/Src/macro_keyboard.o
 .bss._ZZN14macro_keyboard13MacroKeyboard4initEPNS_19MacroKeyboardConfigEE19macroCommandHandler
                0x00000000200003c8        0x4 ./MacroKeyboard/Main/Src/macro_keyboard.o
 .bss._ZGVZN14macro_keyboard13MacroKeyboard4initEPNS_19MacroKeyboardConfigEE19macroCommandHandler
                0x00000000200003cc        0x4 ./MacroKeyboard/Main/Src/macro_keyboard.o
 .bss._ZN12ps2_keyboard17Ps2KeyboardReader14ps2InputBufferE
                0x00000000200003d0       0x40 ./MacroKeyboard/Ps2Keyboard/Src/ps2_keyboard_reader.o
                0x00000000200003d0                ps2_keyboard::Ps2KeyboardReader::ps2InputBuffer
 .bss._ZN12ps2_keyboard17Ps2KeyboardReader12ps2InputHeadE
                0x0000000020000410        0x1 ./MacroKeyboard/Ps2Keyboard/Src/ps2_keyboard_reader.o
                0x0000000020000410                ps2_keyboard::Ps2KeyboardReader::ps2InputHead
 .bss._ZN12ps2_keyboard17Ps2KeyboardReader12ps2InputTailE
                0x0000000020000411        0x1 ./MacroKeyboard/Ps2Keyboard/Src/ps2_keyboard_reader.o
                0x0000000020000411                ps2_keyboard::Ps2KeyboardReader::ps2InputTail
 *fill*         0x0000000020000412        0x2 
 .bss._ZN21ps2_to_hid_transcoder9Ps2HidMap17ps2ToHidLookupMapE
                0x0000000020000414       0xe7 ./MacroKeyboard/Ps2ToHidTranscoder/Src/ps2_hid_map.o
                0x0000000020000414                ps2_to_hid_transcoder::Ps2HidMap::ps2ToHidLookupMap
 *fill*         0x00000000200004fb        0x1 
 .bss._ZN21ps2_to_hid_transcoder9Ps2HidMap20ps2ExtToHidLookupMapE
                0x00000000200004fc       0xe1 ./MacroKeyboard/Ps2ToHidTranscoder/Src/ps2_hid_map.o
                0x00000000200004fc                ps2_to_hid_transcoder::Ps2HidMap::ps2ExtToHidLookupMap
 .bss._ZN21ps2_to_hid_transcoder9Ps2HidMap8initDoneE
                0x00000000200005dd        0x1 ./MacroKeyboard/Ps2ToHidTranscoder/Src/ps2_hid_map.o
                0x00000000200005dd                ps2_to_hid_transcoder::Ps2HidMap::initDone
 *fill*         0x00000000200005de        0x2 
 .bss._ZN10delay_util5Delay10delayProtoE
                0x00000000200005e0        0x4 ./MacroKeyboard/Timer/Src/delay_util.o
                0x00000000200005e0                delay_util::Delay::delayProto
 .bss.cfgidx.0  0x00000000200005e4        0x1 ./Middlewares/ST/STM32_USB_Device_Library/Core/Src/usbd_ctlreq.o
 *fill*         0x00000000200005e5        0x3 
 .bss.hUsbDeviceFS
                0x00000000200005e8      0x2c4 ./USB_DEVICE/App/usb_device.o
                0x00000000200005e8                hUsbDeviceFS
 .bss.USBD_StrDesc
                0x00000000200008ac      0x200 ./USB_DEVICE/App/usbd_desc.o
                0x00000000200008ac                USBD_StrDesc
 .bss.hpcd_USB_FS
                0x0000000020000aac      0x2ec ./USB_DEVICE/Target/usbd_conf.o
                0x0000000020000aac                hpcd_USB_FS
 .bss.mem.0     0x0000000020000d98       0x14 ./USB_DEVICE/Target/usbd_conf.o
 .bss._ZN12_GLOBAL__N_113__new_handlerE
                0x0000000020000dac        0x4 c:/st/stm32cubeide_1.0.2/stm32cubeide/plugins/com.st.stm32cube.ide.mcu.externaltools.gnu-tools-for-stm32.10.3-2021.10.win32_1.0.0.202111181127/tools/bin/../lib/gcc/arm-none-eabi/10.3.1/../../../../arm-none-eabi/lib/thumb/v7-m/nofp\libstdc++_nano.a(new_handler.o)
 .bss.__malloc_free_list
                0x0000000020000db0        0x4 c:/st/stm32cubeide_1.0.2/stm32cubeide/plugins/com.st.stm32cube.ide.mcu.externaltools.gnu-tools-for-stm32.10.3-2021.10.win32_1.0.0.202111181127/tools/bin/../lib/gcc/arm-none-eabi/10.3.1/../../../../arm-none-eabi/lib/thumb/v7-m/nofp\libc_nano.a(lib_a-nano-mallocr.o)
                0x0000000020000db0                __malloc_free_list
 .bss.__malloc_sbrk_start
                0x0000000020000db4        0x4 c:/st/stm32cubeide_1.0.2/stm32cubeide/plugins/com.st.stm32cube.ide.mcu.externaltools.gnu-tools-for-stm32.10.3-2021.10.win32_1.0.0.202111181127/tools/bin/../lib/gcc/arm-none-eabi/10.3.1/../../../../arm-none-eabi/lib/thumb/v7-m/nofp\libc_nano.a(lib_a-nano-mallocr.o)
                0x0000000020000db4                __malloc_sbrk_start
 .bss.errno     0x0000000020000db8        0x4 c:/st/stm32cubeide_1.0.2/stm32cubeide/plugins/com.st.stm32cube.ide.mcu.externaltools.gnu-tools-for-stm32.10.3-2021.10.win32_1.0.0.202111181127/tools/bin/../lib/gcc/arm-none-eabi/10.3.1/../../../../arm-none-eabi/lib/thumb/v7-m/nofp\libc_nano.a(lib_a-reent.o)
                0x0000000020000db8                errno
 .bss.__lock___malloc_recursive_mutex
                0x0000000020000dbc        0x1 c:/st/stm32cubeide_1.0.2/stm32cubeide/plugins/com.st.stm32cube.ide.mcu.externaltools.gnu-tools-for-stm32.10.3-2021.10.win32_1.0.0.202111181127/tools/bin/../lib/gcc/arm-none-eabi/10.3.1/../../../../arm-none-eabi/lib/thumb/v7-m/nofp\libc_nano.a(lib_a-lock.o)
                0x0000000020000dbc                __lock___malloc_recursive_mutex
 *(COMMON)
                0x0000000020000dc0                . = ALIGN (0x4)
 *fill*         0x0000000020000dbd        0x3 
                0x0000000020000dc0                _ebss = .
                0x0000000020000dc0                __bss_end__ = _ebss

._user_heap_stack
                0x0000000020000dc0      0x600 load address 0x000000000800a5c4
                0x0000000020000dc0                . = ALIGN (0x8)
                [!provide]                        PROVIDE (end = .)
                0x0000000020000dc0                PROVIDE (_end = .)
                0x0000000020000fc0                . = (. + _Min_Heap_Size)
 *fill*         0x0000000020000dc0      0x200 
                0x00000000200013c0                . = (. + _Min_Stack_Size)
 *fill*         0x0000000020000fc0      0x400 
                0x00000000200013c0                . = ALIGN (0x8)

/DISCARD/
 libc.a(*)
 libm.a(*)
 libgcc.a(*)

.ARM.attributes
                0x0000000000000000       0x29
 *(.ARM.attributes)
 .ARM.attributes
                0x0000000000000000       0x1d c:/st/stm32cubeide_1.0.2/stm32cubeide/plugins/com.st.stm32cube.ide.mcu.externaltools.gnu-tools-for-stm32.10.3-2021.10.win32_1.0.0.202111181127/tools/bin/../lib/gcc/arm-none-eabi/10.3.1/thumb/v7-m/nofp/crti.o
 .ARM.attributes
                0x000000000000001d       0x2d c:/st/stm32cubeide_1.0.2/stm32cubeide/plugins/com.st.stm32cube.ide.mcu.externaltools.gnu-tools-for-stm32.10.3-2021.10.win32_1.0.0.202111181127/tools/bin/../lib/gcc/arm-none-eabi/10.3.1/thumb/v7-m/nofp/crtbegin.o
 .ARM.attributes
                0x000000000000004a       0x2d ./Core/Src/keyboard_driver.o
 .ARM.attributes
                0x0000000000000077       0x2d ./Core/Src/main.o
 .ARM.attributes
                0x00000000000000a4       0x2d ./Core/Src/stm32f1xx_hal_msp.o
 .ARM.attributes
                0x00000000000000d1       0x2d ./Core/Src/stm32f1xx_it.o
 .ARM.attributes
                0x00000000000000fe       0x2d ./Core/Src/syscalls.o
 .ARM.attributes
                0x000000000000012b       0x2d ./Core/Src/sysmem.o
 .ARM.attributes
                0x0000000000000158       0x2d ./Core/Src/system_stm32f1xx.o
 .ARM.attributes
                0x0000000000000185       0x21 ./Core/Startup/startup_stm32f103c8tx.o
 .ARM.attributes
                0x00000000000001a6       0x2d ./Drivers/STM32F1xx_HAL_Driver/Src/stm32f1xx_hal.o
 .ARM.attributes
                0x00000000000001d3       0x2d ./Drivers/STM32F1xx_HAL_Driver/Src/stm32f1xx_hal_cortex.o
 .ARM.attributes
                0x0000000000000200       0x2d ./Drivers/STM32F1xx_HAL_Driver/Src/stm32f1xx_hal_dma.o
 .ARM.attributes
                0x000000000000022d       0x2d ./Drivers/STM32F1xx_HAL_Driver/Src/stm32f1xx_hal_gpio.o
 .ARM.attributes
                0x000000000000025a       0x2d ./Drivers/STM32F1xx_HAL_Driver/Src/stm32f1xx_hal_pcd.o
 .ARM.attributes
                0x0000000000000287       0x2d ./Drivers/STM32F1xx_HAL_Driver/Src/stm32f1xx_hal_pcd_ex.o
 .ARM.attributes
                0x00000000000002b4       0x2d ./Drivers/STM32F1xx_HAL_Driver/Src/stm32f1xx_hal_rcc.o
 .ARM.attributes
                0x00000000000002e1       0x2d ./Drivers/STM32F1xx_HAL_Driver/Src/stm32f1xx_hal_rcc_ex.o
 .ARM.attributes
                0x000000000000030e       0x2d ./Drivers/STM32F1xx_HAL_Driver/Src/stm32f1xx_hal_uart.o
 .ARM.attributes
                0x000000000000033b       0x2d ./Drivers/STM32F1xx_HAL_Driver/Src/stm32f1xx_ll_usb.o
 .ARM.attributes
                0x0000000000000368       0x2d ./MacroKeyboard/AsciiToHidTranscoder/Src/ascii_to_hid.o
 .ARM.attributes
                0x0000000000000395       0x2d ./MacroKeyboard/HidKeyboard/Src/hid_keyboard_state.o
 .ARM.attributes
                0x00000000000003c2       0x2d ./MacroKeyboard/HidKeyboard/Src/hid_keyboard_state_util.o
 .ARM.attributes
                0x00000000000003ef       0x2d ./MacroKeyboard/Macro/Src/macro_command_handler.o
 .ARM.attributes
                0x000000000000041c       0x2d ./MacroKeyboard/Macro/Src/macro_executor.o
 .ARM.attributes
                0x0000000000000449       0x2d ./MacroKeyboard/Macro/Src/macro_finder.o
 .ARM.attributes
                0x0000000000000476       0x2d ./MacroKeyboard/Macro/Src/macro_util.o
 .ARM.attributes
                0x00000000000004a3       0x2d ./MacroKeyboard/Main/Src/macro_keyboard.o
 .ARM.attributes
                0x00000000000004d0       0x2d ./MacroKeyboard/Memory/Src/memory_reader.o
 .ARM.attributes
                0x00000000000004fd       0x2d ./MacroKeyboard/Memory/Src/relative_memory_access.o
 .ARM.attributes
                0x000000000000052a       0x2d ./MacroKeyboard/Ps2Keyboard/Src/ps2_keyboard_reader.o
 .ARM.attributes
                0x0000000000000557       0x2d ./MacroKeyboard/Ps2ToHidTranscoder/Src/ps2_hid_map.o
 .ARM.attributes