../MacroKeyboard/HidKeyboard/Src/hid_keyboard_state.cpp:7:5:hid_keyboard::HidKeyboardState::HidKeyboardState(uint8_t, void (*)(keyboard_api::KeyboardReport*))	24	static
../MacroKeyboard/HidKeyboard/Src/hid_keyboard_state.cpp:14:13:uint8_t hid_keyboard::HidKeyboardState::keyDown(uint8_t, uint8_t)	16	static
../MacroKeyboard/HidKeyboard/Src/hid_keyboard_state.cpp:22:13:uint8_t hid_keyboard::HidKeyboardState::keyUp(uint8_t, uint8_t)	16	static
../MacroKeyboard/HidKeyboard/Src/hid_keyboard_state.cpp:30:13:uint8_t hid_keyboard::HidKeyboardState::handleKey(hid_keyboard::HidKey)	16	static
../MacroKeyboard/HidKeyboard/Src/hid_keyboard_state.cpp:41:13:uint8_t hid_keyboard::HidKeyboardState::sendReport()	24	static
../MacroKeyboard/HidKeyboard/Src/hid_keyboard_state.cpp:52:34:keyboard_api::KeyboardReport hid_keyboard::HidKeyboardState::getKeyboardReport()	16	static
../MacroKeyboard/HidKeyboard/Src/hid_keyboard_state.cpp:57:13:uint8_t hid_keyboard::HidKeyboardState::_keyDown(uint8_t)	24	static
../MacroKeyboard/HidKeyboard/Src/hid_keyboard_state.cpp:78:13:uint8_t hid_keyboard::HidKeyboardState::_keyUp(uint8_t)	24	static
../MacroKeyboard/HidKeyboard/Src/hid_keyboard_state.cpp:106:13:uint8_t hid_keyboard::HidKeyboardState::_modDown(uint8_t)	16	static
../MacroKeyboard/HidKeyboard/Src/hid_keyboard_state.cpp:112:13:uint8_t hid_keyboard::HidKeyboardState::_modUp(uint8_t)	16	static
