../MacroKeyboard/Ps2ToHidTranscoder/Src/ps2_to_hid_transcoder.cpp:7:5:ps2_to_hid_transcoder::Ps2ToHidTranscoder::Ps2ToHidTranscoder()	16	static
../MacroKeyboard/Ps2ToHidTranscoder/Src/ps2_to_hid_transcoder.cpp:9:10:static void ps2_to_hid_transcoder::Ps2ToHidTranscoder::init()	8	static
../MacroKeyboard/Ps2ToHidTranscoder/Src/ps2_to_hid_transcoder.cpp:14:12:static hid_keyboard::HidKey ps2_to_hid_transcoder::Ps2ToHidTranscoder::transcode(ps2_keyboard::Ps2Key)	32	static
../MacroKeyboard/Ps2ToHidTranscoder/Src/ps2_to_hid_transcoder.cpp:38:13:static uint8_t ps2_to_hid_transcoder::Ps2ToHidTranscoder::translateModKey(uint8_t)	16	static
