Archive member included to satisfy reference by file (symbol)

c:/st/stm32cubeide_1.0.2/stm32cubeide/plugins/com.st.stm32cube.ide.mcu.externaltools.gnu-tools-for-stm32.10.3-2021.10.win32_1.0.0.202111181127/tools/bin/../lib/gcc/arm-none-eabi/10.3.1/../../../../arm-none-eabi/lib/thumb/v7-m/nofp\libstdc++_nano.a(guard.o)
                              ./MacroKeyboard/Main/Src/macro_keyboard.o (__cxa_guard_acquire)
c:/st/stm32cubeide_1.0.2/stm32cubeide/plugins/com.st.stm32cube.ide.mcu.externaltools.gnu-tools-for-stm32.10.3-2021.10.win32_1.0.0.202111181127/tools/bin/../lib/gcc/arm-none-eabi/10.3.1/../../../../arm-none-eabi/lib/thumb/v7-m/nofp\libstdc++_nano.a(new_op.o)
                              ./MacroKeyboard/Macro/Src/macro_executor.o (operator new(unsigned int))
c:/st/stm32cubeide_1.0.2/stm32cubeide/plugins/com.st.stm32cube.ide.mcu.externaltools.gnu-tools-for-stm32.10.3-2021.10.win32_1.0.0.202111181127/tools/bin/../lib/gcc/arm-none-eabi/10.3.1/../../../../arm-none-eabi/lib/thumb/v7-m/nofp\libstdc++_nano.a(new_handler.o)
                              c:/st/stm32cubeide_1.0.2/stm32cubeide/plugins/com.st.stm32cube.ide.mcu.externaltools.gnu-tools-for-stm32.10.3-2021.10.win32_1.0.0.202111181127/tools/bin/../lib/gcc/arm-none-eabi/10.3.1/../../../../arm-none-eabi/lib/thumb/v7-m/nofp\libstdc++_nano.a(new_op.o) (std::get_new_handler())
c:/st/stm32cubeide_1.0.2/stm32cubeide/plugins/com.st.stm32cube.ide.mcu.externaltools.gnu-tools-for-stm32.10.3-2021.10.win32_1.0.0.202111181127/tools/bin/../lib/gcc/arm-none-eabi/10.3.1/../../../../arm-none-eabi/lib/thumb/v7-m/nofp\libc_nano.a(lib_a-abort.o)
                              c:/st/stm32cubeide_1.0.2/stm32cubeide/plugins/com.st.stm32cube.ide.mcu.externaltools.gnu-tools-for-stm32.10.3-2021.10.win32_1.0.0.202111181127/tools/bin/../lib/gcc/arm-none-eabi/10.3.1/../../../../arm-none-eabi/lib/thumb/v7-m/nofp\libstdc++_nano.a(new_op.o) (abort)
c:/st/stm32cubeide_1.0.2/stm32cubeide/plugins/com.st.stm32cube.ide.mcu.externaltools.gnu-tools-for-stm32.10.3-2021.10.win32_1.0.0.202111181127/tools/bin/../lib/gcc/arm-none-eabi/10.3.1/../../../../arm-none-eabi/lib/thumb/v7-m/nofp\libc_nano.a(lib_a-errno.o)
                              ./Core/Src/syscalls.o (__errno)
c:/st/stm32cubeide_1.0.2/stm32cubeide/plugins/com.st.stm32cube.ide.mcu.externaltools.gnu-tools-for-stm32.10.3-2021.10.win32_1.0.0.202111181127/tools/bin/../lib/gcc/arm-none-eabi/10.3.1/../../../../arm-none-eabi/lib/thumb/v7-m/nofp\libc_nano.a(lib_a-exit.o)
                              c:/st/stm32cubeide_1.0.2/stm32cubeide/plugins/com.st.stm32cube.ide.mcu.externaltools.gnu-tools-for-stm32.10.3-2021.10.win32_1.0.0.202111181127/tools/bin/../lib/gcc/arm-none-eabi/10.3.1/../../../../arm-none-eabi/lib/thumb/v7-m/nofp/crt0.o (exit)
c:/st/stm32cubeide_1.0.2/stm32cubeide/plugins/com.st.stm32cube.ide.mcu.externaltools.gnu-tools-for-stm32.10.3-2021.10.win32_1.0.0.202111181127/tools/bin/../lib/gcc/arm-none-eabi/10.3.1/../../../../arm-none-eabi/lib/thumb/v7-m/nofp\libc_nano.a(lib_a-impure.o)
                              c:/st/stm32cubeide_1.0.2/stm32cubeide/plugins/com.st.stm32cube.ide.mcu.externaltools.gnu-tools-for-stm32.10.3-2021.10.win32_1.0.0.202111181127/tools/bin/../lib/gcc/arm-none-eabi/10.3.1/../../../../arm-none-eabi/lib/thumb/v7-m/nofp\libc_nano.a(lib_a-exit.o) (_global_impure_ptr)
c:/st/stm32cubeide_1.0.2/stm32cubeide/plugins/com.st.stm32cube.ide.mcu.externaltools.gnu-tools-for-stm32.10.3-2021.10.win32_1.0.0.202111181127/tools/bin/../lib/gcc/arm-none-eabi/10.3.1/../../../../arm-none-eabi/lib/thumb/v7-m/nofp\libc_nano.a(lib_a-init.o)
                              c:/st/stm32cubeide_1.0.2/stm32cubeide/plugins/com.st.stm32cube.ide.mcu.externaltools.gnu-tools-for-stm32.10.3-2021.10.win32_1.0.0.202111181127/tools/bin/../lib/gcc/arm-none-eabi/10.3.1/../../../../arm-none-eabi/lib/thumb/v7-m/nofp/crt0.o (__libc_init_array)
c:/st/stm32cubeide_1.0.2/stm32cubeide/plugins/com.st.stm32cube.ide.mcu.externaltools.gnu-tools-for-stm32.10.3-2021.10.win32_1.0.0.202111181127/tools/bin/../lib/gcc/arm-none-eabi/10.3.1/../../../../arm-none-eabi/lib/thumb/v7-m/nofp\libc_nano.a(lib_a-malloc.o)
                              c:/st/stm32cubeide_1.0.2/stm32cubeide/plugins/com.st.stm32cube.ide.mcu.externaltools.gnu-tools-for-stm32.10.3-2021.10.win32_1.0.0.202111181127/tools/bin/../lib/gcc/arm-none-eabi/10.3.1/../../../../arm-none-eabi/lib/thumb/v7-m/nofp\libstdc++_nano.a(new_op.o) (malloc)
c:/st/stm32cubeide_1.0.2/stm32cubeide/plugins/com.st.stm32cube.ide.mcu.externaltools.gnu-tools-for-stm32.10.3-2021.10.win32_1.0.0.202111181127/tools/bin/../lib/gcc/arm-none-eabi/10.3.1/../../../../arm-none-eabi/lib/thumb/v7-m/nofp\libc_nano.a(lib_a-memset.o)
                              c:/st/stm32cubeide_1.0.2/stm32cubeide/plugins/com.st.stm32cube.ide.mcu.externaltools.gnu-tools-for-stm32.10.3-2021.10.win32_1.0.0.202111181127/tools/bin/../lib/gcc/arm-none-eabi/10.3.1/../../../../arm-none-eabi/lib/thumb/v7-m/nofp/crt0.o (memset)
[...]
Memory Configuration

Name             Origin             Length             Attributes
RAM              0x0000000020000000 0x0000000000005000 xrw
FLASH            0x0000000008000000 0x0000000000010000 xr
*default*        0x0000000000000000 0xffffffffffffffff

Linker script and memory map

LOAD c:/st/stm32cubeide_1.0.2/stm32cubeide/plugins/com.st.stm32cube.ide.mcu.externaltools.gnu-tools-for-stm32.10.3-2021.10.win32_1.0.0.202111181127/tools/bin/../lib/gcc/arm-none-eabi/10.3.1/thumb/v7-m/nofp/crti.o
LOAD c:/st/stm32cubeide_1.0.2/stm32cubeide/plugins/com.st.stm32cube.ide.mcu.externaltools.gnu-tools-for-stm32.10.3-2021.10.win32_1.0.0.202111181127/tools/bin/../lib/gcc/arm-none-eabi/10.3.1/thumb/v7-m/nofp/crtbegin.o
LOAD c:/st/stm32cubeide_1.0.2/stm32cubeide/plugins/com.st.stm32cube.ide.mcu.externaltools.gnu-tools-for-stm32.10.3-2021.10.win32_1.0.0.202111181127/tools/bin/../lib/gcc/arm-none-eabi/10.3.1/../../../../arm-none-eabi/lib/thumb/v7-m/nofp/crt0.o
LOAD ./Core/Src/keyboard_driver.o
LOAD ./Core/Src/main.o
LOAD ./Core/Src/stm32f1xx_hal_msp.o
LOAD ./Core/Src/stm32f1xx_it.o
LOAD ./Core/Src/syscalls.o
LOAD ./Core/Src/sysmem.o
LOAD ./Core/Src/system_stm32f1xx.o
LOAD ./Core/Startup/startup_stm32f103c8tx.o
LOAD ./Drivers/STM32F1xx_HAL_Driver/Src/stm32f1xx_hal.o
LOAD ./Drivers/STM32F1xx_HAL_Driver/Src/stm32f1xx_hal_cortex.o
LOAD ./Drivers/STM32F1xx_HAL_Driver/Src/stm32f1xx_hal_dma.o
LOAD ./Drivers/STM32F1xx_HAL_Driver/Src/stm32f1xx_hal_exti.o
LOAD ./Drivers/STM32F1xx_HAL_Driver/Src/stm32f1xx_hal_flash.o
LOAD ./Drivers/STM32F1xx_HAL_Driver/Src/stm32f1xx_hal_flash_ex.o
LOAD ./Drivers/STM32F1xx_HAL_Driver/Src/stm32f1xx_hal_gpio.o
LOAD ./Drivers/STM32F1xx_HAL_Driver/Src/stm32f1xx_hal_gpio_ex.o
LOAD ./Drivers/STM32F1xx_HAL_Driver/Src/stm32f1xx_hal_pcd.o
LOAD ./Drivers/STM32F1xx_HAL_Driver/Src/stm32f1xx_hal_pcd_ex.o
LOAD ./Drivers/STM32F1xx_HAL_Driver/Src/stm32f1xx_hal_pwr.o
LOAD ./Drivers/STM32F1xx_HAL_Driver/Src/stm32f1xx_hal_rcc.o
LOAD ./Drivers/STM32F1xx_HAL_Driver/Src/stm32f1xx_hal_rcc_ex.o
LOAD ./Drivers/STM32F1xx_HAL_Driver/Src/stm32f1xx_hal_tim.o
LOAD ./Drivers/STM32F1xx_HAL_Driver/Src/stm32f1xx_hal_tim_ex.o
LOAD ./Drivers/STM32F1xx_HAL_Driver/Src/stm32f1xx_hal_uart.o
LOAD ./Drivers/STM32F1xx_HAL_Driver/Src/stm32f1xx_ll_usb.o
LOAD ./Flash/Src/flash_access.o
LOAD ./MacroKeyboard/AsciiToHidTranscoder/Src/ascii_to_hid.o
LOAD ./MacroKeyboard/HidKeyboard/Src/hid_keyboard_state.o
LOAD ./MacroKeyboard/HidKeyboard/Src/hid_keyboard_state_util.o
LOAD ./MacroKeyboard/Macro/Src/macro_command_handler.o
LOAD ./MacroKeyboard/Macro/Src/macro_executor.o
LOAD ./MacroKeyboard/Macro/Src/macro_finder.o
LOAD ./MacroKeyboard/Macro/Src/macro_util.o
LOAD ./MacroKeyboard/Main/Src/macro_keyboard.o
LOAD ./MacroKeyboard/Memory/Src/memory_reader.o
LOAD ./MacroKeyboard/Memory/Src/relative_memory_access.o
LOAD ./MacroKeyboard/Ps2Keyboard/Src/ps2_keyboard_reader.o
LOAD ./MacroKeyboard/Ps2ToHidTranscoder/Src/ps2_hid_map.o
LOAD ./MacroKeyboard/Ps2ToHidTranscoder/Src/ps2_to_hid_transcoder.o
LOAD ./MacroKeyboard/Timer/Src/delay_util.o
LOAD ./Middlewares/ST/STM32_USB_Device_Library/Class/HID/Src/usbd_hid.o
LOAD ./Middlewares/ST/STM32_USB_Device_Library/Core/Src/usbd_core.o
LOAD ./Middlewares/ST/STM32_USB_Device_Library/Core/Src/usbd_ctlreq.o
LOAD ./Middlewares/ST/STM32_USB_Device_Library/Core/Src/usbd_ioreq.o
LOAD ./USB_DEVICE/App/usb_device.o
LOAD ./USB_DEVICE/App/usbd_desc.o
LOAD ./USB_DEVICE/Target/usbd_conf.o
START GROUP
LOAD c:/st/stm32cubeide_1.0.2/stm32cubeide/plugins/com.st.stm32cube.ide.mcu.externaltools.gnu-tools-for-stm32.10.3-2021.10.win32_1.0.0.202111181127/tools/bin/../lib/gcc/arm-none-eabi/10.3.1/../../../../arm-none-eabi/lib/thumb/v7-m/nofp\libstdc++_nano.a
LOAD c:/st/stm32cubeide_1.0.2/stm32cubeide/plugins/com.st.stm32cube.ide.mcu.externaltools.gnu-tools-for-stm32.10.3-2021.10.win32_1.0.0.202111181127/tools/bin/../lib/gcc/arm-none-eabi/10.3.1/../../../../arm-none-eabi/lib/thumb/v7-m/nofp\libsupc++_nano.a
END GROUP
LOAD c:/st/stm32cubeide_1.0.2/stm32cubeide/plugins/com.st.stm32cube.ide.mcu.externaltools.gnu-tools-for-stm32.10.3-2021.10.win32_1.0.0.202111181127/tools/bin/../lib/gcc/arm-none-eabi/10.3.1/../../../../arm-none-eabi/lib/thumb/v7-m/nofp\libstdc++_nano.a
LOAD c:/st/stm32cubeide_1.0.2/stm32cubeide/plugins/com.st.stm32cube.ide.mcu.externaltools.gnu-tools-for-stm32.10.3-2021.10.win32_1.0.0.202111181127/tools/bin/../lib/gcc/arm-none-eabi/10.3.1/../../../../arm-none-eabi/lib/thumb/v7-m/nofp\libm.a
LOAD c:/st/stm32cubeide_1.0.2/stm32cubeide/plugins/com.st.stm32cube.ide.mcu.externaltools.gnu-tools-for-stm32.10.3-2021.10.win32_1.0.0.202111181127/tools/bin/../lib/gcc/arm-none-eabi/10.3.1/../../../../arm-none-eabi/lib/thumb/v7-m/nofp\libc_nano.a
START GROUP
LOAD c:/st/stm32cubeide_1.0.2/stm32cubeide/plugins/com.st.stm32cube.ide.mcu.externaltools.gnu-tools-for-stm32.10.3-2021.10.win32_1.0.0.202111181127/tools/bin/../lib/gcc/arm-none-eabi/10.3.1/thumb/v7-m/nofp\libgcc.a
LOAD c:/st/stm32cubeide_1.0.2/stm32cubeide/plugins/com.st.stm32cube.ide.mcu.externaltools.gnu-tools-for-stm32.10.3-2021.10.win32_1.0.0.202111181127/tools/bin/../lib/gcc/arm-none-eabi/10.3.1/../../../../arm-none-eabi/lib/thumb/v7-m/nofp\libc_nano.a
END GROUP
START GROUP
LOAD c:/st/stm32cubeide_1.0.2/stm32cubeide/plugins/com.st.stm32cube.ide.mcu.externaltools.gnu-tools-for-stm32.10.3-2021.10.win32_1.0.0.202111181127/tools/bin/../lib/gcc/arm-none-eabi/10.3.1/thumb/v7-m/nofp\libgcc.a
LOAD c:/st/stm32cubeide_1.0.2/stm32cubeide/plugins/com.st.stm32cube.ide.mcu.externaltools.gnu-tools-for-stm32.10.3-2021.10.win32_1.0.0.202111181127/tools/bin/../lib/gcc/arm-none-eabi/10.3.1/../../../../arm-none-eabi/lib/thumb/v7-m/nofp\libc_nano.a
LOAD c:/st/stm32cubeide_1.0.2/stm32cubeide/plugins/com.st.stm32cube.ide.mcu.externaltools.gnu-tools-for-stm32.10.3-2021.10.win32_1.0.0.202111181127/tools/bin/../lib/gcc/arm-none-eabi/10.3.1/../../../../arm-none-eabi/lib/thumb/v7-m/nofp\libnosys.a
END GROUP
START GROUP
LOAD c:/st/stm32cubeide_1.0.2/stm32cubeide/plugins/com.st.stm32cube.ide.mcu.externaltools.gnu-tools-for-stm32.10.3-2021.10.win32_1.0.0.202111181127/tools/bin/../lib/gcc/arm-none-eabi/10.3.1/thumb/v7-m/nofp\libgcc.a
LOAD c:/st/stm32cubeide_1.0.2/stm32cubeide/plugins/com.st.stm32cube.ide.mcu.externaltools.gnu-tools-for-stm32.10.3-2021.10.win32_1.0.0.202111181127/tools/bin/../lib/gcc/arm-none-eabi/10.3.1/../../../../arm-none-eabi/lib/thumb/v7-m/nofp\libc_nano.a
LOAD c:/st/stm32cubeide_1.0.2/stm32cubeide/plugins/com.st.stm32cube.ide.mcu.externaltools.gnu-tools-for-stm32.10.3-2021.10.win32_1.0.0.202111181127/tools/bin/../lib/gcc/arm-none-eabi/10.3.1/../../../../arm-none-eabi/lib/thumb/v7-m/nofp\libnosys.a
END GROUP
LOAD c:/st/stm32cubeide_1.0.2/stm32cubeide/plugins/com.st.stm32cube.ide.mcu.externaltools.gnu-tools-for-stm32.10.3-2021.10.win32_1.0.0.202111181127/tools/bin/../lib/gcc/arm-none-eabi/10.3.1/thumb/v7-m/nofp/crtend.o
LOAD c:/st/stm32cubeide_1.0.2/stm32cubeide/plugins/com.st.stm32cube.ide.mcu.externaltools.gnu-tools-for-stm32.10.3-2021.10.win32_1.0.0.202111181127/tools/bin/../lib/gcc/arm-none-eabi/10.3.1/thumb/v7-m/nofp/crtn.o
                0x0000000020005000                _estack = (ORIGIN (RAM) + LENGTH (RAM))
                0x0000000000000200                _Min_Heap_Size = 0x200
                0x0000000000000400                _Min_Stack_Size = 0x400

.isr_vector     0x0000000008000000      0x10c
                0x0000000008000000                . = ALIGN (0x4)
 *(.isr_vector)
 .isr_vector    0x0000000008000000      0x10c ./Core/Startup/startup_stm32f103c8tx.o
                0x0000000008000000                g_pfnVectors
                0x000000000800010c                . = ALIGN (0x4)

.text           0x000000000800010c     0x4e44
                0x000000000800010c                . = ALIGN (0x4)
 *(.text)
 .text          0x000000000800010c       0x40 c:/st/stm32cubeide_1.0.2/stm32cubeide/plugins/com.st.stm32cube.ide.mcu.externaltools.gnu-tools-for-stm32.10.3-2021.10.win32_1.0.0.202111181127/tools/bin/../lib/gcc/arm-none-eabi/10.3.1/thumb/v7-m/nofp/crtbegin.o
 .text          0x000000000800014c       0x10 c:/st/stm32cubeide_1.0.2/stm32cubeide/plugins/com.st.stm32cube.ide.mcu.externaltools.gnu-tools-for-stm32.10.3-2021.10.win32_1.0.0.202111181127/tools/bin/../lib/gcc/arm-none-eabi/10.3.1/../../../../arm-none-eabi/lib/thumb/v7-m/nofp\libc_nano.a(lib_a-strlen.o)
                0x000000000800014c                strlen
 *(.text*)
 .text._Z18send_report_to_usbPN12keyboard_api14KeyboardReportE
                0x000000000800015c       0x44 ./Core/Src/keyboard_driver.o
                0x000000000800015c                send_report_to_usb(keyboard_api::KeyboardReport*)
 .text.HAL_UART_RxCpltCallback
                0x00000000080001a0       0x14 ./Core/Src/keyboard_driver.o
                0x00000000080001a0                HAL_UART_RxCpltCallback
 .text.setup    0x00000000080001b4       0x3c ./Core/Src/keyboard_driver.o
                0x00000000080001b4                setup
 .text.loop     0x00000000080001f0        0x4 ./Core/Src/keyboard_driver.o
                0x00000000080001f0                loop
 .text.SystemClock_Config
                0x00000000080001f4       0x7c ./Core/Src/main.o
                0x00000000080001f4                SystemClock_Config
 .text.startup.main
                0x0000000008000270      0x128 ./Core/Src/main.o
                0x0000000008000270                main
 .text.Error_Handler
                0x0000000008000398        0x4 ./Core/Src/main.o
                0x0000000008000398                Error_Handler
 .text.HAL_MspInit
                0x000000000800039c       0x44 ./Core/Src/stm32f1xx_hal_msp.o
                0x000000000800039c                HAL_MspInit
 .text.HAL_UART_MspInit
                0x00000000080003e0      0x110 ./Core/Src/stm32f1xx_hal_msp.o
                0x00000000080003e0                HAL_UART_MspInit
 .text.NMI_Handler
                0x00000000080004f0        0x2 ./Core/Src/stm32f1xx_it.o
                0x00000000080004f0                NMI_Handler
 .text.HardFault_Handler
                0x00000000080004f2        0x2 ./Core/Src/stm32f1xx_it.o
                0x00000000080004f2                HardFault_Handler
 .text.MemManage_Handler
                0x00000000080004f4        0x2 ./Core/Src/stm32f1xx_it.o
                0x00000000080004f4                MemManage_Handler
 .text.BusFault_Handler
                0x00000000080004f6        0x2 ./Core/Src/stm32f1xx_it.o
                0x00000000080004f6                BusFault_Handler
 .text.UsageFault_Handler
                0x00000000080004f8        0x2 ./Core/Src/stm32f1xx_it.o
                0x00000000080004f8                UsageFault_Handler
 .text.SVC_Handler
                0x00000000080004fa        0x2 ./Core/Src/stm32f1xx_it.o
                0x00000000080004fa                SVC_Handler
 .text.DebugMon_Handler
                0x00000000080004fc        0x2 ./Core/Src/stm32f1xx_it.o
                0x00000000080004fc                DebugMon_Handler
 .text.PendSV_Handler
                0x00000000080004fe        0x2 ./Core/Src/stm32f1xx_it.o
                0x00000000080004fe                PendSV_Handler
 .text.SysTick_Handler
                0x0000000008000500        0x4 ./Core/Src/stm32f1xx_it.o
                0x0000000008000500                SysTick_Handler
 .text.DMA1_Channel5_IRQHandler
                0x0000000008000504        0xc ./Core/Src/stm32f1xx_it.o
                0x0000000008000504                DMA1_Channel5_IRQHandler
 .text.USB_LP_CAN1_RX0_IRQHandler
                0x0000000008000510        0xc ./Core/Src/stm32f1xx_it.o
                0x0000000008000510                USB_LP_CAN1_RX0_IRQHandler
 .text.USART2_IRQHandler
                0x000000000800051c        0xc ./Core/Src/stm32f1xx_it.o
                0x000000000800051c                USART2_IRQHandler
 .text._getpid  0x0000000008000528        0x4 ./Core/Src/syscalls.o
                0x0000000008000528                _getpid
 .text._kill    0x000000000800052c       0x10 ./Core/Src/syscalls.o
                0x000000000800052c                _kill
 .text._exit    0x000000000800053c        0xc ./Core/Src/syscalls.o
                0x000000000800053c                _exit
 .text._sbrk    0x0000000008000548       0x40 ./Core/Src/sysmem.o
                0x0000000008000548                _sbrk
 .text.SystemInit
                0x0000000008000588        0x2 ./Core/Src/system_stm32f1xx.o
                0x0000000008000588                SystemInit
 *fill*         0x000000000800058a        0x2 
 .text.Reset_Handler
                0x000000000800058c       0x48 ./Core/Startup/startup_stm32f103c8tx.o
                0x000000000800058c                Reset_Handler
 .text.Default_Handler
                0x00000000080005d4        0x2 ./Core/Startup/startup_stm32f103c8tx.o
                0x00000000080005d4                RTC_Alarm_IRQHandler
                0x00000000080005d4                EXTI2_IRQHandler
                0x00000000080005d4                TIM1_CC_IRQHandler
                0x00000000080005d4                PVD_IRQHandler
                0x00000000080005d4                EXTI3_IRQHandler
                0x00000000080005d4                EXTI0_IRQHandler
                0x00000000080005d4                I2C2_EV_IRQHandler
                0x00000000080005d4                ADC1_2_IRQHandler
                0x00000000080005d4                SPI1_IRQHandler
                0x00000000080005d4                TAMPER_IRQHandler
                0x00000000080005d4                DMA1_Channel4_IRQHandler
                0x00000000080005d4                USART3_IRQHandler
                0x00000000080005d4                RTC_IRQHandler
                0x00000000080005d4                DMA1_Channel7_IRQHandler
                0x00000000080005d4                CAN1_RX1_IRQHandler
                0x00000000080005d4                TIM4_IRQHandler
                0x00000000080005d4                I2C1_EV_IRQHandler
                0x00000000080005d4                DMA1_Channel6_IRQHandler
                0x00000000080005d4                TIM3_IRQHandler
                0x00000000080005d4                RCC_IRQHandler
                0x00000000080005d4                TIM1_TRG_COM_IRQHandler
                0x00000000080005d4                DMA1_Channel1_IRQHandler
                0x00000000080005d4                Default_Handler
                0x00000000080005d4                EXTI15_10_IRQHandler
                0x00000000080005d4                EXTI9_5_IRQHandler
                0x00000000080005d4                SPI2_IRQHandler
                0x00000000080005d4                EXTI4_IRQHandler
                0x00000000080005d4                USB_HP_CAN1_TX_IRQHandler
                0x00000000080005d4                DMA1_Channel3_IRQHandler
                0x00000000080005d4                TIM1_UP_IRQHandler
                0x00000000080005d4                WWDG_IRQHandler
                0x00000000080005d4                TIM2_IRQHandler
                0x00000000080005d4                TIM1_BRK_IRQHandler
                0x00000000080005d4                EXTI1_IRQHandler
                0x00000000080005d4                I2C2_ER_IRQHandler
                0x00000000080005d4                DMA1_Channel2_IRQHandler
                0x00000000080005d4                CAN1_SCE_IRQHandler
                0x00000000080005d4                FLASH_IRQHandler
                0x00000000080005d4                USART1_IRQHandler
                0x00000000080005d4                I2C1_ER_IRQHandler
                0x00000000080005d4                USBWakeUp_IRQHandler
 *fill*         0x00000000080005d6        0x2 
 .text.HAL_InitTick
                0x00000000080005d8       0x48 ./Drivers/STM32F1xx_HAL_Driver/Src/stm32f1xx_hal.o
                0x00000000080005d8                HAL_InitTick
 .text.HAL_Init
                0x0000000008000620       0x24 ./Drivers/STM32F1xx_HAL_Driver/Src/stm32f1xx_hal.o
                0x0000000008000620                HAL_Init
 .text.HAL_IncTick
                0x0000000008000644       0x18 ./Drivers/STM32F1xx_HAL_Driver/Src/stm32f1xx_hal.o
                0x0000000008000644                HAL_IncTick
 .text.HAL_GetTick
                0x000000000800065c        0xc ./Drivers/STM32F1xx_HAL_Driver/Src/stm32f1xx_hal.o
                0x000000000800065c                HAL_GetTick
 .text.HAL_Delay
                0x0000000008000668       0x24 ./Drivers/STM32F1xx_HAL_Driver/Src/stm32f1xx_hal.o
                0x0000000008000668                HAL_Delay
 .text.HAL_NVIC_SetPriorityGrouping
                0x000000000800068c       0x24 ./Drivers/STM32F1xx_HAL_Driver/Src/stm32f1xx_hal_cortex.o
                0x000000000800068c                HAL_NVIC_SetPriorityGrouping
 .text.HAL_NVIC_SetPriority
                0x00000000080006b0       0x64 ./Drivers/STM32F1xx_HAL_Driver/Src/stm32f1xx_hal_cortex.o
                0x00000000080006b0                HAL_NVIC_SetPriority
 .text.HAL_NVIC_EnableIRQ
                0x0000000008000714       0x1c ./Drivers/STM32F1xx_HAL_Driver/Src/stm32f1xx_hal_cortex.o
                0x0000000008000714                HAL_NVIC_EnableIRQ
 .text.HAL_SYSTICK_Config
                0x0000000008000730       0x28 ./Drivers/STM32F1xx_HAL_Driver/Src/stm32f1xx_hal_cortex.o
                0x0000000008000730                HAL_SYSTICK_Config
 .text.HAL_DMA_Init
                0x0000000008000758       0x5c ./Drivers/STM32F1xx_HAL_Driver/Src/stm32f1xx_hal_dma.o
                0x0000000008000758                HAL_DMA_Init
 .text.HAL_DMA_Start_IT
                0x00000000080007b4       0x78 ./Drivers/STM32F1xx_HAL_Driver/Src/stm32f1xx_hal_dma.o
                0x00000000080007b4                HAL_DMA_Start_IT
 .text.HAL_DMA_Abort_IT
                0x000000000800082c       0x8c ./Drivers/STM32F1xx_HAL_Driver/Src/stm32f1xx_hal_dma.o
                0x000000000800082c                HAL_DMA_Abort_IT
 .text.HAL_DMA_IRQHandler
                0x00000000080008b8      0x124 ./Drivers/STM32F1xx_HAL_Driver/Src/stm32f1xx_hal_dma.o
                0x00000000080008b8                HAL_DMA_IRQHandler
 .text.HAL_GPIO_Init
                0x00000000080009dc      0x1b4 ./Drivers/STM32F1xx_HAL_Driver/Src/stm32f1xx_hal_gpio.o
                0x00000000080009dc                HAL_GPIO_Init
 .text.HAL_GPIO_WritePin
                0x0000000008000b90        0xa ./Drivers/STM32F1xx_HAL_Driver/Src/stm32f1xx_hal_gpio.o
                0x0000000008000b90                HAL_GPIO_WritePin
 .text.HAL_PCD_Init
                0x0000000008000b9a       0xf2 ./Drivers/STM32F1xx_HAL_Driver/Src/stm32f1xx_hal_pcd.o
                0x0000000008000b9a                HAL_PCD_Init
 .text.HAL_PCD_Start
                0x0000000008000c8c       0x32 ./Drivers/STM32F1xx_HAL_Driver/Src/stm32f1xx_hal_pcd.o
                0x0000000008000c8c                HAL_PCD_Start
 .text.HAL_PCD_SetAddress
                0x0000000008000cbe       0x28 ./Drivers/STM32F1xx_HAL_Driver/Src/stm32f1xx_hal_pcd.o
                0x0000000008000cbe                HAL_PCD_SetAddress
 *fill*         0x0000000008000ce6        0x2 
 .text.HAL_PCD_IRQHandler
                0x0000000008000ce8      0x860 ./Drivers/STM32F1xx_HAL_Driver/Src/stm32f1xx_hal_pcd.o
                0x0000000008000ce8                HAL_PCD_IRQHandler
 .text.HAL_PCD_EP_Open
                0x0000000008001548       0x62 ./Drivers/STM32F1xx_HAL_Driver/Src/stm32f1xx_hal_pcd.o
                0x0000000008001548                HAL_PCD_EP_Open
 .text.HAL_PCD_EP_Close
                0x00000000080015aa       0x50 ./Drivers/STM32F1xx_HAL_Driver/Src/stm32f1xx_hal_pcd.o
                0x00000000080015aa                HAL_PCD_EP_Close
 .text.HAL_PCD_EP_Receive
                0x00000000080015fa       0x2e ./Drivers/STM32F1xx_HAL_Driver/Src/stm32f1xx_hal_pcd.o
                0x00000000080015fa                HAL_PCD_EP_Receive
 .text.HAL_PCD_EP_Transmit
                0x0000000008001628       0x34 ./Drivers/STM32F1xx_HAL_Driver/Src/stm32f1xx_hal_pcd.o
                0x0000000008001628                HAL_PCD_EP_Transmit
 .text.HAL_PCD_EP_SetStall
                0x000000000800165c       0x68 ./Drivers/STM32F1xx_HAL_Driver/Src/stm32f1xx_hal_pcd.o
                0x000000000800165c                HAL_PCD_EP_SetStall
 .text.HAL_PCD_EP_ClrStall
                0x00000000080016c4       0x62 ./Drivers/STM32F1xx_HAL_Driver/Src/stm32f1xx_hal_pcd.o
                0x00000000080016c4                HAL_PCD_EP_ClrStall
 .text.HAL_PCDEx_PMAConfig
                0x0000000008001726       0x32 ./Drivers/STM32F1xx_HAL_Driver/Src/stm32f1xx_hal_pcd_ex.o
                0x0000000008001726                HAL_PCDEx_PMAConfig
 .text.HAL_RCC_OscConfig
                0x0000000008001758      0x338 ./Drivers/STM32F1xx_HAL_Driver/Src/stm32f1xx_hal_rcc.o
                0x0000000008001758                HAL_RCC_OscConfig
 .text.HAL_RCC_GetSysClockFreq
                0x0000000008001a90       0x74 ./Drivers/STM32F1xx_HAL_Driver/Src/stm32f1xx_hal_rcc.o
                0x0000000008001a90                HAL_RCC_GetSysClockFreq
 .text.HAL_RCC_ClockConfig
                0x0000000008001b04      0x138 ./Drivers/STM32F1xx_HAL_Driver/Src/stm32f1xx_hal_rcc.o
                0x0000000008001b04                HAL_RCC_ClockConfig
 .text.HAL_RCC_GetPCLK1Freq
                0x0000000008001c3c       0x20 ./Drivers/STM32F1xx_HAL_Driver/Src/stm32f1xx_hal_rcc.o
                0x0000000008001c3c                HAL_RCC_GetPCLK1Freq
 .text.HAL_RCC_GetPCLK2Freq
                0x0000000008001c5c       0x20 ./Drivers/STM32F1xx_HAL_Driver/Src/stm32f1xx_hal_rcc.o
                0x0000000008001c5c                HAL_RCC_GetPCLK2Freq
 .text.HAL_RCCEx_PeriphCLKConfig
                0x0000000008001c7c       0xf4 ./Drivers/STM32F1xx_HAL_Driver/Src/stm32f1xx_hal_rcc_ex.o
                0x0000000008001c7c                HAL_RCCEx_PeriphCLKConfig
 .text.UART_EndRxTransfer
                0x0000000008001d70       0x1a ./Drivers/STM32F1xx_HAL_Driver/Src/stm32f1xx_hal_uart.o
 *fill*         0x0000000008001d8a        0x2 
 .text.UART_SetConfig
                0x0000000008001d8c       0x74 ./Drivers/STM32F1xx_HAL_Driver/Src/stm32f1xx_hal_uart.o
 .text.HAL_UART_Init
                0x0000000008001e00       0x5c ./Drivers/STM32F1xx_HAL_Driver/Src/stm32f1xx_hal_uart.o
                0x0000000008001e00                HAL_UART_Init
 .text.HAL_UART_Transmit_IT
                0x0000000008001e5c       0x3e ./Drivers/STM32F1xx_HAL_Driver/Src/stm32f1xx_hal_uart.o
                0x0000000008001e5c                HAL_UART_Transmit_IT
 *fill*         0x0000000008001e9a        0x2 
 .text.HAL_UART_Receive_DMA
                0x0000000008001e9c       0x90 ./Drivers/STM32F1xx_HAL_Driver/Src/stm32f1xx_hal_uart.o
                0x0000000008001e9c                HAL_UART_Receive_DMA
 .text.HAL_UART_TxCpltCallback
                0x0000000008001f2c        0x2 ./Drivers/STM32F1xx_HAL_Driver/Src/stm32f1xx_hal_uart.o
                0x0000000008001f2c                HAL_UART_TxCpltCallback
 .text.UART_DMAReceiveCplt
                0x0000000008001f2e       0x38 ./Drivers/STM32F1xx_HAL_Driver/Src/stm32f1xx_hal_uart.o
 .text.UART_Receive_IT.isra.0
                0x0000000008001f66       0x70 ./Drivers/STM32F1xx_HAL_Driver/Src/stm32f1xx_hal_uart.o
 .text.HAL_UART_RxHalfCpltCallback
                0x0000000008001fd6        0x2 ./Drivers/STM32F1xx_HAL_Driver/Src/stm32f1xx_hal_uart.o
                0x0000000008001fd6                HAL_UART_RxHalfCpltCallback
 .text.UART_DMARxHalfCplt
                0x0000000008001fd8        0xa ./Drivers/STM32F1xx_HAL_Driver/Src/stm32f1xx_hal_uart.o
 .text.HAL_UART_ErrorCallback
                0x0000000008001fe2        0x2 ./Drivers/STM32F1xx_HAL_Driver/Src/stm32f1xx_hal_uart.o
                0x0000000008001fe2                HAL_UART_ErrorCallback
 .text.UART_DMAError
                0x0000000008001fe4       0x4a ./Drivers/STM32F1xx_HAL_Driver/Src/stm32f1xx_hal_uart.o
 *fill*         0x000000000800202e        0x2 
 .text.HAL_UART_IRQHandler
                0x0000000008002030      0x144 ./Drivers/STM32F1xx_HAL_Driver/Src/stm32f1xx_hal_uart.o
                0x0000000008002030                HAL_UART_IRQHandler
 .text.UART_DMAAbortOnError
                0x0000000008002174       0x10 ./Drivers/STM32F1xx_HAL_Driver/Src/stm32f1xx_hal_uart.o
 .text.USB_CoreInit
                0x0000000008002184        0xe ./Drivers/STM32F1xx_HAL_Driver/Src/stm32f1xx_ll_usb.o
                0x0000000008002184                USB_CoreInit
 .text.USB_EnableGlobalInt
                0x0000000008002192       0x12 ./Drivers/STM32F1xx_HAL_Driver/Src/stm32f1xx_ll_usb.o
                0x0000000008002192                USB_EnableGlobalInt
 .text.USB_DisableGlobalInt
                0x00000000080021a4       0x14 ./Drivers/STM32F1xx_HAL_Driver/Src/stm32f1xx_ll_usb.o
                0x00000000080021a4                USB_DisableGlobalInt
 .text.USB_SetCurrentMode
                0x00000000080021b8        0x4 ./Drivers/STM32F1xx_HAL_Driver/Src/stm32f1xx_ll_usb.o
                0x00000000080021b8                USB_SetCurrentMode
 .text.USB_DevInit
                0x00000000080021bc       0x28 ./Drivers/STM32F1xx_HAL_Driver/Src/stm32f1xx_ll_usb.o
                0x00000000080021bc                USB_DevInit
 .text.USB_ActivateEndpoint
                0x00000000080021e4      0x278 ./Drivers/STM32F1xx_HAL_Driver/Src/stm32f1xx_ll_usb.o
                0x00000000080021e4                USB_ActivateEndpoint
 .text.USB_DeactivateEndpoint
                0x000000000800245c      0x1a2 ./Drivers/STM32F1xx_HAL_Driver/Src/stm32f1xx_ll_usb.o
                0x000000000800245c                USB_DeactivateEndpoint
 .text.USB_EPSetStall
                0x00000000080025fe       0x40 ./Drivers/STM32F1xx_HAL_Driver/Src/stm32f1xx_ll_usb.o
                0x00000000080025fe                USB_EPSetStall
 .text.USB_EPClearStall
                0x000000000800263e       0x92 ./Drivers/STM32F1xx_HAL_Driver/Src/stm32f1xx_ll_usb.o
                0x000000000800263e                USB_EPClearStall
 .text.USB_SetDevAddress
                0x00000000080026d0        0xc ./Drivers/STM32F1xx_HAL_Driver/Src/stm32f1xx_ll_usb.o
                0x00000000080026d0                USB_SetDevAddress
 .text.USB_DevConnect
                0x00000000080026dc        0x4 ./Drivers/STM32F1xx_HAL_Driver/Src/stm32f1xx_ll_usb.o
                0x00000000080026dc                USB_DevConnect
 .text.USB_DevDisconnect
                0x00000000080026e0        0x4 ./Drivers/STM32F1xx_HAL_Driver/Src/stm32f1xx_ll_usb.o
                0x00000000080026e0                USB_DevDisconnect
 .text.USB_ReadInterrupts
                0x00000000080026e4        0x8 ./Drivers/STM32F1xx_HAL_Driver/Src/stm32f1xx_ll_usb.o
                0x00000000080026e4                USB_ReadInterrupts
 .text.USB_EP0_OutStart
                0x00000000080026ec        0x4 ./Drivers/STM32F1xx_HAL_Driver/Src/stm32f1xx_ll_usb.o
                0x00000000080026ec                USB_EP0_OutStart
 .text.USB_WritePMA
                0x00000000080026f0       0x20 ./Drivers/STM32F1xx_HAL_Driver/Src/stm32f1xx_ll_usb.o
                0x00000000080026f0                USB_WritePMA
 .text.USB_EPStartXfer
                0x0000000008002710      0x478 ./Drivers/STM32F1xx_HAL_Driver/Src/stm32f1xx_ll_usb.o
                0x0000000008002710                USB_EPStartXfer
 .text.USB_ReadPMA
                0x0000000008002b88       0x38 ./Drivers/STM32F1xx_HAL_Driver/Src/stm32f1xx_ll_usb.o
                0x0000000008002b88                USB_ReadPMA
 .text._ZN11transcoders20AsciiToHidTranscoder10asciiToHidEc
                0x0000000008002bc0       0x54 ./MacroKeyboard/AsciiToHidTranscoder/Src/ascii_to_hid.o
                0x0000000008002bc0                transcoders::AsciiToHidTranscoder::asciiToHid(char)
 .text._ZN12hid_keyboard16HidKeyboardStateC2EhPFvPN12keyboard_api14KeyboardReportEE
                0x0000000008002c14        0xe ./MacroKeyboard/HidKeyboard/Src/hid_keyboard_state.o
                0x0000000008002c14                hid_keyboard::HidKeyboardState::HidKeyboardState(unsigned char, void (*)(keyboard_api::KeyboardReport*))
                0x0000000008002c14                hid_keyboard::HidKeyboardState::HidKeyboardState(unsigned char, void (*)(keyboard_api::KeyboardReport*))
 .text._ZN12hid_keyboard16HidKeyboardState10sendReportEv
                0x0000000008002c22       0x1e ./MacroKeyboard/HidKeyboard/Src/hid_keyboard_state.o
                0x0000000008002c22                hid_keyboard::HidKeyboardState::sendReport()
 .text._ZN12hid_keyboard16HidKeyboardState17getKeyboardReportEv
                0x0000000008002c40        0xe ./MacroKeyboard/HidKeyboard/Src/hid_keyboard_state.o
                0x0000000008002c40                hid_keyboard::HidKeyboardState::getKeyboardReport()
 .text._ZN12hid_keyboard16HidKeyboardState8_keyDownEh
                0x0000000008002c4e       0x26 ./MacroKeyboard/HidKeyboard/Src/hid_keyboard_state.o
                0x0000000008002c4e                hid_keyboard::HidKeyboardState::_keyDown(unsigned char)
 .text._ZN12hid_keyboard16HidKeyboardState7keyDownEhh
                0x0000000008002c74       0x18 ./MacroKeyboard/HidKeyboard/Src/hid_keyboard_state.o
                0x0000000008002c74                hid_keyboard::HidKeyboardState::keyDown(unsigned char, unsigned char)
 .text._ZN12hid_keyboard16HidKeyboardState6_keyUpEh
                0x0000000008002c8c       0x36 ./MacroKeyboard/HidKeyboard/Src/hid_keyboard_state.o
                0x0000000008002c8c                hid_keyboard::HidKeyboardState::_keyUp(unsigned char)
 .text._ZN12hid_keyboard16HidKeyboardState5keyUpEhh
                0x0000000008002cc2       0x18 ./MacroKeyboard/HidKeyboard/Src/hid_keyboard_state.o
                0x0000000008002cc2                hid_keyboard::HidKeyboardState::keyUp(unsigned char, unsigned char)
 .text._ZN12hid_keyboard16HidKeyboardState9handleKeyENS_6HidKeyE
                0x0000000008002cda       0x28 ./MacroKeyboard/HidKeyboard/Src/hid_keyboard_state.o
                0x0000000008002cda                hid_keyboard::HidKeyboardState::handleKey(hid_keyboard::HidKey)
 *fill*         0x0000000008002d02        0x2 
 .text._ZN12hid_keyboard21dumpHidKeyboardReportEPN12keyboard_api14KeyboardReportEPc
                0x0000000008002d04       0x60 ./MacroKeyboard/HidKeyboard/Src/hid_keyboard_state_util.o
                0x0000000008002d04                hid_keyboard::dumpHidKeyboardReport(keyboard_api::KeyboardReport*, char*)
 .text._ZN9macro_api19MacroCommandHandlerC2EPN12hid_keyboard16HidKeyboardStateE
                0x0000000008002d64        0x4 ./MacroKeyboard/Macro/Src/macro_command_handler.o
                0x0000000008002d64                macro_api::MacroCommandHandler::MacroCommandHandler(hid_keyboard::HidKeyboardState*)
                0x0000000008002d64                macro_api::MacroCommandHandler::MacroCommandHandler(hid_keyboard::HidKeyboardState*)
 .text._ZN9macro_api19MacroCommandHandler7keyDownEPPvh
                0x0000000008002d68       0x34 ./MacroKeyboard/Macro/Src/macro_command_handler.o
                0x0000000008002d68                macro_api::MacroCommandHandler::keyDown(void**, unsigned char)
 .text._ZN9macro_api19MacroCommandHandler5keyUpEPPvh
                0x0000000008002d9c       0x34 ./MacroKeyboard/Macro/Src/macro_command_handler.o
                0x0000000008002d9c                macro_api::MacroCommandHandler::keyUp(void**, unsigned char)
 .text._ZN9macro_api19MacroCommandHandler8keyPressEPPvh
                0x0000000008002dd0       0x2c ./MacroKeyboard/Macro/Src/macro_command_handler.o
                0x0000000008002dd0                macro_api::MacroCommandHandler::keyPress(void**, unsigned char)
 .text._ZN9macro_api19MacroCommandHandler10delayShortEPPvh
                0x0000000008002dfc       0x10 ./MacroKeyboard/Macro/Src/macro_command_handler.o
                0x0000000008002dfc                macro_api::MacroCommandHandler::delayShort(void**, unsigned char)
 .text._ZN9macro_api19MacroCommandHandler9delayLongEPPvh
                0x0000000008002e0c       0x10 ./MacroKeyboard/Macro/Src/macro_command_handler.o
                0x0000000008002e0c                macro_api::MacroCommandHandler::delayLong(void**, unsigned char)
 .text._ZN9macro_api19MacroCommandHandler13delayLongLongEPPvh
                0x0000000008002e1c       0x10 ./MacroKeyboard/Macro/Src/macro_command_handler.o
                0x0000000008002e1c                macro_api::MacroCommandHandler::delayLongLong(void**, unsigned char)
 .text._ZN9macro_api19MacroCommandHandler9keyStreamEPPvh
                0x0000000008002e2c       0x8c ./MacroKeyboard/Macro/Src/macro_command_handler.o
                0x0000000008002e2c                macro_api::MacroCommandHandler::keyStream(void**, unsigned char)
 .text._ZN9macro_api19MacroCommandHandler13handleCommandEPv
                0x0000000008002eb8       0x7c ./MacroKeyboard/Macro/Src/macro_command_handler.o
                0x0000000008002eb8                macro_api::MacroCommandHandler::handleCommand(void*)
 .text._ZN9macro_api13MacroExecutorC2EPKvPNS_19MacroCommandHandlerE
                0x0000000008002f34       0x3c ./MacroKeyboard/Macro/Src/macro_executor.o
                0x0000000008002f34                macro_api::MacroExecutor::MacroExecutor(void const*, macro_api::MacroCommandHandler*)
                0x0000000008002f34                macro_api::MacroExecutor::MacroExecutor(void const*, macro_api::MacroCommandHandler*)
 .text._ZN9macro_api13MacroExecutor7executeEm
                0x0000000008002f70       0x34 ./MacroKeyboard/Macro/Src/macro_executor.o
                0x0000000008002f70                macro_api::MacroExecutor::execute(unsigned long)
 .text._ZN9macro_api9getMiddleEPNS_11MacroHeaderES1_
                0x0000000008002fa4       0x14 ./MacroKeyboard/Macro/Src/macro_finder.o
                0x0000000008002fa4                macro_api::getMiddle(macro_api::MacroHeader*, macro_api::MacroHeader*)
 .text._ZN9macro_api6searchEPvtPNS_11MacroHeaderE
                0x0000000008002fb8       0x50 ./MacroKeyboard/Macro/Src/macro_finder.o
                0x0000000008002fb8                macro_api::search(void*, unsigned short, macro_api::MacroHeader*)
 .text._ZN9macro_api9MacroUtil8compDescEPKvS2_
                0x0000000008003008        0x8 ./MacroKeyboard/Macro/Src/macro_util.o
                0x0000000008003008                macro_api::MacroUtil::compDesc(void const*, void const*)
 .text._ZN9macro_api9MacroUtil19getMacroTriggerCodeEN12keyboard_api14KeyboardReportE
                0x0000000008003010       0x44 ./MacroKeyboard/Macro/Src/macro_util.o
                0x0000000008003010                macro_api::MacroUtil::getMacroTriggerCode(keyboard_api::KeyboardReport)
 .text._ZN14macro_keyboard13MacroKeyboard4initEPNS_19MacroKeyboardConfigE
                0x0000000008003054       0xc4 ./MacroKeyboard/Main/Src/macro_keyboard.o
                0x0000000008003054                macro_keyboard::MacroKeyboard::init(macro_keyboard::MacroKeyboardConfig*)
 .text._ZN14macro_keyboard13MacroKeyboard3runEv
                0x0000000008003118       0x78 ./MacroKeyboard/Main/Src/macro_keyboard.o
                0x0000000008003118                macro_keyboard::MacroKeyboard::run()
 .text._ZN13memory_access11getNextByteEPPv
                0x0000000008003190        0xa ./MacroKeyboard/Memory/Src/memory_reader.o
                0x0000000008003190                memory_access::getNextByte(void**)
 .text._ZN13memory_access12getNextShortEPPv
                0x000000000800319a        0xa ./MacroKeyboard/Memory/Src/memory_reader.o
                0x000000000800319a                memory_access::getNextShort(void**)
 .text._ZN13memory_access10getNextIntEPPv
                0x00000000080031a4        0xa ./MacroKeyboard/Memory/Src/memory_reader.o
                0x00000000080031a4                memory_access::getNextInt(void**)
 .text._ZN13memory_access14getNextAddressEPKvj
                0x00000000080031ae        0x4 ./MacroKeyboard/Memory/Src/memory_reader.o
                0x00000000080031ae                memory_access::getNextAddress(void const*, unsigned int)
 .text._ZN13memory_access20RelativeMemoryAccessC2EPKvj
                0x00000000080031b2        0x6 ./MacroKeyboard/Memory/Src/relative_memory_access.o
                0x00000000080031b2                memory_access::RelativeMemoryAccess::RelativeMemoryAccess(void const*, unsigned int)
                0x00000000080031b2                memory_access::RelativeMemoryAccess::RelativeMemoryAccess(void const*, unsigned int)
 .text._ZN13memory_access20RelativeMemoryAccess10getAddressEm
                0x00000000080031b8       0x10 ./MacroKeyboard/Memory/Src/relative_memory_access.o
                0x00000000080031b8                memory_access::RelativeMemoryAccess::getAddress(unsigned long)
 .text._ZN12ps2_keyboard23_incrementBufferPointerEPh
                0x00000000080031c8       0x10 ./MacroKeyboard/Ps2Keyboard/Src/ps2_keyboard_reader.o
                0x00000000080031c8                ps2_keyboard::_incrementBufferPointer(unsigned char*)
 .text._ZN12ps2_keyboard17Ps2KeyboardReader14receivePs2DateEh
                0x00000000080031d8       0x18 ./MacroKeyboard/Ps2Keyboard/Src/ps2_keyboard_reader.o
                0x00000000080031d8                ps2_keyboard::Ps2KeyboardReader::receivePs2Date(unsigned char)
 .text._ZN12ps2_keyboard17Ps2KeyboardReader12keyAvailableEv
                0x00000000080031f0       0x18 ./MacroKeyboard/Ps2Keyboard/Src/ps2_keyboard_reader.o
                0x00000000080031f0                ps2_keyboard::Ps2KeyboardReader::keyAvailable()
 .text._ZN12ps2_keyboard17Ps2KeyboardReader13_readNextByteEv
                0x0000000008003208       0x2c ./MacroKeyboard/Ps2Keyboard/Src/ps2_keyboard_reader.o
                0x0000000008003208                ps2_keyboard::Ps2KeyboardReader::_readNextByte()
 .text._ZN12ps2_keyboard17Ps2KeyboardReader11_decodeByteEhPNS_6Ps2KeyE
                0x0000000008003234       0x20 ./MacroKeyboard/Ps2Keyboard/Src/ps2_keyboard_reader.o
                0x0000000008003234                ps2_keyboard::Ps2KeyboardReader::_decodeByte(unsigned char, ps2_keyboard::Ps2Key*)
 .text._ZN12ps2_keyboard17Ps2KeyboardReader10getNextKeyEv
                0x0000000008003254       0x1e ./MacroKeyboard/Ps2Keyboard/Src/ps2_keyboard_reader.o
                0x0000000008003254                ps2_keyboard::Ps2KeyboardReader::getNextKey()
 *fill*         0x0000000008003272        0x2 
 .text._ZN21ps2_to_hid_transcoder9Ps2HidMap6getKeyEh
                0x0000000008003274       0x10 ./MacroKeyboard/Ps2ToHidTranscoder/Src/ps2_hid_map.o
                0x0000000008003274                ps2_to_hid_transcoder::Ps2HidMap::getKey(unsigned char)
 .text._ZN21ps2_to_hid_transcoder9Ps2HidMap14getExtendedKeyEh
                0x0000000008003284       0x10 ./MacroKeyboard/Ps2ToHidTranscoder/Src/ps2_hid_map.o
                0x0000000008003284                ps2_to_hid_transcoder::Ps2HidMap::getExtendedKey(unsigned char)
 .text._ZN21ps2_to_hid_transcoder9Ps2HidMap4initEv
                0x0000000008003294      0x258 ./MacroKeyboard/Ps2ToHidTranscoder/Src/ps2_hid_map.o
                0x0000000008003294                ps2_to_hid_transcoder::Ps2HidMap::init()
 .text._ZN21ps2_to_hid_transcoder18Ps2ToHidTranscoder15translateModKeyEh
                0x00000000080034ec       0x14 ./MacroKeyboard/Ps2ToHidTranscoder/Src/ps2_to_hid_transcoder.o
                0x00000000080034ec                ps2_to_hid_transcoder::Ps2ToHidTranscoder::translateModKey(unsigned char)
 .text._ZN21ps2_to_hid_transcoder18Ps2ToHidTranscoder9transcodeEN12ps2_keyboard6Ps2KeyE
                0x0000000008003500       0x8c ./MacroKeyboard/Ps2ToHidTranscoder/Src/ps2_to_hid_transcoder.o
                0x0000000008003500                ps2_to_hid_transcoder::Ps2ToHidTranscoder::transcode(ps2_keyboard::Ps2Key)
 .text._ZN10delay_util5Delay4initEPFvmE
                0x000000000800358c        0xc ./MacroKeyboard/Timer/Src/delay_util.o
                0x000000000800358c                delay_util::Delay::init(void (*)(unsigned long))
 .text._ZN10delay_util5Delay10delayShortEh
                0x0000000008003598       0x14 ./MacroKeyboard/Timer/Src/delay_util.o
                0x0000000008003598                delay_util::Delay::delayShort(unsigned char)
 .text._ZN10delay_util5Delay9delayLongEh
                0x00000000080035ac       0x14 ./MacroKeyboard/Timer/Src/delay_util.o
                0x00000000080035ac                delay_util::Delay::delayLong(unsigned char)
 .text._ZN10delay_util5Delay13delayLongLongEm
                0x00000000080035c0       0x14 ./MacroKeyboard/Timer/Src/delay_util.o
                0x00000000080035c0                delay_util::Delay::delayLongLong(unsigned long)
 .text.USBD_HID_GetFSCfgDesc
                0x00000000080035d4        0xc ./Middlewares/ST/STM32_USB_Device_Library/Class/HID/Src/usbd_hid.o
 .text.USBD_HID_GetHSCfgDesc
                0x00000000080035e0        0xc ./Middlewares/ST/STM32_USB_Device_Library/Class/HID/Src/usbd_hid.o
 .text.USBD_HID_GetOtherSpeedCfgDesc
                0x00000000080035ec        0xc ./Middlewares/ST/STM32_USB_Device_Library/Class/HID/Src/usbd_hid.o
 .text.USBD_HID_DataIn
                0x00000000080035f8        0xa ./Middlewares/ST/STM32_USB_Device_Library/Class/HID/Src/usbd_hid.o
 *fill*         0x0000000008003602        0x2 
 .text.USBD_HID_GetDeviceQualifierDesc
                0x0000000008003604        0xc ./Middlewares/ST/STM32_USB_Device_Library/Class/HID/Src/usbd_hid.o
 .text.USBD_HID_Setup
                0x0000000008003610       0xd4 ./Middlewares/ST/STM32_USB_Device_Library/Class/HID/Src/usbd_hid.o
 .text.USBD_HID_DeInit
                0x00000000080036e4       0x20 ./Middlewares/ST/STM32_USB_Device_Library/Class/HID/Src/usbd_hid.o
 .text.USBD_HID_Init
                0x0000000008003704       0x2a ./Middlewares/ST/STM32_USB_Device_Library/Class/HID/Src/usbd_hid.o
 .text.USBD_HID_SendReport
                0x000000000800372e       0x24 ./Middlewares/ST/STM32_USB_Device_Library/Class/HID/Src/usbd_hid.o
                0x000000000800372e                USBD_HID_SendReport
 .text.USBD_Init
                0x0000000008003752       0x2a ./Middlewares/ST/STM32_USB_Device_Library/Core/Src/usbd_core.o
                0x0000000008003752                USBD_Init
 .text.USBD_RegisterClass
                0x000000000800377c        0xe ./Middlewares/ST/STM32_USB_Device_Library/Core/Src/usbd_core.o
                0x000000000800377c                USBD_RegisterClass
 .text.USBD_Start
                0x000000000800378a        0xa ./Middlewares/ST/STM32_USB_Device_Library/Core/Src/usbd_core.o
                0x000000000800378a                USBD_Start
 .text.USBD_SetClassConfig
                0x0000000008003794       0x16 ./Middlewares/ST/STM32_USB_Device_Library/Core/Src/usbd_core.o
                0x0000000008003794                USBD_SetClassConfig
 .text.USBD_ClrClassConfig
                0x00000000080037aa        0xe ./Middlewares/ST/STM32_USB_Device_Library/Core/Src/usbd_core.o
                0x00000000080037aa                USBD_ClrClassConfig
 .text.USBD_LL_SetupStage
                0x00000000080037b8       0x5a ./Middlewares/ST/STM32_USB_Device_Library/Core/Src/usbd_core.o
                0x00000000080037b8                USBD_LL_SetupStage
 .text.USBD_LL_DataOutStage
                0x0000000008003812       0x74 ./Middlewares/ST/STM32_USB_Device_Library/Core/Src/usbd_core.o
                0x0000000008003812                USBD_LL_DataOutStage
 .text.USBD_LL_DataInStage
                0x0000000008003886       0xb6 ./Middlewares/ST/STM32_USB_Device_Library/Core/Src/usbd_core.o
                0x0000000008003886                USBD_LL_DataInStage
 .text.USBD_LL_Reset
                0x000000000800393c       0x4e ./Middlewares/ST/STM32_USB_Device_Library/Core/Src/usbd_core.o
                0x000000000800393c                USBD_LL_Reset
 .text.USBD_LL_SetSpeed
                0x000000000800398a        0x6 ./Middlewares/ST/STM32_USB_Device_Library/Core/Src/usbd_core.o
                0x000000000800398a                USBD_LL_SetSpeed
 .text.USBD_LL_Suspend
                0x0000000008003990       0x12 ./Middlewares/ST/STM32_USB_Device_Library/Core/Src/usbd_core.o
                0x0000000008003990                USBD_LL_Suspend
 .text.USBD_LL_Resume
                0x00000000080039a2       0x14 ./Middlewares/ST/STM32_USB_Device_Library/Core/Src/usbd_core.o
                0x00000000080039a2                USBD_LL_Resume
 .text.USBD_LL_SOF
                0x00000000080039b6       0x18 ./Middlewares/ST/STM32_USB_Device_Library/Core/Src/usbd_core.o
                0x00000000080039b6                USBD_LL_SOF
 .text.USBD_CtlError.constprop.0
                0x00000000080039ce       0x16 ./Middlewares/ST/STM32_USB_Device_Library/Core/Src/usbd_ctlreq.o
 .text.USBD_StdDevReq
                0x00000000080039e4      0x254 ./Middlewares/ST/STM32_USB_Device_Library/Core/Src/usbd_ctlreq.o
                0x00000000080039e4                USBD_StdDevReq
 .text.USBD_StdItfReq
                0x0000000008003c38       0x48 ./Middlewares/ST/STM32_USB_Device_Library/Core/Src/usbd_ctlreq.o
                0x0000000008003c38                USBD_StdItfReq
 .text.USBD_StdEPReq
                0x0000000008003c80      0x114 ./Middlewares/ST/STM32_USB_Device_Library/Core/Src/usbd_ctlreq.o
                0x0000000008003c80                USBD_StdEPReq
 .text.USBD_ParseSetupRequest
                0x0000000008003d94       0x28 ./Middlewares/ST/STM32_USB_Device_Library/Core/Src/usbd_ctlreq.o
                0x0000000008003d94                USBD_ParseSetupRequest
 .text.USBD_CtlError
                0x0000000008003dbc       0x16 ./Middlewares/ST/STM32_USB_Device_Library/Core/Src/usbd_ctlreq.o
                0x0000000008003dbc                USBD_CtlError
 .text.USBD_GetString
                0x0000000008003dd2       0x38 ./Middlewares/ST/STM32_USB_Device_Library/Core/Src/usbd_ctlreq.o
                0x0000000008003dd2                USBD_GetString
 .text.USBD_CtlSendData
                0x0000000008003e0a       0x1a ./Middlewares/ST/STM32_USB_Device_Library/Core/Src/usbd_ioreq.o
                0x0000000008003e0a                USBD_CtlSendData
 .text.USBD_CtlContinueSendData
                0x0000000008003e24       0x10 ./Middlewares/ST/STM32_USB_Device_Library/Core/Src/usbd_ioreq.o
                0x0000000008003e24                USBD_CtlContinueSendData
 .text.USBD_CtlContinueRx
                0x0000000008003e34       0x10 ./Middlewares/ST/STM32_USB_Device_Library/Core/Src/usbd_ioreq.o
                0x0000000008003e34                USBD_CtlContinueRx
 .text.USBD_CtlSendStatus
                0x0000000008003e44       0x16 ./Middlewares/ST/STM32_USB_Device_Library/Core/Src/usbd_ioreq.o
                0x0000000008003e44                USBD_CtlSendStatus
 .text.USBD_CtlReceiveStatus
                0x0000000008003e5a       0x16 ./Middlewares/ST/STM32_USB_Device_Library/Core/Src/usbd_ioreq.o
                0x0000000008003e5a                USBD_CtlReceiveStatus
 .text.MX_USB_DEVICE_Init
                0x0000000008003e70       0x40 ./USB_DEVICE/App/usb_device.o
                0x0000000008003e70                MX_USB_DEVICE_Init
 .text.USBD_FS_DeviceDescriptor
                0x0000000008003eb0        0xc ./USB_DEVICE/App/usbd_desc.o
                0x0000000008003eb0                USBD_FS_DeviceDescriptor
 .text.USBD_FS_LangIDStrDescriptor
                0x0000000008003ebc        0xc ./USB_DEVICE/App/usbd_desc.o
                0x0000000008003ebc                USBD_FS_LangIDStrDescriptor
 .text.IntToUnicode
                0x0000000008003ec8       0x2a ./USB_DEVICE/App/usbd_desc.o
 *fill*         0x0000000008003ef2        0x2 
 .text.USBD_FS_SerialStrDescriptor
                0x0000000008003ef4       0x3c ./USB_DEVICE/App/usbd_desc.o
                0x0000000008003ef4                USBD_FS_SerialStrDescriptor
 .text.USBD_FS_ManufacturerStrDescriptor
                0x0000000008003f30       0x1c ./USB_DEVICE/App/usbd_desc.o
                0x0000000008003f30                USBD_FS_ManufacturerStrDescriptor
 .text.USBD_FS_ProductStrDescriptor
                0x0000000008003f4c       0x1c ./USB_DEVICE/App/usbd_desc.o
                0x0000000008003f4c                USBD_FS_ProductStrDescriptor
 .text.USBD_FS_ConfigStrDescriptor
                0x0000000008003f68       0x1c ./USB_DEVICE/App/usbd_desc.o
                0x0000000008003f68                USBD_FS_ConfigStrDescriptor
 .text.USBD_FS_InterfaceStrDescriptor
                0x0000000008003f84       0x1c ./USB_DEVICE/App/usbd_desc.o
                0x0000000008003f84                USBD_FS_InterfaceStrDescriptor
 .text.USBD_Get_USB_Status
                0x0000000008003fa0       0x10 ./USB_DEVICE/Target/usbd_conf.o
 .text.HAL_PCD_MspInit
                0x0000000008003fb0       0x40 ./USB_DEVICE/Target/usbd_conf.o
                0x0000000008003fb0                HAL_PCD_MspInit
 .text.HAL_PCD_SetupStageCallback
                0x0000000008003ff0        0xc ./USB_DEVICE/Target/usbd_conf.o
                0x0000000008003ff0                HAL_PCD_SetupStageCallback
 .text.HAL_PCD_DataOutStageCallback
                0x0000000008003ffc       0x12 ./USB_DEVICE/Target/usbd_conf.o
                0x0000000008003ffc                HAL_PCD_DataOutStageCallback
 .text.HAL_PCD_DataInStageCallback
                0x000000000800400e       0x10 ./USB_DEVICE/Target/usbd_conf.o
                0x000000000800400e                HAL_PCD_DataInStageCallback
 .text.HAL_PCD_SOFCallback
                0x000000000800401e        0x8 ./USB_DEVICE/Target/usbd_conf.o
                0x000000000800401e                HAL_PCD_SOFCallback
 .text.HAL_PCD_ResetCallback
                0x0000000008004026       0x24 ./USB_DEVICE/Target/usbd_conf.o
                0x0000000008004026                HAL_PCD_ResetCallback
 *fill*         0x000000000800404a        0x2 
 .text.HAL_PCD_SuspendCallback
                0x000000000800404c       0x20 ./USB_DEVICE/Target/usbd_conf.o
                0x000000000800404c                HAL_PCD_SuspendCallback
 .text.HAL_PCD_ResumeCallback
                0x000000000800406c        0x8 ./USB_DEVICE/Target/usbd_conf.o
                0x000000000800406c                HAL_PCD_ResumeCallback
 .text.USBD_LL_Init
                0x0000000008004074       0x64 ./USB_DEVICE/Target/usbd_conf.o
                0x0000000008004074                USBD_LL_Init
 .text.USBD_LL_Start
                0x00000000080040d8       0x12 ./USB_DEVICE/Target/usbd_conf.o
                0x00000000080040d8                USBD_LL_Start
 .text.USBD_LL_OpenEP
                0x00000000080040ea       0x18 ./USB_DEVICE/Target/usbd_conf.o
                0x00000000080040ea                USBD_LL_OpenEP
 .text.USBD_LL_CloseEP
                0x0000000008004102       0x12 ./USB_DEVICE/Target/usbd_conf.o
                0x0000000008004102                USBD_LL_CloseEP
 .text.USBD_LL_StallEP
                0x0000000008004114       0x12 ./USB_DEVICE/Target/usbd_conf.o
                0x0000000008004114                USBD_LL_StallEP
 .text.USBD_LL_ClearStallEP
                0x0000000008004126       0x12 ./USB_DEVICE/Target/usbd_conf.o
                0x0000000008004126                USBD_LL_ClearStallEP
 .text.USBD_LL_IsStallEP
                0x0000000008004138       0x24 ./USB_DEVICE/Target/usbd_conf.o
                0x0000000008004138                USBD_LL_IsStallEP
 .text.USBD_LL_SetUSBAddress
                0x000000000800415c       0x12 ./USB_DEVICE/Target/usbd_conf.o
                0x000000000800415c                USBD_LL_SetUSBAddress
 .text.USBD_LL_Transmit
                0x000000000800416e       0x12 ./USB_DEVICE/Target/usbd_conf.o
                0x000000000800416e                USBD_LL_Transmit
 .text.USBD_LL_PrepareReceive
                0x0000000008004180       0x12 ./USB_DEVICE/Target/usbd_conf.o
                0x0000000008004180                USBD_LL_PrepareReceive
 *fill*         0x0000000008004192        0x2 
 .text.USBD_static_malloc
                0x0000000008004194        0x8 ./USB_DEVICE/Target/usbd_conf.o
                0x0000000008004194                USBD_static_malloc
 .text.USBD_static_free
                0x000000000800419c        0x2 ./USB_DEVICE/Target/usbd_conf.o
                0x000000000800419c                USBD_static_free
 .text.HAL_PCDEx_SetConnectionState
                0x000000000800419e        0x2 ./USB_DEVICE/Target/usbd_conf.o
                0x000000000800419e                HAL_PCDEx_SetConnectionState
 .text.__cxa_guard_acquire
                0x00000000080041a0       0x18 c:/st/stm32cubeide_1.0.2/stm32cubeide/plugins/com.st.stm32cube.ide.mcu.externaltools.gnu-tools-for-stm32.10.3-2021.10.win32_1.0.0.202111181127/tools/bin/../lib/gcc/arm-none-eabi/10.3.1/../../../../arm-none-eabi/lib/thumb/v7-m/nofp\libstdc++_nano.a(guard.o)
                0x00000000080041a0                __cxa_guard_acquire
 .text.__cxa_guard_release
                0x00000000080041b8        0x6 c:/st/stm32cubeide_1.0.2/stm32cubeide/plugins/com.st.stm32cube.ide.mcu.externaltools.gnu-tools-for-stm32.10.3-2021.10.win32_1.0.0.202111181127/tools/bin/../lib/gcc/arm-none-eabi/10.3.1/../../../../arm-none-eabi/lib/thumb/v7-m/nofp\libstdc++_nano.a(guard.o)
                0x00000000080041b8                __cxa_guard_release
 .text._Znwj    0x00000000080041be       0x22 c:/st/stm32cubeide_1.0.2/stm32cubeide/plugins/com.st.stm32cube.ide.mcu.externaltools.gnu-tools-for-stm32.10.3-2021.10.win32_1.0.0.202111181127/tools/bin/../lib/gcc/arm-none-eabi/10.3.1/../../../../arm-none-eabi/lib/thumb/v7-m/nofp\libstdc++_nano.a(new_op.o)
                0x00000000080041be                operator new(unsigned int)
 .text._ZSt15get_new_handlerv
                0x00000000080041e0       0x10 c:/st/stm32cubeide_1.0.2/stm32cubeide/plugins/com.st.stm32cube.ide.mcu.externaltools.gnu-tools-for-stm32.10.3-2021.10.win32_1.0.0.202111181127/tools/bin/../lib/gcc/arm-none-eabi/10.3.1/../../../../arm-none-eabi/lib/thumb/v7-m/nofp\libstdc++_nano.a(new_handler.o)
                0x00000000080041e0                std::get_new_handler()
 .text.abort    0x00000000080041f0        0xe c:/st/stm32cubeide_1.0.2/stm32cubeide/plugins/com.st.stm32cube.ide.mcu.externaltools.gnu-tools-for-stm32.10.3-2021.10.win32_1.0.0.202111181127/tools/bin/../lib/gcc/arm-none-eabi/10.3.1/../../../../arm-none-eabi/lib/thumb/v7-m/nofp\libc_nano.a(lib_a-abort.o)
                0x00000000080041f0                abort
 *fill*         0x00000000080041fe        0x2 
 .text.__errno  0x0000000008004200        0xc c:/st/stm32cubeide_1.0.2/stm32cubeide/plugins/com.st.stm32cube.ide.mcu.externaltools.gnu-tools-for-stm32.10.3-2021.10.win32_1.0.0.202111181127/tools/bin/../lib/gcc/arm-none-eabi/10.3.1/../../../../arm-none-eabi/lib/thumb/v7-m/nofp\libc_nano.a(lib_a-errno.o)
                0x0000000008004200                __errno
 .text.__libc_init_array
                0x000000000800420c       0x48 c:/st/stm32cubeide_1.0.2/stm32cubeide/plugins/com.st.stm32cube.ide.mcu.externaltools.gnu-tools-for-stm32.10.3-2021.10.win32_1.0.0.202111181127/tools/bin/../lib/gcc/arm-none-eabi/10.3.1/../../../../arm-none-eabi/lib/thumb/v7-m/nofp\libc_nano.a(lib_a-init.o)
                0x000000000800420c                __libc_init_array
 .text.malloc   0x0000000008004254       0x10 c:/st/stm32cubeide_1.0.2/stm32cubeide/plugins/com.st.stm32cube.ide.mcu.externaltools.gnu-tools-for-stm32.10.3-2021.10.win32_1.0.0.202111181127/tools/bin/../lib/gcc/arm-none-eabi/10.3.1/../../../../arm-none-eabi/lib/thumb/v7-m/nofp\libc_nano.a(lib_a-malloc.o)
                0x0000000008004254                malloc
 .text.memset   0x0000000008004264       0x10 c:/st/stm32cubeide_1.0.2/stm32cubeide/plugins/com.st.stm32cube.ide.mcu.externaltools.gnu-tools-for-stm32.10.3-2021.10.win32_1.0.0.202111181127/tools/bin/../lib/gcc/arm-none-eabi/10.3.1/../../../../arm-none-eabi/lib/thumb/v7-m/nofp\libc_nano.a(lib_a-memset.o)
                0x0000000008004264                memset
 .text._free_r  0x0000000008004274       0x90 c:/st/stm32cubeide_1.0.2/stm32cubeide/plugins/com.st.stm32cube.ide.mcu.externaltools.gnu-tools-for-stm32.10.3-2021.10.win32_1.0.0.202111181127/tools/bin/../lib/gcc/arm-none-eabi/10.3.1/../../../../arm-none-eabi/lib/thumb/v7-m/nofp\libc_nano.a(lib_a-nano-freer.o)
                0x0000000008004274                _free_r
 .text.sbrk_aligned
                0x0000000008004304       0x40 c:/st/stm32cubeide_1.0.2/stm32cubeide/plugins/com.st.stm32cube.ide.mcu.externaltools.gnu-tools-for-stm32.10.3-2021.10.win32_1.0.0.202111181127/tools/bin/../lib/gcc/arm-none-eabi/10.3.1/../../../../arm-none-eabi/lib/thumb/v7-m/nofp\libc_nano.a(lib_a-nano-mallocr.o)
 .text._malloc_r
                0x0000000008004344       0xe8 c:/st/stm32cubeide_1.0.2/stm32cubeide/plugins/com.st.stm32cube.ide.mcu.externaltools.gnu-tools-for-stm32.10.3-2021.10.win32_1.0.0.202111181127/tools/bin/../lib/gcc/arm-none-eabi/10.3.1/../../../../arm-none-eabi/lib/thumb/v7-m/nofp\libc_nano.a(lib_a-nano-mallocr.o)
                0x0000000008004344                _malloc_r
 .text.swapfunc
                0x000000000800442c       0x32 c:/st/stm32cubeide_1.0.2/stm32cubeide/plugins/com.st.stm32cube.ide.mcu.externaltools.gnu-tools-for-stm32.10.3-2021.10.win32_1.0.0.202111181127/tools/bin/../lib/gcc/arm-none-eabi/10.3.1/../../../../arm-none-eabi/lib/thumb/v7-m/nofp\libc_nano.a(lib_a-qsort.o)
 .text.med3.constprop.0
                0x000000000800445e       0x3e c:/st/stm32cubeide_1.0.2/stm32cubeide/plugins/com.st.stm32cube.ide.mcu.externaltools.gnu-tools-for-stm32.10.3-2021.10.win32_1.0.0.202111181127/tools/bin/../lib/gcc/arm-none-eabi/10.3.1/../../../../arm-none-eabi/lib/thumb/v7-m/nofp\libc_nano.a(lib_a-qsort.o)
 .text.qsort    0x000000000800449c      0x2a4 c:/st/stm32cubeide_1.0.2/stm32cubeide/plugins/com.st.stm32cube.ide.mcu.externaltools.gnu-tools-for-stm32.10.3-2021.10.win32_1.0.0.202111181127/tools/bin/../lib/gcc/arm-none-eabi/10.3.1/../../../../arm-none-eabi/lib/thumb/v7-m/nofp\libc_nano.a(lib_a-qsort.o)
                0x000000000800449c                qsort
 .text._sbrk_r  0x0000000008004740       0x20 c:/st/stm32cubeide_1.0.2/stm32cubeide/plugins/com.st.stm32cube.ide.mcu.externaltools.gnu-tools-for-stm32.10.3-2021.10.win32_1.0.0.202111181127/tools/bin/../lib/gcc/arm-none-eabi/10.3.1/../../../../arm-none-eabi/lib/thumb/v7-m/nofp\libc_nano.a(lib_a-sbrkr.o)
                0x0000000008004740                _sbrk_r
 .text._raise_r
                0x0000000008004760       0x50 c:/st/stm32cubeide_1.0.2/stm32cubeide/plugins/com.st.stm32cube.ide.mcu.externaltools.gnu-tools-for-stm32.10.3-2021.10.win32_1.0.0.202111181127/tools/bin/../lib/gcc/arm-none-eabi/10.3.1/../../../../arm-none-eabi/lib/thumb/v7-m/nofp\libc_nano.a(lib_a-signal.o)
                0x0000000008004760                _raise_r
 .text.raise    0x00000000080047b0       0x10 c:/st/stm32cubeide_1.0.2/stm32cubeide/plugins/com.st.stm32cube.ide.mcu.externaltools.gnu-tools-for-stm32.10.3-2021.10.win32_1.0.0.202111181127/tools/bin/../lib/gcc/arm-none-eabi/10.3.1/../../../../arm-none-eabi/lib/thumb/v7-m/nofp\libc_nano.a(lib_a-signal.o)
                0x00000000080047b0                raise
 .text._kill_r  0x00000000080047c0       0x24 c:/st/stm32cubeide_1.0.2/stm32cubeide/plugins/com.st.stm32cube.ide.mcu.externaltools.gnu-tools-for-stm32.10.3-2021.10.win32_1.0.0.202111181127/tools/bin/../lib/gcc/arm-none-eabi/10.3.1/../../../../arm-none-eabi/lib/thumb/v7-m/nofp\libc_nano.a(lib_a-signalr.o)
                0x00000000080047c0                _kill_r
 .text._getpid_r
                0x00000000080047e4        0x4 c:/st/stm32cubeide_1.0.2/stm32cubeide/plugins/com.st.stm32cube.ide.mcu.externaltools.gnu-tools-for-stm32.10.3-2021.10.win32_1.0.0.202111181127/tools/bin/../lib/gcc/arm-none-eabi/10.3.1/../../../../arm-none-eabi/lib/thumb/v7-m/nofp\libc_nano.a(lib_a-signalr.o)
                0x00000000080047e4                _getpid_r
 .text.sprintf  0x00000000080047e8       0x40 c:/st/stm32cubeide_1.0.2/stm32cubeide/plugins/com.st.stm32cube.ide.mcu.externaltools.gnu-tools-for-stm32.10.3-2021.10.win32_1.0.0.202111181127/tools/bin/../lib/gcc/arm-none-eabi/10.3.1/../../../../arm-none-eabi/lib/thumb/v7-m/nofp\libc_nano.a(lib_a-sprintf.o)
                0x00000000080047e8                siprintf
                0x00000000080047e8                sprintf
 .text.strcat   0x0000000008004828       0x1e c:/st/stm32cubeide_1.0.2/stm32cubeide/plugins/com.st.stm32cube.ide.mcu.externaltools.gnu-tools-for-stm32.10.3-2021.10.win32_1.0.0.202111181127/tools/bin/../lib/gcc/arm-none-eabi/10.3.1/../../../../arm-none-eabi/lib/thumb/v7-m/nofp\libc_nano.a(lib_a-strcat.o)
                0x0000000008004828                strcat
 *fill*         0x0000000008004846        0x2 
 .text.tolower  0x0000000008004848       0x14 c:/st/stm32cubeide_1.0.2/stm32cubeide/plugins/com.st.stm32cube.ide.mcu.externaltools.gnu-tools-for-stm32.10.3-2021.10.win32_1.0.0.202111181127/tools/bin/../lib/gcc/arm-none-eabi/10.3.1/../../../../arm-none-eabi/lib/thumb/v7-m/nofp\libc_nano.a(lib_a-tolower.o)
                0x0000000008004848                tolower
 .text.__malloc_lock
                0x000000000800485c        0xc c:/st/stm32cubeide_1.0.2/stm32cubeide/plugins/com.st.stm32cube.ide.mcu.externaltools.gnu-tools-for-stm32.10.3-2021.10.win32_1.0.0.202111181127/tools/bin/../lib/gcc/arm-none-eabi/10.3.1/../../../../arm-none-eabi/lib/thumb/v7-m/nofp\libc_nano.a(lib_a-mlock.o)
                0x000000000800485c                __malloc_lock
 .text.__malloc_unlock
                0x0000000008004868        0xc c:/st/stm32cubeide_1.0.2/stm32cubeide/plugins/com.st.stm32cube.ide.mcu.externaltools.gnu-tools-for-stm32.10.3-2021.10.win32_1.0.0.202111181127/tools/bin/../lib/gcc/arm-none-eabi/10.3.1/../../../../arm-none-eabi/lib/thumb/v7-m/nofp\libc_nano.a(lib_a-mlock.o)
                0x0000000008004868                __malloc_unlock
 .text.__ssputs_r
                0x0000000008004874       0xb6 c:/st/stm32cubeide_1.0.2/stm32cubeide/plugins/com.st.stm32cube.ide.mcu.externaltools.gnu-tools-for-stm32.10.3-2021.10.win32_1.0.0.202111181127/tools/bin/../lib/gcc/arm-none-eabi/10.3.1/../../../../arm-none-eabi/lib/thumb/v7-m/nofp\libc_nano.a(lib_a-nano-svfprintf.o)
                0x0000000008004874                __ssputs_r
 *fill*         0x000000000800492a        0x2 
 .text._svfprintf_r
                0x000000000800492c      0x200 c:/st/stm32cubeide_1.0.2/stm32cubeide/plugins/com.st.stm32cube.ide.mcu.externaltools.gnu-tools-for-stm32.10.3-2021.10.win32_1.0.0.202111181127/tools/bin/../lib/gcc/arm-none-eabi/10.3.1/../../../../arm-none-eabi/lib/thumb/v7-m/nofp\libc_nano.a(lib_a-nano-svfprintf.o)
                0x000000000800492c                _svfiprintf_r
                0x000000000800492c                _svfprintf_r
 .text._printf_common
                0x0000000008004b2c       0xde c:/st/stm32cubeide_1.0.2/stm32cubeide/plugins/com.st.stm32cube.ide.mcu.externaltools.gnu-tools-for-stm32.10.3-2021.10.win32_1.0.0.202111181127/tools/bin/../lib/gcc/arm-none-eabi/10.3.1/../../../../arm-none-eabi/lib/thumb/v7-m/nofp\libc_nano.a(lib_a-nano-vfprintf_i.o)
                0x0000000008004b2c                _printf_common
 *fill*         0x0000000008004c0a        0x2 
 .text._printf_i
                0x0000000008004c0c      0x24c c:/st/stm32cubeide_1.0.2/stm32cubeide/plugins/com.st.stm32cube.ide.mcu.externaltools.gnu-tools-for-stm32.10.3-2021.10.win32_1.0.0.202111181127/tools/bin/../lib/gcc/arm-none-eabi/10.3.1/../../../../arm-none-eabi/lib/thumb/v7-m/nofp\libc_nano.a(lib_a-nano-vfprintf_i.o)
                0x0000000008004c0c                _printf_i
 .text.__retarget_lock_acquire_recursive
                0x0000000008004e58        0x2 c:/st/stm32cubeide_1.0.2/stm32cubeide/plugins/com.st.stm32cube.ide.mcu.externaltools.gnu-tools-for-stm32.10.3-2021.10.win32_1.0.0.202111181127/tools/bin/../lib/gcc/arm-none-eabi/10.3.1/../../../../arm-none-eabi/lib/thumb/v7-m/nofp\libc_nano.a(lib_a-lock.o)
                0x0000000008004e58                __retarget_lock_acquire_recursive
 .text.__retarget_lock_release_recursive
                0x0000000008004e5a        0x2 c:/st/stm32cubeide_1.0.2/stm32cubeide/plugins/com.st.stm32cube.ide.mcu.externaltools.gnu-tools-for-stm32.10.3-2021.10.win32_1.0.0.202111181127/tools/bin/../lib/gcc/arm-none-eabi/10.3.1/../../../../arm-none-eabi/lib/thumb/v7-m/nofp\libc_nano.a(lib_a-lock.o)
                0x0000000008004e5a                __retarget_lock_release_recursive
 .text.memchr   0x0000000008004e5c       0x1c c:/st/stm32cubeide_1.0.2/stm32cubeide/plugins/com.st.stm32cube.ide.mcu.externaltools.gnu-tools-for-stm32.10.3-2021.10.win32_1.0.0.202111181127/tools/bin/../lib/gcc/arm-none-eabi/10.3.1/../../../../arm-none-eabi/lib/thumb/v7-m/nofp\libc_nano.a(lib_a-memchr-stub.o)
                0x0000000008004e5c                memchr
 .text.memcpy   0x0000000008004e78       0x1c c:/st/stm32cubeide_1.0.2/stm32cubeide/plugins/com.st.stm32cube.ide.mcu.externaltools.gnu-tools-for-stm32.10.3-2021.10.win32_1.0.0.202111181127/tools/bin/../lib/gcc/arm-none-eabi/10.3.1/../../../../arm-none-eabi/lib/thumb/v7-m/nofp\libc_nano.a(lib_a-memcpy-stub.o)
                0x0000000008004e78                memcpy
 .text.memmove  0x0000000008004e94       0x34 c:/st/stm32cubeide_1.0.2/stm32cubeide/plugins/com.st.stm32cube.ide.mcu.externaltools.gnu-tools-for-stm32.10.3-2021.10.win32_1.0.0.202111181127/tools/bin/../lib/gcc/arm-none-eabi/10.3.1/../../../../arm-none-eabi/lib/thumb/v7-m/nofp\libc_nano.a(lib_a-memmove.o)
                0x0000000008004e94                memmove
 .text._realloc_r
                0x0000000008004ec8       0x5e c:/st/stm32cubeide_1.0.2/stm32cubeide/plugins/com.st.stm32cube.ide.mcu.externaltools.gnu-tools-for-stm32.10.3-2021.10.win32_1.0.0.202111181127/tools/bin/../lib/gcc/arm-none-eabi/10.3.1/../../../../arm-none-eabi/lib/thumb/v7-m/nofp\libc_nano.a(lib_a-nano-reallocr.o)
                0x0000000008004ec8                _realloc_r
 .text._malloc_usable_size_r
                0x0000000008004f26       0x10 c:/st/stm32cubeide_1.0.2/stm32cubeide/plugins/com.st.stm32cube.ide.mcu.externaltools.gnu-tools-for-stm32.10.3-2021.10.win32_1.0.0.202111181127/tools/bin/../lib/gcc/arm-none-eabi/10.3.1/../../../../arm-none-eabi/lib/thumb/v7-m/nofp\libc_nano.a(lib_a-nano-msizer.o)
                0x0000000008004f26                _malloc_usable_size_r
 *(.glue_7)
 .glue_7        0x0000000008004f36        0x0 linker stubs
 *(.glue_7t)
 .glue_7t       0x0000000008004f36        0x0 linker stubs
 *(.eh_frame)
 *fill*         0x0000000008004f36        0x2 
 .eh_frame      0x0000000008004f38        0x0 c:/st/stm32cubeide_1.0.2/stm32cubeide/plugins/com.st.stm32cube.ide.mcu.externaltools.gnu-tools-for-stm32.10.3-2021.10.win32_1.0.0.202111181127/tools/bin/../lib/gcc/arm-none-eabi/10.3.1/thumb/v7-m/nofp/crtbegin.o
 *(.init)
 .init          0x0000000008004f38        0x4 c:/st/stm32cubeide_1.0.2/stm32cubeide/plugins/com.st.stm32cube.ide.mcu.externaltools.gnu-tools-for-stm32.10.3-2021.10.win32_1.0.0.202111181127/tools/bin/../lib/gcc/arm-none-eabi/10.3.1/thumb/v7-m/nofp/crti.o
                0x0000000008004f38                _init
 .init          0x0000000008004f3c        0x8 c:/st/stm32cubeide_1.0.2/stm32cubeide/plugins/com.st.stm32cube.ide.mcu.externaltools.gnu-tools-for-stm32.10.3-2021.10.win32_1.0.0.202111181127/tools/bin/../lib/gcc/arm-none-eabi/10.3.1/thumb/v7-m/nofp/crtn.o
 *(.fini)
 .fini          0x0000000008004f44        0x4 c:/st/stm32cubeide_1.0.2/stm32cubeide/plugins/com.st.stm32cube.ide.mcu.externaltools.gnu-tools-for-stm32.10.3-2021.10.win32_1.0.0.202111181127/tools/bin/../lib/gcc/arm-none-eabi/10.3.1/thumb/v7-m/nofp/crti.o
                0x0000000008004f44                _fini
 .fini          0x0000000008004f48        0x8 c:/st/stm32cubeide_1.0.2/stm32cubeide/plugins/com.st.stm32cube.ide.mcu.externaltools.gnu-tools-for-stm32.10.3-2021.10.win32_1.0.0.202111181127/tools/bin/../lib/gcc/arm-none-eabi/10.3.1/thumb/v7-m/nofp/crtn.o
                0x0000000008004f50                . = ALIGN (0x4)
                0x0000000008004f50                _etext = .

.vfp11_veneer   0x0000000008004f50        0x0
 .vfp11_veneer  0x0000000008004f50        0x0 linker stubs

.v4_bx          0x0000000008004f50        0x0
 .v4_bx         0x0000000008004f50        0x0 linker stubs

.iplt           0x0000000008004f50        0x0
 .iplt          0x0000000008004f50        0x0 c:/st/stm32cubeide_1.0.2/stm32cubeide/plugins/com.st.stm32cube.ide.mcu.externaltools.gnu-tools-for-stm32.10.3-2021.10.win32_1.0.0.202111181127/tools/bin/../lib/gcc/arm-none-eabi/10.3.1/thumb/v7-m/nofp/crtbegin.o

.rodata         0x0000000008004f50      0x2b0
                0x0000000008004f50                . = ALIGN (0x4)
 *(.rodata)
 *(.rodata*)
 .rodata.AHBPrescTable
                0x0000000008004f50       0x10 ./Core/Src/system_stm32f1xx.o
                0x0000000008004f50                AHBPrescTable
 .rodata.APBPrescTable
                0x0000000008004f60        0x8 ./Core/Src/system_stm32f1xx.o
                0x0000000008004f60                APBPrescTable
 .rodata.HAL_RCC_GetSysClockFreq.str1.1
                0x0000000008004f68       0x11 ./Drivers/STM32F1xx_HAL_Driver/Src/stm32f1xx_hal_rcc.o
 *fill*         0x0000000008004f79        0x1 
 .rodata.CSWTCH.2
                0x0000000008004f7a       0xee ./MacroKeyboard/AsciiToHidTranscoder/Src/ascii_to_hid.o
 .rodata._ZN12hid_keyboard21dumpHidKeyboardReportEPN12keyboard_api14KeyboardReportEPc.str1.1
                0x0000000008005068       0x13 ./MacroKeyboard/HidKeyboard/Src/hid_keyboard_state_util.o
 .rodata.CSWTCH.6
                0x000000000800507b        0x8 ./MacroKeyboard/Ps2ToHidTranscoder/Src/ps2_to_hid_transcoder.o
 .rodata.USBD_FS_ManufacturerStrDescriptor.str1.1
                0x0000000008005083       0x13 ./USB_DEVICE/App/usbd_desc.o
 .rodata.USBD_FS_ProductStrDescriptor.str1.1
                0x0000000008005096       0x16 ./USB_DEVICE/App/usbd_desc.o
 .rodata.USBD_FS_ConfigStrDescriptor.str1.1
                0x00000000080050ac        0xb ./USB_DEVICE/App/usbd_desc.o
 .rodata.USBD_FS_InterfaceStrDescriptor.str1.1
                0x00000000080050b7        0xe ./USB_DEVICE/App/usbd_desc.o
 .rodata.CSWTCH.3
                0x00000000080050c5        0x4 ./USB_DEVICE/Target/usbd_conf.o
 .rodata._ctype_
                0x00000000080050c9      0x101 c:/st/stm32cubeide_1.0.2/stm32cubeide/plugins/com.st.stm32cube.ide.mcu.externaltools.gnu-tools-for-stm32.10.3-2021.10.win32_1.0.0.202111181127/tools/bin/../lib/gcc/arm-none-eabi/10.3.1/../../../../arm-none-eabi/lib/thumb/v7-m/nofp\libc_nano.a(lib_a-ctype_.o)
                0x00000000080050c9                _ctype_
 .rodata._svfprintf_r.str1.1
                0x00000000080051ca       0x11 c:/st/stm32cubeide_1.0.2/stm32cubeide/plugins/com.st.stm32cube.ide.mcu.externaltools.gnu-tools-for-stm32.10.3-2021.10.win32_1.0.0.202111181127/tools/bin/../lib/gcc/arm-none-eabi/10.3.1/../../../../arm-none-eabi/lib/thumb/v7-m/nofp\libc_nano.a(lib_a-nano-svfprintf.o)
 .rodata._printf_i.str1.1
                0x00000000080051db       0x22 c:/st/stm32cubeide_1.0.2/stm32cubeide/plugins/com.st.stm32cube.ide.mcu.externaltools.gnu-tools-for-stm32.10.3-2021.10.win32_1.0.0.202111181127/tools/bin/../lib/gcc/arm-none-eabi/10.3.1/../../../../arm-none-eabi/lib/thumb/v7-m/nofp\libc_nano.a(lib_a-nano-vfprintf_i.o)
                0x0000000008005200                . = ALIGN (0x4)
 *fill*         0x00000000080051fd        0x3 

.rel.dyn        0x0000000008005200        0x0
 .rel.iplt      0x0000000008005200        0x0 c:/st/stm32cubeide_1.0.2/stm32cubeide/plugins/com.st.stm32cube.ide.mcu.externaltools.gnu-tools-for-stm32.10.3-2021.10.win32_1.0.0.202111181127/tools/bin/../lib/gcc/arm-none-eabi/10.3.1/thumb/v7-m/nofp/crtbegin.o

.ARM.extab      0x0000000008005200        0x0
                0x0000000008005200                . = ALIGN (0x4)
 *(.ARM.extab* .gnu.linkonce.armextab.*)
                0x0000000008005200                . = ALIGN (0x4)

.ARM            0x0000000008005200        0x0
                0x0000000008005200                . = ALIGN (0x4)
                0x0000000008005200                __exidx_start = .
 *(.ARM.exidx*)
                0x0000000008005200                __exidx_end = .
                0x0000000008005200                . = ALIGN (0x4)

.preinit_array  0x0000000008005200        0x0
                0x0000000008005200                . = ALIGN (0x4)
                0x0000000008005200                PROVIDE (__preinit_array_start = .)
 *(.preinit_array*)
                0x0000000008005200                PROVIDE (__preinit_array_end = .)
                0x0000000008005200                . = ALIGN (0x4)

.init_array     0x0000000008005200        0x4
                0x0000000008005200                . = ALIGN (0x4)
                0x0000000008005200                PROVIDE (__init_array_start = .)
 *(SORT_BY_NAME(.init_array.*))
 *(.init_array*)
 .init_array    0x0000000008005200        0x4 c:/st/stm32cubeide_1.0.2/stm32cubeide/plugins/com.st.stm32cube.ide.mcu.externaltools.gnu-tools-for-stm32.10.3-2021.10.win32_1.0.0.202111181127/tools/bin/../lib/gcc/arm-none-eabi/10.3.1/thumb/v7-m/nofp/crtbegin.o
                0x0000000008005204                PROVIDE (__init_array_end = .)
                0x0000000008005204                . = ALIGN (0x4)

.fini_array     0x0000000008005204        0x4
                0x0000000008005204                . = ALIGN (0x4)
                [!provide]                        PROVIDE (__fini_array_start = .)
 *(SORT_BY_NAME(.fini_array.*))
 *(.fini_array*)
 .fini_array    0x0000000008005204        0x4 c:/st/stm32cubeide_1.0.2/stm32cubeide/plugins/com.st.stm32cube.ide.mcu.externaltools.gnu-tools-for-stm32.10.3-2021.10.win32_1.0.0.202111181127/tools/bin/../lib/gcc/arm-none-eabi/10.3.1/thumb/v7-m/nofp/crtbegin.o
                [!provide]                        PROVIDE (__fini_array_end = .)
                0x0000000008005208                . = ALIGN (0x4)
                0x0000000008005208                _sidata = LOADADDR (.data)

.data           0x0000000020000000      0x238 load address 0x0000000008005208
                0x0000000020000000                . = ALIGN (0x4)
                0x0000000020000000                _sdata = .
 *(.data)
 *(.data*)
 .data.SystemCoreClock
                0x0000000020000000        0x4 ./Core/Src/system_stm32f1xx.o
                0x0000000020000000                SystemCoreClock
 .data.uwTickFreq
                0x0000000020000004        0x1 ./Drivers/STM32F1xx_HAL_Driver/Src/stm32f1xx_hal.o
                0x0000000020000004                uwTickFreq
 *fill*         0x0000000020000005        0x3 
 .data.uwTickPrio
                0x0000000020000008        0x4 ./Drivers/STM32F1xx_HAL_Driver/Src/stm32f1xx_hal.o
                0x0000000020000008                uwTickPrio
 .data.HID_MOUSE_ReportDesc
                0x000000002000000c       0xbb ./Middlewares/ST/STM32_USB_Device_Library/Class/HID/Src/usbd_hid.o
 *fill*         0x00000000200000c7        0x1 
 .data.USBD_HID
                0x00000000200000c8       0x38 ./Middlewares/ST/STM32_USB_Device_Library/Class/HID/Src/usbd_hid.o
                0x00000000200000c8                USBD_HID
 .data.USBD_HID_CfgFSDesc
                0x0000000020000100       0x22 ./Middlewares/ST/STM32_USB_Device_Library/Class/HID/Src/usbd_hid.o
 *fill*         0x0000000020000122        0x2 
 .data.USBD_HID_CfgHSDesc
                0x0000000020000124       0x22 ./Middlewares/ST/STM32_USB_Device_Library/Class/HID/Src/usbd_hid.o
 *fill*         0x0000000020000146        0x2 
 .data.USBD_HID_Desc
                0x0000000020000148        0x9 ./Middlewares/ST/STM32_USB_Device_Library/Class/HID/Src/usbd_hid.o
 *fill*         0x0000000020000151        0x3 
 .data.USBD_HID_DeviceQualifierDesc
                0x0000000020000154        0xa ./Middlewares/ST/STM32_USB_Device_Library/Class/HID/Src/usbd_hid.o
 *fill*         0x000000002000015e        0x2 
 .data.USBD_HID_OtherSpeedCfgDesc
                0x0000000020000160       0x22 ./Middlewares/ST/STM32_USB_Device_Library/Class/HID/Src/usbd_hid.o
 *fill*         0x0000000020000182        0x2 
 .data.FS_Desc  0x0000000020000184       0x1c ./USB_DEVICE/App/usbd_desc.o
                0x0000000020000184                FS_Desc
 .data.USBD_FS_DeviceDesc
                0x00000000200001a0       0x12 ./USB_DEVICE/App/usbd_desc.o
                0x00000000200001a0                USBD_FS_DeviceDesc
 *fill*         0x00000000200001b2        0x2 
 .data.USBD_LangIDDesc
                0x00000000200001b4        0x4 ./USB_DEVICE/App/usbd_desc.o
                0x00000000200001b4                USBD_LangIDDesc
 .data.USBD_StringSerial
                0x00000000200001b8       0x1a ./USB_DEVICE/App/usbd_desc.o
                0x00000000200001b8                USBD_StringSerial
 *fill*         0x00000000200001d2        0x2 
 .data._impure_ptr
                0x00000000200001d4        0x4 c:/st/stm32cubeide_1.0.2/stm32cubeide/plugins/com.st.stm32cube.ide.mcu.externaltools.gnu-tools-for-stm32.10.3-2021.10.win32_1.0.0.202111181127/tools/bin/../lib/gcc/arm-none-eabi/10.3.1/../../../../arm-none-eabi/lib/thumb/v7-m/nofp\libc_nano.a(lib_a-impure.o)
                0x00000000200001d4                _impure_ptr
 .data.impure_data
                0x00000000200001d8       0x60 c:/st/stm32cubeide_1.0.2/stm32cubeide/plugins/com.st.stm32cube.ide.mcu.externaltools.gnu-tools-for-stm32.10.3-2021.10.win32_1.0.0.202111181127/tools/bin/../lib/gcc/arm-none-eabi/10.3.1/../../../../arm-none-eabi/lib/thumb/v7-m/nofp\libc_nano.a(lib_a-impure.o)
 *(.RamFunc)
 *(.RamFunc*)
                0x0000000020000238                . = ALIGN (0x4)
                0x0000000020000238                _edata = .

.igot.plt       0x0000000020000238        0x0 load address 0x0000000008005440
 .igot.plt      0x0000000020000238        0x0 c:/st/stm32cubeide_1.0.2/stm32cubeide/plugins/com.st.stm32cube.ide.mcu.externaltools.gnu-tools-for-stm32.10.3-2021.10.win32_1.0.0.202111181127/tools/bin/../lib/gcc/arm-none-eabi/10.3.1/thumb/v7-m/nofp/crtbegin.o
                0x0000000020000238                . = ALIGN (0x4)

.bss            0x0000000020000238      0xb84 load address 0x0000000008005440
                0x0000000020000238                _sbss = .
                0x0000000020000238                __bss_start__ = _sbss
 *(.bss)
 .bss           0x0000000020000238       0x1c c:/st/stm32cubeide_1.0.2/stm32cubeide/plugins/com.st.stm32cube.ide.mcu.externaltools.gnu-tools-for-stm32.10.3-2021.10.win32_1.0.0.202111181127/tools/bin/../lib/gcc/arm-none-eabi/10.3.1/thumb/v7-m/nofp/crtbegin.o
 *(.bss*)
 .bss._ZZ18send_report_to_usbPN12keyboard_api14KeyboardReportEE8krStatic
                0x0000000020000254        0x8 ./Core/Src/keyboard_driver.o
 .bss.outBuffer
                0x000000002000025c       0x80 ./Core/Src/keyboard_driver.o
                0x000000002000025c                outBuffer
 .bss.ps2ScanCodeBuffer
                0x00000000200002dc        0x1 ./Core/Src/keyboard_driver.o
                0x00000000200002dc                ps2ScanCodeBuffer
 *fill*         0x00000000200002dd        0x3 
 .bss.hdma_usart1_rx
                0x00000000200002e0       0x44 ./Core/Src/main.o
                0x00000000200002e0                hdma_usart1_rx
 .bss.huart1    0x0000000020000324       0x40 ./Core/Src/main.o
                0x0000000020000324                huart1
 .bss.huart2    0x0000000020000364       0x40 ./Core/Src/main.o
                0x0000000020000364                huart2
 .bss.__sbrk_heap_end
                0x00000000200003a4        0x4 ./Core/Src/sysmem.o
 .bss.uwTick    0x00000000200003a8        0x4 ./Drivers/STM32F1xx_HAL_Driver/Src/stm32f1xx_hal.o
                0x00000000200003a8                uwTick
 .bss._ZGVZN14macro_keyboard13MacroKeyboard4initEPNS_19MacroKeyboardConfigEE19macroCommandHandler
                0x00000000200003ac        0x4 ./MacroKeyboard/Main/Src/macro_keyboard.o
 .bss._ZGVZN14macro_keyboard13MacroKeyboard4initEPNS_19MacroKeyboardConfigEE21macroOutKeyboardState
                0x00000000200003b0        0x4 ./MacroKeyboard/Main/Src/macro_keyboard.o
 .bss._ZN14macro_keyboard13MacroKeyboard13keyNotHandledE
                0x00000000200003b4        0x1 ./MacroKeyboard/Main/Src/macro_keyboard.o
                0x00000000200003b4                macro_keyboard::MacroKeyboard::keyNotHandled
 *fill*         0x00000000200003b5        0x3 
 .bss._ZN14macro_keyboard13MacroKeyboard13macroExecutorE
                0x00000000200003b8        0x4 ./MacroKeyboard/Main/Src/macro_keyboard.o
                0x00000000200003b8                macro_keyboard::MacroKeyboard::macroExecutor
 .bss._ZN14macro_keyboard13MacroKeyboard14receivePs2DataE
                0x00000000200003bc        0x4 ./MacroKeyboard/Main/Src/macro_keyboard.o
                0x00000000200003bc                macro_keyboard::MacroKeyboard::receivePs2Data
 .bss._ZN14macro_keyboard13MacroKeyboard18inputKeyboardStateE
                0x00000000200003c0        0x4 ./MacroKeyboard/Main/Src/macro_keyboard.o
                0x00000000200003c0                macro_keyboard::MacroKeyboard::inputKeyboardState
 .bss._ZN14macro_keyboard13MacroKeyboard19macroKeyboardConfigE
                0x00000000200003c4        0x4 ./MacroKeyboard/Main/Src/macro_keyboard.o
                0x00000000200003c4                macro_keyboard::MacroKeyboard::macroKeyboardConfig
 .bss._ZZN14macro_keyboard13MacroKeyboard4initEPNS_19MacroKeyboardConfigEE19macroCommandHandler
                0x00000000200003c8        0x4 ./MacroKeyboard/Main/Src/macro_keyboard.o
 .bss._ZZN14macro_keyboard13MacroKeyboard4initEPNS_19MacroKeyboardConfigEE21macroOutKeyboardState
                0x00000000200003cc        0x4 ./MacroKeyboard/Main/Src/macro_keyboard.o
 .bss._ZN12ps2_keyboard17Ps2KeyboardReader12ps2InputHeadE
                0x00000000200003d0        0x1 ./MacroKeyboard/Ps2Keyboard/Src/ps2_keyboard_reader.o
                0x00000000200003d0                ps2_keyboard::Ps2KeyboardReader::ps2InputHead
 .bss._ZN12ps2_keyboard17Ps2KeyboardReader12ps2InputTailE
                0x00000000200003d1        0x1 ./MacroKeyboard/Ps2Keyboard/Src/ps2_keyboard_reader.o
                0x00000000200003d1                ps2_keyboard::Ps2KeyboardReader::ps2InputTail
 .bss._ZN12ps2_keyboard17Ps2KeyboardReader14ps2InputBufferE
                0x00000000200003d2       0x40 ./MacroKeyboard/Ps2Keyboard/Src/ps2_keyboard_reader.o
                0x00000000200003d2                ps2_keyboard::Ps2KeyboardReader::ps2InputBuffer
 .bss._ZN21ps2_to_hid_transcoder9Ps2HidMap17ps2ToHidLookupMapE
                0x0000000020000412       0xe7 ./MacroKeyboard/Ps2ToHidTranscoder/Src/ps2_hid_map.o
                0x0000000020000412                ps2_to_hid_transcoder::Ps2HidMap::ps2ToHidLookupMap
 .bss._ZN21ps2_to_hid_transcoder9Ps2HidMap20ps2ExtToHidLookupMapE
                0x00000000200004f9       0xe1 ./MacroKeyboard/Ps2ToHidTranscoder/Src/ps2_hid_map.o
                0x00000000200004f9                ps2_to_hid_transcoder::Ps2HidMap::ps2ExtToHidLookupMap
 .bss._ZN21ps2_to_hid_transcoder9Ps2HidMap8initDoneE
                0x00000000200005da        0x1 ./MacroKeyboard/Ps2ToHidTranscoder/Src/ps2_hid_map.o
                0x00000000200005da                ps2_to_hid_transcoder::Ps2HidMap::initDone
 *fill*         0x00000000200005db        0x1 
 .bss._ZN10delay_util5Delay10delayProtoE
                0x00000000200005dc        0x4 ./MacroKeyboard/Timer/Src/delay_util.o
                0x00000000200005dc                delay_util::Delay::delayProto
 .bss.cfgidx.0  0x00000000200005e0        0x1 ./Middlewares/ST/STM32_USB_Device_Library/Core/Src/usbd_ctlreq.o
 *fill*         0x00000000200005e1        0x3 
 .bss.hUsbDeviceFS
                0x00000000200005e4      0x2c4 ./USB_DEVICE/App/usb_device.o
                0x00000000200005e4                hUsbDeviceFS
 .bss.USBD_StrDesc
                0x00000000200008a8      0x200 ./USB_DEVICE/App/usbd_desc.o
                0x00000000200008a8                USBD_StrDesc
 .bss.hpcd_USB_FS
                0x0000000020000aa8      0x2ec ./USB_DEVICE/Target/usbd_conf.o
                0x0000000020000aa8                hpcd_USB_FS
 .bss.mem.0     0x0000000020000d94       0x14 ./USB_DEVICE/Target/usbd_conf.o
 .bss._ZN12_GLOBAL__N_113__new_handlerE
                0x0000000020000da8        0x4 c:/st/stm32cubeide_1.0.2/stm32cubeide/plugins/com.st.stm32cube.ide.mcu.externaltools.gnu-tools-for-stm32.10.3-2021.10.win32_1.0.0.202111181127/tools/bin/../lib/gcc/arm-none-eabi/10.3.1/../../../../arm-none-eabi/lib/thumb/v7-m/nofp\libstdc++_nano.a(new_handler.o)
 .bss.__malloc_free_list
                0x0000000020000dac        0x4 c:/st/stm32cubeide_1.0.2/stm32cubeide/plugins/com.st.stm32cube.ide.mcu.externaltools.gnu-tools-for-stm32.10.3-2021.10.win32_1.0.0.202111181127/tools/bin/../lib/gcc/arm-none-eabi/10.3.1/../../../../arm-none-eabi/lib/thumb/v7-m/nofp\libc_nano.a(lib_a-nano-mallocr.o)
                0x0000000020000dac                __malloc_free_list
 .bss.__malloc_sbrk_start
                0x0000000020000db0        0x4 c:/st/stm32cubeide_1.0.2/stm32cubeide/plugins/com.st.stm32cube.ide.mcu.externaltools.gnu-tools-for-stm32.10.3-2021.10.win32_1.0.0.202111181127/tools/bin/../lib/gcc/arm-none-eabi/10.3.1/../../../../arm-none-eabi/lib/thumb/v7-m/nofp\libc_nano.a(lib_a-nano-mallocr.o)
                0x0000000020000db0                __malloc_sbrk_start
 .bss.errno     0x0000000020000db4        0x4 c:/st/stm32cubeide_1.0.2/stm32cubeide/plugins/com.st.stm32cube.ide.mcu.externaltools.gnu-tools-for-stm32.10.3-2021.10.win32_1.0.0.202111181127/tools/bin/../lib/gcc/arm-none-eabi/10.3.1/../../../../arm-none-eabi/lib/thumb/v7-m/nofp\libc_nano.a(lib_a-reent.o)
                0x0000000020000db4                errno
 .bss.__lock___malloc_recursive_mutex
                0x0000000020000db8        0x1 c:/st/stm32cubeide_1.0.2/stm32cubeide/plugins/com.st.stm32cube.ide.mcu.externaltools.gnu-tools-for-stm32.10.3-2021.10.win32_1.0.0.202111181127/tools/bin/../lib/gcc/arm-none-eabi/10.3.1/../../../../arm-none-eabi/lib/thumb/v7-m/nofp\libc_nano.a(lib_a-lock.o)
                0x0000000020000db8                __lock___malloc_recursive_mutex
 *(COMMON)
                0x0000000020000dbc                . = ALIGN (0x4)
 *fill*         0x0000000020000db9        0x3 
                0x0000000020000dbc                _ebss = .
                0x0000000020000dbc                __bss_end__ = _ebss

._user_heap_stack
                0x0000000020000dbc      0x604 load address 0x0000000008005440
                0x0000000020000dc0                . = ALIGN (0x8)
 *fill*         0x0000000020000dbc        0x4 
                [!provide]                        PROVIDE (end = .)
                0x0000000020000dc0                PROVIDE (_end = .)
                0x0000000020000fc0                . = (. + _Min_Heap_Size)
 *fill*         0x0000000020000dc0      0x200 
                0x00000000200013c0                . = (. + _Min_Stack_Size)
 *fill*         0x0000000020000fc0      0x400 
                0x00000000200013c0                . = ALIGN (0x8)

/DISCARD/
 libc.a(*)
 libm.a(*)
 libgcc.a(*)

.ARM.attributes
                0x0000000000000000       0x29
 *(.ARM.attributes)
 .ARM.attributes
                0x0000000000000000       0x1d c:/st/stm32cubeide_1.0.2/stm32cubeide/plugins/com.st.stm32cube.ide.mcu.externaltools.gnu-tools-for-stm32.10.3-2021.10.win32_1.0.0.202111181127/tools/bin/../lib/gcc/arm-none-eabi/10.3.1/thumb/v7-m/nofp/crti.o
 .ARM.attributes
                0x000000000000001d       0x2d c:/st/stm32cubeide_1.0.2/stm32cubeide/plugins/com.st.stm32cube.ide.mcu.externaltools.gnu-tools-for-stm32.10.3-2021.10.win32_1.0.0.202111181127/tools/bin/../lib/gcc/arm-none-eabi/10.3.1/thumb/v7-m/nofp/crtbegin.o
 .ARM.attributes
                0x000000000000004a       0x2d ./Core/Src/keyboard_driver.o
 .ARM.attributes
                0x0000000000000077       0x2d ./Core/Src/main.o
 .ARM.attributes
                0x00000000000000a4       0x2d ./Core/Src/stm32f1xx_hal_msp.o
 .ARM.attributes
                0x00000000000000d1       0x2d ./Core/Src/stm32f1xx_it.o
 .ARM.attributes
                0x00000000000000fe       0x2d ./Core/Src/syscalls.o
 .ARM.attributes
                0x000000000000012b       0x2d ./Core/Src/sysmem.o
 .ARM.attributes
                0x0000000000000158       0x2d ./Core/Src/system_stm32f1xx.o
 .ARM.attributes
                0x0000000000000185       0x21 ./Core/Startup/startup_stm32f103c8tx.o
 .ARM.attributes
                0x00000000000001a6       0x2d ./Drivers/STM32F1xx_HAL_Driver/Src/stm32f1xx_hal.o
 .ARM.attributes
                0x00000000000001d3       0x2d ./Drivers/STM32F1xx_HAL_Driver/Src/stm32f1xx_hal_cortex.o
 .ARM.attributes
                0x0000000000000200       0x2d ./Drivers/STM32F1xx_HAL_Driver/Src/stm32f1xx_hal_dma.o
 .ARM.attributes
                0x000000000000022d       0x2d ./Drivers/STM32F1xx_HAL_Driver/Src/stm32f1xx_hal_gpio.o
 .ARM.attributes
                0x000000000000025a       0x2d ./Drivers/STM32F1xx_HAL_Driver/Src/stm32f1xx_hal_pcd.o
 .ARM.attributes
                0x0000000000000287       0x2d ./Drivers/STM32F1xx_HAL_Driver/Src/stm32f1xx_hal_pcd_ex.o
 .ARM.attributes
                0x00000000000002b4       0x2d ./Drivers/STM32F1xx_HAL_Driver/Src/stm32f1xx_hal_rcc.o
 .ARM.attributes
                0x00000000000002e1       0x2d ./Drivers/STM32F1xx_HAL_Driver/Src/stm32f1xx_hal_rcc_ex.o
 .ARM.attributes
                0x000000000000030e       0x2d ./Drivers/STM32F1xx_HAL_Driver/Src/stm32f1xx_hal_uart.o
 .ARM.attributes
                0x000000000000033b       0x2d ./Drivers/STM32F1xx_HAL_Driver/Src/stm32f1xx_ll_usb.o
 .ARM.attributes
                0x0000000000000368       0x2d ./MacroKeyboard/AsciiToHidTranscoder/Src/ascii_to_hid.o
 .ARM.attributes
                0x0000000000000395       0x2d ./MacroKeyboard/HidKeyboard/Src/hid_keyboard_state.o
 .ARM.attributes
                0x00000000000003c2       0x2d ./MacroKeyboard/HidKeyboard/Src/hid_keyboard_state_util.o
 .ARM.attributes
                0x00000000000003ef       0x2d ./MacroKeyboard/Macro/Src/macro_command_handler.o
 .ARM.attributes
                0x000000000000041c       0x2d ./MacroKeyboard/Macro/Src/macro_executor.o
 .ARM.attributes
                0x0000000000000449       0x2d ./MacroKeyboard/Macro/Src/macro_finder.o
 .ARM.attributes
                0x0000000000000476       0x2d ./MacroKeyboard/Macro/Src/macro_util.o
 .ARM.attributes
                0x00000000000004a3       0x2d ./MacroKeyboard/Main/Src/macro_keyboard.o
 .ARM.attributes
                0x00000000000004d0       0x2d ./MacroKeyboard/Memory/Src/memory_reader.o
 .ARM.attributes
                0x00000000000004fd       0x2d ./MacroKeyboard/Memory/Src/relative_memory_access.o
 .ARM.attributes
                0x000000000000052a       0x2d ./MacroKeyboard/Ps2Keyboard/Src/ps2_keyboard_reader.o
 .ARM.attributes
                0x0000000000000557       0x2d ./MacroKeyboard/Ps2ToHidTranscoder/Src/ps2_hid_map.o
 .ARM.attributes
                0x0000000000000584       0x2d ./MacroKeyboard/Ps2ToHidTranscoder/Src/ps2_to_hid_transcoder.o
 .ARM.attributes
                0x00000000000005b1       0x2d ./MacroKeyboard/Timer/Src/delay_util.o
 .ARM.attributes
                0x00000000000005de       0x2d ./Middlewares/ST/STM32_USB_Device_Library/Class/HID/Src/usbd_hid.o
 .ARM.attributes
                0x000000000000060b       0x2d ./Middlewares/ST/STM32_USB_Device_Library/Core/Src/usbd_core.o
 .ARM.attributes
                0x0000000000000638       0x2d ./Middlewares/ST/STM32_USB_Device_Library/Core/Src/usbd_ctlreq.o
 .ARM.attributes
                0x0000000000000665       0x2d ./Middlewares/ST/STM32_USB_Device_Library/Core/Src/usbd_ioreq.o
 .ARM.attributes
                0x0000000000000692       0x2d ./USB_DEVICE/App/usb_device.o
 .ARM.attributes
                0x00000000000006bf       0x2d ./USB_DEVICE/App/usbd_desc.o
 .ARM.attributes
                0x00000000000006ec       0x2d ./USB_DEVICE/Target/usbd_conf.o
 .ARM.attributes
                0x0000000000000719       0x2d c:/st/stm32cubeide_1.0.2/stm32cubeide/plugins/com.st.stm32cube.ide.mcu.externaltools.gnu-tools-for-stm32.10.3-2021.10.win32_1.0.0.202111181127/tools/bin/../lib/gcc/arm-none-eabi/10.3.1/../../../../arm-none-eabi/lib/thumb/v7-m/nofp\libstdc++_nano.a(guard.o)
 .ARM.attributes
                0x0000000000000746       0x2d c:/st/stm32cubeide_1.0.2/stm32cubeide/plugins/com.st.stm32cube.ide.mcu.externaltools.gnu-tools-for-stm32.10.3-2021.10.win32_1.0.0.202111181127/tools/bin/../lib/gcc/arm-none-eabi/10.3.1/../../../../arm-none-eabi/lib/thumb/v7-m/nofp\libstdc++_nano.a(new_op.o)
 .ARM.attributes
                0x0000000000000773       0x2d c:/st/stm32cubeide_1.0.2/stm32cubeide/plugins/com.st.stm32cube.ide.mcu.externaltools.gnu-tools-for-stm32.10.3-2021.10.win32_1.0.0.202111181127/tools/bin/../lib/gcc/arm-none-eabi/10.3.1/../../../../arm-none-eabi/lib/thumb/v7-m/nofp\libstdc++_nano.a(new_handler.o)
 .ARM.attributes
                0x00000000000007a0       0x2d c:/st/stm32cubeide_1.0.2/stm32cubeide/plugins/com.st.stm32cube.ide.mcu.externaltools.gnu-tools-for-stm32.10.3-2021.10.win32_1.0.0.202111181127/tools/bin/../lib/gcc/arm-none-eabi/10.3.1/../../../../arm-none-eabi/lib/thumb/v7-m/nofp\libc_nano.a(lib_a-abort.o)
 .ARM.attributes
                0x00000000000007cd       0x2d c:/st/stm32cubeide_1.0.2/stm32cubeide/plugins/com.st.stm32cube.ide.mcu.externaltools.gnu-tools-for-stm32.10.3-2021.10.win32_1.0.0.202111181127/tools/bin/../lib/gcc/arm-none-eabi/10.3.1/../../../../arm-none-eabi/lib/thumb/v7-m/nofp\libc_nano.a(lib_a-errno.o)
 .ARM.attributes
                0x00000000000007fa       0x2d c:/st/stm32cubeide_1.0.2/stm32cubeide/plugins/com.st.stm32cube.ide.mcu.externaltools.gnu-tools-for-stm32.10.3-2021.10.win32_1.0.0.202111181127/tools/bin/../lib/gcc/arm-none-eabi/10.3.1/../../../../arm-none-eabi/lib/thumb/v7-m/nofp\libc_nano.a(lib_a-impure.o)
 .ARM.attributes
                0x0000000000000827       0x2d c:/st/stm32cubeide_1.0.2/stm32cubeide/plugins/com.st.stm32cube.ide.mcu.externaltools.gnu-tools-for-stm32.10.3-2021.10.win32_1.0.0.202111181127/tools/bin/../lib/gcc/arm-none-eabi/10.3.1/../../../../arm-none-eabi/lib/thumb/v7-m/nofp\libc_nano.a(lib_a-init.o)
 .ARM.attributes